Archive member included to satisfy reference by file (symbol)

D:/SoftWare/STM32CUBEMX/STM32CubeIDE_1.16.1/STM32CubeIDE/plugins/com.st.stm32cube.ide.mcu.externaltools.gnu-tools-for-stm32.12.3.rel1.win32_1.0.200.202406191623/tools/bin/../lib/gcc/arm-none-eabi/12.3.1/../../../../arm-none-eabi/lib/thumb/v7e-m+dp/hard\libc_nano.a(libc_a-exit.o)
                              D:/SoftWare/STM32CUBEMX/STM32CubeIDE_1.16.1/STM32CubeIDE/plugins/com.st.stm32cube.ide.mcu.externaltools.gnu-tools-for-stm32.12.3.rel1.win32_1.0.200.202406191623/tools/bin/../lib/gcc/arm-none-eabi/12.3.1/../../../../arm-none-eabi/lib/thumb/v7e-m+dp/hard/crt0.o (exit)
D:/SoftWare/STM32CUBEMX/STM32CubeIDE_1.16.1/STM32CubeIDE/plugins/com.st.stm32cube.ide.mcu.externaltools.gnu-tools-for-stm32.12.3.rel1.win32_1.0.200.202406191623/tools/bin/../lib/gcc/arm-none-eabi/12.3.1/../../../../arm-none-eabi/lib/thumb/v7e-m+dp/hard\libc_nano.a(libc_a-malloc.o)
                              ./Hardware/SCSLib/SCS.o (malloc)
D:/SoftWare/STM32CUBEMX/STM32CubeIDE_1.16.1/STM32CubeIDE/plugins/com.st.stm32cube.ide.mcu.externaltools.gnu-tools-for-stm32.12.3.rel1.win32_1.0.200.202406191623/tools/bin/../lib/gcc/arm-none-eabi/12.3.1/../../../../arm-none-eabi/lib/thumb/v7e-m+dp/hard\libc_nano.a(libc_a-mallocr.o)
                              D:/SoftWare/STM32CUBEMX/STM32CubeIDE_1.16.1/STM32CubeIDE/plugins/com.st.stm32cube.ide.mcu.externaltools.gnu-tools-for-stm32.12.3.rel1.win32_1.0.200.202406191623/tools/bin/../lib/gcc/arm-none-eabi/12.3.1/../../../../arm-none-eabi/lib/thumb/v7e-m+dp/hard\libc_nano.a(libc_a-malloc.o) (_malloc_r)
D:/SoftWare/STM32CUBEMX/STM32CubeIDE_1.16.1/STM32CubeIDE/plugins/com.st.stm32cube.ide.mcu.externaltools.gnu-tools-for-stm32.12.3.rel1.win32_1.0.200.202406191623/tools/bin/../lib/gcc/arm-none-eabi/12.3.1/../../../../arm-none-eabi/lib/thumb/v7e-m+dp/hard\libc_nano.a(libc_a-mlock.o)
                              D:/SoftWare/STM32CUBEMX/STM32CubeIDE_1.16.1/STM32CubeIDE/plugins/com.st.stm32cube.ide.mcu.externaltools.gnu-tools-for-stm32.12.3.rel1.win32_1.0.200.202406191623/tools/bin/../lib/gcc/arm-none-eabi/12.3.1/../../../../arm-none-eabi/lib/thumb/v7e-m+dp/hard\libc_nano.a(libc_a-mallocr.o) (__malloc_lock)
D:/SoftWare/STM32CUBEMX/STM32CubeIDE_1.16.1/STM32CubeIDE/plugins/com.st.stm32cube.ide.mcu.externaltools.gnu-tools-for-stm32.12.3.rel1.win32_1.0.200.202406191623/tools/bin/../lib/gcc/arm-none-eabi/12.3.1/../../../../arm-none-eabi/lib/thumb/v7e-m+dp/hard\libc_nano.a(libc_a-strtod.o)
                              ./Hardware/Joy_Interface/Joy_Interface.o (strtof)
D:/SoftWare/STM32CUBEMX/STM32CubeIDE_1.16.1/STM32CubeIDE/plugins/com.st.stm32cube.ide.mcu.externaltools.gnu-tools-for-stm32.12.3.rel1.win32_1.0.200.202406191623/tools/bin/../lib/gcc/arm-none-eabi/12.3.1/../../../../arm-none-eabi/lib/thumb/v7e-m+dp/hard\libc_nano.a(libc_a-nano-vfprintf_float.o)
                              (_printf_float)
D:/SoftWare/STM32CUBEMX/STM32CubeIDE_1.16.1/STM32CubeIDE/plugins/com.st.stm32cube.ide.mcu.externaltools.gnu-tools-for-stm32.12.3.rel1.win32_1.0.200.202406191623/tools/bin/../lib/gcc/arm-none-eabi/12.3.1/../../../../arm-none-eabi/lib/thumb/v7e-m+dp/hard\libc_nano.a(libc_a-nano-vfprintf_i.o)
                              D:/SoftWare/STM32CUBEMX/STM32CubeIDE_1.16.1/STM32CubeIDE/plugins/com.st.stm32cube.ide.mcu.externaltools.gnu-tools-for-stm32.12.3.rel1.win32_1.0.200.202406191623/tools/bin/../lib/gcc/arm-none-eabi/12.3.1/../../../../arm-none-eabi/lib/thumb/v7e-m+dp/hard\libc_nano.a(libc_a-nano-vfprintf_float.o) (_printf_common)
D:/SoftWare/STM32CUBEMX/STM32CubeIDE_1.16.1/STM32CubeIDE/plugins/com.st.stm32cube.ide.mcu.externaltools.gnu-tools-for-stm32.12.3.rel1.win32_1.0.200.202406191623/tools/bin/../lib/gcc/arm-none-eabi/12.3.1/../../../../arm-none-eabi/lib/thumb/v7e-m+dp/hard\libc_nano.a(libc_a-nano-vfscanf_float.o)
                              (_scanf_float)
D:/SoftWare/STM32CUBEMX/STM32CubeIDE_1.16.1/STM32CubeIDE/plugins/com.st.stm32cube.ide.mcu.externaltools.gnu-tools-for-stm32.12.3.rel1.win32_1.0.200.202406191623/tools/bin/../lib/gcc/arm-none-eabi/12.3.1/../../../../arm-none-eabi/lib/thumb/v7e-m+dp/hard\libc_nano.a(libc_a-findfp.o)
                              D:/SoftWare/STM32CUBEMX/STM32CubeIDE_1.16.1/STM32CubeIDE/plugins/com.st.stm32cube.ide.mcu.externaltools.gnu-tools-for-stm32.12.3.rel1.win32_1.0.200.202406191623/tools/bin/../lib/gcc/arm-none-eabi/12.3.1/../../../../arm-none-eabi/lib/thumb/v7e-m+dp/hard\libc_nano.a(libc_a-exit.o) (__stdio_exit_handler)
D:/SoftWare/STM32CUBEMX/STM32CubeIDE_1.16.1/STM32CubeIDE/plugins/com.st.stm32cube.ide.mcu.externaltools.gnu-tools-for-stm32.12.3.rel1.win32_1.0.200.202406191623/tools/bin/../lib/gcc/arm-none-eabi/12.3.1/../../../../arm-none-eabi/lib/thumb/v7e-m+dp/hard\libc_nano.a(libc_a-fwalk.o)
[...]
Memory Configuration

Name             Origin             Length             Attributes
ITCMRAM          0x00000000         0x00010000         xrw
DTCMRAM          0x20000000         0x00020000         xrw
FLASH            0x08000000         0x00100000         xr
RAM_D1           0x24000000         0x00050000         xrw
RAM_D2           0x30000000         0x00008000         xrw
RAM_D3           0x38000000         0x00004000         xrw
*default*        0x00000000         0xffffffff

Linker script and memory map

LOAD D:/SoftWare/STM32CUBEMX/STM32CubeIDE_1.16.1/STM32CubeIDE/plugins/com.st.stm32cube.ide.mcu.externaltools.gnu-tools-for-stm32.12.3.rel1.win32_1.0.200.202406191623/tools/bin/../lib/gcc/arm-none-eabi/12.3.1/thumb/v7e-m+dp/hard/crti.o
LOAD D:/SoftWare/STM32CUBEMX/STM32CubeIDE_1.16.1/STM32CubeIDE/plugins/com.st.stm32cube.ide.mcu.externaltools.gnu-tools-for-stm32.12.3.rel1.win32_1.0.200.202406191623/tools/bin/../lib/gcc/arm-none-eabi/12.3.1/thumb/v7e-m+dp/hard/crtbegin.o
LOAD D:/SoftWare/STM32CUBEMX/STM32CubeIDE_1.16.1/STM32CubeIDE/plugins/com.st.stm32cube.ide.mcu.externaltools.gnu-tools-for-stm32.12.3.rel1.win32_1.0.200.202406191623/tools/bin/../lib/gcc/arm-none-eabi/12.3.1/../../../../arm-none-eabi/lib/thumb/v7e-m+dp/hard/crt0.o
LOAD ./Core/Src/fdcan.o
LOAD ./Core/Src/gpio.o
LOAD ./Core/Src/main.o
LOAD ./Core/Src/memorymap.o
LOAD ./Core/Src/stm32h7xx_hal_msp.o
LOAD ./Core/Src/stm32h7xx_it.o
LOAD ./Core/Src/syscalls.o
LOAD ./Core/Src/sysmem.o
LOAD ./Core/Src/system_stm32h7xx.o
LOAD ./Core/Src/tim.o
LOAD ./Core/Src/usart.o
LOAD ./Core/Startup/startup_stm32h723vgtx.o
LOAD ./Drivers/STM32H7xx_HAL_Driver/Src/stm32h7xx_hal.o
LOAD ./Drivers/STM32H7xx_HAL_Driver/Src/stm32h7xx_hal_cortex.o
LOAD ./Drivers/STM32H7xx_HAL_Driver/Src/stm32h7xx_hal_dma.o
LOAD ./Drivers/STM32H7xx_HAL_Driver/Src/stm32h7xx_hal_dma_ex.o
LOAD ./Drivers/STM32H7xx_HAL_Driver/Src/stm32h7xx_hal_exti.o
LOAD ./Drivers/STM32H7xx_HAL_Driver/Src/stm32h7xx_hal_fdcan.o
LOAD ./Drivers/STM32H7xx_HAL_Driver/Src/stm32h7xx_hal_flash.o
LOAD ./Drivers/STM32H7xx_HAL_Driver/Src/stm32h7xx_hal_flash_ex.o
LOAD ./Drivers/STM32H7xx_HAL_Driver/Src/stm32h7xx_hal_gpio.o
LOAD ./Drivers/STM32H7xx_HAL_Driver/Src/stm32h7xx_hal_hsem.o
LOAD ./Drivers/STM32H7xx_HAL_Driver/Src/stm32h7xx_hal_i2c.o
LOAD ./Drivers/STM32H7xx_HAL_Driver/Src/stm32h7xx_hal_i2c_ex.o
LOAD ./Drivers/STM32H7xx_HAL_Driver/Src/stm32h7xx_hal_mdma.o
LOAD ./Drivers/STM32H7xx_HAL_Driver/Src/stm32h7xx_hal_pwr.o
LOAD ./Drivers/STM32H7xx_HAL_Driver/Src/stm32h7xx_hal_pwr_ex.o
LOAD ./Drivers/STM32H7xx_HAL_Driver/Src/stm32h7xx_hal_rcc.o
LOAD ./Drivers/STM32H7xx_HAL_Driver/Src/stm32h7xx_hal_rcc_ex.o
LOAD ./Drivers/STM32H7xx_HAL_Driver/Src/stm32h7xx_hal_tim.o
LOAD ./Drivers/STM32H7xx_HAL_Driver/Src/stm32h7xx_hal_tim_ex.o
LOAD ./Drivers/STM32H7xx_HAL_Driver/Src/stm32h7xx_hal_uart.o
LOAD ./Drivers/STM32H7xx_HAL_Driver/Src/stm32h7xx_hal_uart_ex.o
LOAD ./Hardware/Action/Action.o
LOAD ./Hardware/Arm/Arm.o
LOAD ./Hardware/Emm_V5/Emm_V5.o
LOAD ./Hardware/HWT101CT/HWT101CT.o
LOAD ./Hardware/Joy_Interface/Joy_Interface.o
LOAD ./Hardware/Location/Location.o
LOAD ./Hardware/Run/Run.o
LOAD ./Hardware/SCSLib/SCS.o
LOAD ./Hardware/SCSLib/SCS_Uart.o
LOAD ./Hardware/SCSLib/SCSerial.o
LOAD ./Hardware/SCSLib/SMS_STS.o
LOAD ./Hardware/SCSLib/SyncRead.o
LOAD ./Hardware/Screen/Screen.o
LOAD ./Hardware/Stability/Stability.o
LOAD ./Hardware/TX/Tx.o
LOAD ./Hardware/Time/Time.o
START GROUP
LOAD D:/SoftWare/STM32CUBEMX/STM32CubeIDE_1.16.1/STM32CubeIDE/plugins/com.st.stm32cube.ide.mcu.externaltools.gnu-tools-for-stm32.12.3.rel1.win32_1.0.200.202406191623/tools/bin/../lib/gcc/arm-none-eabi/12.3.1/../../../../arm-none-eabi/lib/thumb/v7e-m+dp/hard\libc_nano.a
LOAD D:/SoftWare/STM32CUBEMX/STM32CubeIDE_1.16.1/STM32CubeIDE/plugins/com.st.stm32cube.ide.mcu.externaltools.gnu-tools-for-stm32.12.3.rel1.win32_1.0.200.202406191623/tools/bin/../lib/gcc/arm-none-eabi/12.3.1/../../../../arm-none-eabi/lib/thumb/v7e-m+dp/hard\libm.a
END GROUP
START GROUP
LOAD D:/SoftWare/STM32CUBEMX/STM32CubeIDE_1.16.1/STM32CubeIDE/plugins/com.st.stm32cube.ide.mcu.externaltools.gnu-tools-for-stm32.12.3.rel1.win32_1.0.200.202406191623/tools/bin/../lib/gcc/arm-none-eabi/12.3.1/thumb/v7e-m+dp/hard\libgcc.a
LOAD D:/SoftWare/STM32CUBEMX/STM32CubeIDE_1.16.1/STM32CubeIDE/plugins/com.st.stm32cube.ide.mcu.externaltools.gnu-tools-for-stm32.12.3.rel1.win32_1.0.200.202406191623/tools/bin/../lib/gcc/arm-none-eabi/12.3.1/../../../../arm-none-eabi/lib/thumb/v7e-m+dp/hard\libc_nano.a
END GROUP
START GROUP
LOAD D:/SoftWare/STM32CUBEMX/STM32CubeIDE_1.16.1/STM32CubeIDE/plugins/com.st.stm32cube.ide.mcu.externaltools.gnu-tools-for-stm32.12.3.rel1.win32_1.0.200.202406191623/tools/bin/../lib/gcc/arm-none-eabi/12.3.1/thumb/v7e-m+dp/hard\libgcc.a
LOAD D:/SoftWare/STM32CUBEMX/STM32CubeIDE_1.16.1/STM32CubeIDE/plugins/com.st.stm32cube.ide.mcu.externaltools.gnu-tools-for-stm32.12.3.rel1.win32_1.0.200.202406191623/tools/bin/../lib/gcc/arm-none-eabi/12.3.1/../../../../arm-none-eabi/lib/thumb/v7e-m+dp/hard\libc_nano.a
LOAD D:/SoftWare/STM32CUBEMX/STM32CubeIDE_1.16.1/STM32CubeIDE/plugins/com.st.stm32cube.ide.mcu.externaltools.gnu-tools-for-stm32.12.3.rel1.win32_1.0.200.202406191623/tools/bin/../lib/gcc/arm-none-eabi/12.3.1/../../../../arm-none-eabi/lib/thumb/v7e-m+dp/hard\libnosys.a
END GROUP
START GROUP
LOAD D:/SoftWare/STM32CUBEMX/STM32CubeIDE_1.16.1/STM32CubeIDE/plugins/com.st.stm32cube.ide.mcu.externaltools.gnu-tools-for-stm32.12.3.rel1.win32_1.0.200.202406191623/tools/bin/../lib/gcc/arm-none-eabi/12.3.1/thumb/v7e-m+dp/hard\libgcc.a
LOAD D:/SoftWare/STM32CUBEMX/STM32CubeIDE_1.16.1/STM32CubeIDE/plugins/com.st.stm32cube.ide.mcu.externaltools.gnu-tools-for-stm32.12.3.rel1.win32_1.0.200.202406191623/tools/bin/../lib/gcc/arm-none-eabi/12.3.1/../../../../arm-none-eabi/lib/thumb/v7e-m+dp/hard\libc_nano.a
LOAD D:/SoftWare/STM32CUBEMX/STM32CubeIDE_1.16.1/STM32CubeIDE/plugins/com.st.stm32cube.ide.mcu.externaltools.gnu-tools-for-stm32.12.3.rel1.win32_1.0.200.202406191623/tools/bin/../lib/gcc/arm-none-eabi/12.3.1/../../../../arm-none-eabi/lib/thumb/v7e-m+dp/hard\libnosys.a
END GROUP
LOAD D:/SoftWare/STM32CUBEMX/STM32CubeIDE_1.16.1/STM32CubeIDE/plugins/com.st.stm32cube.ide.mcu.externaltools.gnu-tools-for-stm32.12.3.rel1.win32_1.0.200.202406191623/tools/bin/../lib/gcc/arm-none-eabi/12.3.1/thumb/v7e-m+dp/hard/crtend.o
LOAD D:/SoftWare/STM32CUBEMX/STM32CubeIDE_1.16.1/STM32CubeIDE/plugins/com.st.stm32cube.ide.mcu.externaltools.gnu-tools-for-stm32.12.3.rel1.win32_1.0.200.202406191623/tools/bin/../lib/gcc/arm-none-eabi/12.3.1/thumb/v7e-m+dp/hard/crtn.o
                0x24050000                        _estack = (ORIGIN (RAM_D1) + LENGTH (RAM_D1))
                0x00000200                        _Min_Heap_Size = 0x200
                0x00000400                        _Min_Stack_Size = 0x400

.isr_vector     0x08000000      0x2cc
                0x08000000                        . = ALIGN (0x4)
 *(.isr_vector)
 .isr_vector    0x08000000      0x2cc ./Core/Startup/startup_stm32h723vgtx.o
                0x08000000                g_pfnVectors
                0x080002cc                        . = ALIGN (0x4)

.text           0x080002d0    0x12d94
                0x080002d0                        . = ALIGN (0x4)
 *(.text)
 .text          0x080002d0       0x40 D:/SoftWare/STM32CUBEMX/STM32CubeIDE_1.16.1/STM32CubeIDE/plugins/com.st.stm32cube.ide.mcu.externaltools.gnu-tools-for-stm32.12.3.rel1.win32_1.0.200.202406191623/tools/bin/../lib/gcc/arm-none-eabi/12.3.1/thumb/v7e-m+dp/hard/crtbegin.o
 .text          0x08000310       0xa0 D:/SoftWare/STM32CUBEMX/STM32CubeIDE_1.16.1/STM32CubeIDE/plugins/com.st.stm32cube.ide.mcu.externaltools.gnu-tools-for-stm32.12.3.rel1.win32_1.0.200.202406191623/tools/bin/../lib/gcc/arm-none-eabi/12.3.1/../../../../arm-none-eabi/lib/thumb/v7e-m+dp/hard\libc_nano.a(libc_a-memchr.o)
                0x08000310                memchr
 .text          0x080003b0       0x10 D:/SoftWare/STM32CUBEMX/STM32CubeIDE_1.16.1/STM32CubeIDE/plugins/com.st.stm32cube.ide.mcu.externaltools.gnu-tools-for-stm32.12.3.rel1.win32_1.0.200.202406191623/tools/bin/../lib/gcc/arm-none-eabi/12.3.1/../../../../arm-none-eabi/lib/thumb/v7e-m+dp/hard\libc_nano.a(libc_a-strlen.o)
                0x080003b0                strlen
 .text          0x080003c0      0x378 D:/SoftWare/STM32CUBEMX/STM32CubeIDE_1.16.1/STM32CubeIDE/plugins/com.st.stm32cube.ide.mcu.externaltools.gnu-tools-for-stm32.12.3.rel1.win32_1.0.200.202406191623/tools/bin/../lib/gcc/arm-none-eabi/12.3.1/thumb/v7e-m+dp/hard\libgcc.a(_arm_addsubdf3.o)
                0x080003c0                __aeabi_drsub
                0x080003c8                __aeabi_dsub
                0x080003c8                __subdf3
                0x080003cc                __aeabi_dadd
                0x080003cc                __adddf3
                0x08000644                __floatunsidf
                0x08000644                __aeabi_ui2d
                0x08000664                __floatsidf
                0x08000664                __aeabi_i2d
                0x08000688                __aeabi_f2d
                0x08000688                __extendsfdf2
                0x080006cc                __floatundidf
                0x080006cc                __aeabi_ul2d
                0x080006dc                __floatdidf
                0x080006dc                __aeabi_l2d
 .text          0x08000738       0x30 D:/SoftWare/STM32CUBEMX/STM32CubeIDE_1.16.1/STM32CubeIDE/plugins/com.st.stm32cube.ide.mcu.externaltools.gnu-tools-for-stm32.12.3.rel1.win32_1.0.200.202406191623/tools/bin/../lib/gcc/arm-none-eabi/12.3.1/thumb/v7e-m+dp/hard\libgcc.a(_aeabi_uldivmod.o)
                0x08000738                __aeabi_uldivmod
 .text          0x08000768       0x30 D:/SoftWare/STM32CUBEMX/STM32CubeIDE_1.16.1/STM32CubeIDE/plugins/com.st.stm32cube.ide.mcu.externaltools.gnu-tools-for-stm32.12.3.rel1.win32_1.0.200.202406191623/tools/bin/../lib/gcc/arm-none-eabi/12.3.1/thumb/v7e-m+dp/hard\libgcc.a(_fixdfdi.o)
                0x08000768                __fixdfdi
                0x08000768                __aeabi_d2lz
 .text          0x08000798       0x40 D:/SoftWare/STM32CUBEMX/STM32CubeIDE_1.16.1/STM32CubeIDE/plugins/com.st.stm32cube.ide.mcu.externaltools.gnu-tools-for-stm32.12.3.rel1.win32_1.0.200.202406191623/tools/bin/../lib/gcc/arm-none-eabi/12.3.1/thumb/v7e-m+dp/hard\libgcc.a(_fixunsdfdi.o)
                0x08000798                __fixunsdfdi
                0x08000798                __aeabi_d2ulz
 .text          0x080007d8      0x2bc D:/SoftWare/STM32CUBEMX/STM32CubeIDE_1.16.1/STM32CubeIDE/plugins/com.st.stm32cube.ide.mcu.externaltools.gnu-tools-for-stm32.12.3.rel1.win32_1.0.200.202406191623/tools/bin/../lib/gcc/arm-none-eabi/12.3.1/thumb/v7e-m+dp/hard\libgcc.a(_udivmoddi4.o)
                0x080007d8                __udivmoddi4
 .text          0x08000a94        0x4 D:/SoftWare/STM32CUBEMX/STM32CubeIDE_1.16.1/STM32CubeIDE/plugins/com.st.stm32cube.ide.mcu.externaltools.gnu-tools-for-stm32.12.3.rel1.win32_1.0.200.202406191623/tools/bin/../lib/gcc/arm-none-eabi/12.3.1/thumb/v7e-m+dp/hard\libgcc.a(_dvmd_tls.o)
                0x08000a94                __aeabi_idiv0
                0x08000a94                __aeabi_ldiv0
 *(.text*)
 .text.MX_FDCAN1_Init
                0x08000a98      0x120 ./Core/Src/fdcan.o
                0x08000a98                MX_FDCAN1_Init
 .text.HAL_FDCAN_MspInit
                0x08000bb8       0xe0 ./Core/Src/fdcan.o
                0x08000bb8                HAL_FDCAN_MspInit
 .text.FDCAN_Send_Msg
                0x08000c98      0x160 ./Core/Src/fdcan.o
                0x08000c98                FDCAN_Send_Msg
 .text.HAL_FDCAN_RxFifo0Callback
                0x08000df8      0x104 ./Core/Src/fdcan.o
                0x08000df8                HAL_FDCAN_RxFifo0Callback
 .text.MX_GPIO_Init
                0x08000efc       0xcc ./Core/Src/gpio.o
                0x08000efc                MX_GPIO_Init
 .text.main     0x08000fc8      0x338 ./Core/Src/main.o
                0x08000fc8                main
 .text.SystemClock_Config
                0x08001300       0xdc ./Core/Src/main.o
                0x08001300                SystemClock_Config
 .text.__io_putchar
                0x080013dc       0x24 ./Core/Src/main.o
                0x080013dc                __io_putchar
 .text.HAL_UART_RxCpltCallback
                0x08001400      0x1b0 ./Core/Src/main.o
                0x08001400                HAL_UART_RxCpltCallback
 .text.HAL_TIM_PeriodElapsedCallback
                0x080015b0       0xc4 ./Core/Src/main.o
                0x080015b0                HAL_TIM_PeriodElapsedCallback
 .text.MPU_Config
                0x08001674       0x58 ./Core/Src/main.o
 .text.Error_Handler
                0x080016cc        0xc ./Core/Src/main.o
                0x080016cc                Error_Handler
 .text.HAL_MspInit
                0x080016d8       0x34 ./Core/Src/stm32h7xx_hal_msp.o
                0x080016d8                HAL_MspInit
 .text.NMI_Handler
                0x0800170c        0x8 ./Core/Src/stm32h7xx_it.o
                0x0800170c                NMI_Handler
 .text.HardFault_Handler
                0x08001714        0x8 ./Core/Src/stm32h7xx_it.o
                0x08001714                HardFault_Handler
 .text.MemManage_Handler
                0x0800171c        0x8 ./Core/Src/stm32h7xx_it.o
                0x0800171c                MemManage_Handler
 .text.BusFault_Handler
                0x08001724        0x8 ./Core/Src/stm32h7xx_it.o
                0x08001724                BusFault_Handler
 .text.UsageFault_Handler
                0x0800172c        0x8 ./Core/Src/stm32h7xx_it.o
                0x0800172c                UsageFault_Handler
 .text.SVC_Handler
                0x08001734        0xe ./Core/Src/stm32h7xx_it.o
                0x08001734                SVC_Handler
 .text.DebugMon_Handler
                0x08001742        0xe ./Core/Src/stm32h7xx_it.o
                0x08001742                DebugMon_Handler
 .text.PendSV_Handler
                0x08001750        0xe ./Core/Src/stm32h7xx_it.o
                0x08001750                PendSV_Handler
 .text.SysTick_Handler
                0x0800175e        0xc ./Core/Src/stm32h7xx_it.o
                0x0800175e                SysTick_Handler
 *fill*         0x0800176a        0x2 
 .text.FDCAN1_IT0_IRQHandler
                0x0800176c       0x14 ./Core/Src/stm32h7xx_it.o
                0x0800176c                FDCAN1_IT0_IRQHandler
 .text.TIM2_IRQHandler
                0x08001780       0x14 ./Core/Src/stm32h7xx_it.o
                0x08001780                TIM2_IRQHandler
 .text.TIM3_IRQHandler
                0x08001794       0x14 ./Core/Src/stm32h7xx_it.o
                0x08001794                TIM3_IRQHandler
 .text.USART2_IRQHandler
                0x080017a8       0x14 ./Core/Src/stm32h7xx_it.o
                0x080017a8                USART2_IRQHandler
 .text.USART3_IRQHandler
                0x080017bc       0x14 ./Core/Src/stm32h7xx_it.o
                0x080017bc                USART3_IRQHandler
 .text.TIM5_IRQHandler
                0x080017d0       0x14 ./Core/Src/stm32h7xx_it.o
                0x080017d0                TIM5_IRQHandler
 .text.UART4_IRQHandler
                0x080017e4       0x14 ./Core/Src/stm32h7xx_it.o
                0x080017e4                UART4_IRQHandler
 .text.UART7_IRQHandler
                0x080017f8       0x14 ./Core/Src/stm32h7xx_it.o
                0x080017f8                UART7_IRQHandler
 .text.UART8_IRQHandler
                0x0800180c       0x14 ./Core/Src/stm32h7xx_it.o
                0x0800180c                UART8_IRQHandler
 .text.UART9_IRQHandler
                0x08001820       0x14 ./Core/Src/stm32h7xx_it.o
                0x08001820                UART9_IRQHandler
 .text.USART10_IRQHandler
                0x08001834       0x14 ./Core/Src/stm32h7xx_it.o
                0x08001834                USART10_IRQHandler
 .text._getpid  0x08001848       0x10 ./Core/Src/syscalls.o
                0x08001848                _getpid
 .text._kill    0x08001858       0x20 ./Core/Src/syscalls.o
                0x08001858                _kill
 .text._exit    0x08001878       0x16 ./Core/Src/syscalls.o
                0x08001878                _exit
 .text._read    0x0800188e       0x3a ./Core/Src/syscalls.o
                0x0800188e                _read
 .text._write   0x080018c8       0x38 ./Core/Src/syscalls.o
                0x080018c8                _write
 .text._close   0x08001900       0x18 ./Core/Src/syscalls.o
                0x08001900                _close
 .text._fstat   0x08001918       0x20 ./Core/Src/syscalls.o
                0x08001918                _fstat
 .text._isatty  0x08001938       0x16 ./Core/Src/syscalls.o
                0x08001938                _isatty
 .text._lseek   0x0800194e       0x1a ./Core/Src/syscalls.o
                0x0800194e                _lseek
 .text._sbrk    0x08001968       0x6c ./Core/Src/sysmem.o
                0x08001968                _sbrk
 .text.SystemInit
                0x080019d4       0xf0 ./Core/Src/system_stm32h7xx.o
                0x080019d4                SystemInit
 .text.MX_TIM2_Init
                0x08001ac4       0x9c ./Core/Src/tim.o
                0x08001ac4                MX_TIM2_Init
 .text.MX_TIM3_Init
                0x08001b60       0xa0 ./Core/Src/tim.o
                0x08001b60                MX_TIM3_Init
 .text.MX_TIM5_Init
                0x08001c00       0xa0 ./Core/Src/tim.o
                0x08001c00                MX_TIM5_Init
 .text.HAL_TIM_Base_MspInit
                0x08001ca0       0xc8 ./Core/Src/tim.o
                0x08001ca0                HAL_TIM_Base_MspInit
 .text.MX_UART4_Init
                0x08001d68       0x98 ./Core/Src/usart.o
                0x08001d68                MX_UART4_Init
 .text.MX_UART5_Init
                0x08001e00       0x98 ./Core/Src/usart.o
                0x08001e00                MX_UART5_Init
 .text.MX_UART7_Init
                0x08001e98       0x98 ./Core/Src/usart.o
                0x08001e98                MX_UART7_Init
 .text.MX_UART8_Init
                0x08001f30       0x98 ./Core/Src/usart.o
                0x08001f30                MX_UART8_Init
 .text.MX_UART9_Init
                0x08001fc8       0x98 ./Core/Src/usart.o
                0x08001fc8                MX_UART9_Init
 .text.MX_USART2_UART_Init
                0x08002060      0x10c ./Core/Src/usart.o
                0x08002060                MX_USART2_UART_Init
 .text.MX_USART3_UART_Init
                0x0800216c       0x98 ./Core/Src/usart.o
                0x0800216c                MX_USART3_UART_Init
 .text.MX_USART6_UART_Init
                0x08002204       0x98 ./Core/Src/usart.o
                0x08002204                MX_USART6_UART_Init
 .text.MX_USART10_UART_Init
                0x0800229c       0x98 ./Core/Src/usart.o
                0x0800229c                MX_USART10_UART_Init
 .text.HAL_UART_MspInit
                0x08002334      0x738 ./Core/Src/usart.o
                0x08002334                HAL_UART_MspInit
 .text.Reset_Handler
                0x08002a6c       0x50 ./Core/Startup/startup_stm32h723vgtx.o
                0x08002a6c                Reset_Handler
 .text.Default_Handler
                0x08002abc        0x2 ./Core/Startup/startup_stm32h723vgtx.o
                0x08002abc                RTC_Alarm_IRQHandler
                0x08002abc                EXTI2_IRQHandler
                0x08002abc                TIM8_CC_IRQHandler
                0x08002abc                SPI4_IRQHandler
                0x08002abc                FDCAN3_IT0_IRQHandler
                0x08002abc                TIM1_CC_IRQHandler
                0x08002abc                BDMA_Channel6_IRQHandler
                0x08002abc                DMA2_Stream5_IRQHandler
                0x08002abc                DMA1_Stream5_IRQHandler
                0x08002abc                CORDIC_IRQHandler
                0x08002abc                BDMA_Channel1_IRQHandler
                0x08002abc                TAMP_STAMP_IRQHandler
                0x08002abc                EXTI3_IRQHandler
                0x08002abc                LPTIM4_IRQHandler
                0x08002abc                TIM8_TRG_COM_TIM14_IRQHandler
                0x08002abc                LPTIM2_IRQHandler
                0x08002abc                DFSDM1_FLT1_IRQHandler
                0x08002abc                DMAMUX2_OVR_IRQHandler
                0x08002abc                TIM8_UP_TIM13_IRQHandler
                0x08002abc                I2C3_ER_IRQHandler
                0x08002abc                DFSDM1_FLT2_IRQHandler
                0x08002abc                I2C5_EV_IRQHandler
                0x08002abc                MDMA_IRQHandler
                0x08002abc                LPTIM3_IRQHandler
                0x08002abc                HSEM1_IRQHandler
                0x08002abc                EXTI0_IRQHandler
                0x08002abc                I2C2_EV_IRQHandler
                0x08002abc                DMA1_Stream2_IRQHandler
                0x08002abc                FPU_IRQHandler
                0x08002abc                OTG_HS_WKUP_IRQHandler
                0x08002abc                FDCAN1_IT1_IRQHandler
                0x08002abc                LTDC_ER_IRQHandler
                0x08002abc                DMA2_Stream2_IRQHandler
                0x08002abc                SPI1_IRQHandler
                0x08002abc                OCTOSPI1_IRQHandler
                0x08002abc                TIM6_DAC_IRQHandler
                0x08002abc                DMA2_Stream3_IRQHandler
                0x08002abc                OCTOSPI2_IRQHandler
                0x08002abc                DFSDM1_FLT3_IRQHandler
                0x08002abc                TIM23_IRQHandler
                0x08002abc                USART6_IRQHandler
                0x08002abc                TIM17_IRQHandler
                0x08002abc                BDMA_Channel7_IRQHandler
                0x08002abc                LPTIM5_IRQHandler
                0x08002abc                UART5_IRQHandler
                0x08002abc                ADC3_IRQHandler
                0x08002abc                DMA2_Stream0_IRQHandler
                0x08002abc                TIM4_IRQHandler
                0x08002abc                BDMA_Channel2_IRQHandler
                0x08002abc                I2C1_EV_IRQHandler
                0x08002abc                DMA1_Stream6_IRQHandler
                0x08002abc                DMAMUX1_OVR_IRQHandler
                0x08002abc                DMA1_Stream1_IRQHandler
                0x08002abc                TIM16_IRQHandler
                0x08002abc                BDMA_Channel5_IRQHandler
                0x08002abc                RCC_IRQHandler
                0x08002abc                TIM8_BRK_TIM12_IRQHandler
                0x08002abc                TIM1_TRG_COM_IRQHandler
                0x08002abc                Default_Handler
                0x08002abc                ECC_IRQHandler
                0x08002abc                FMAC_IRQHandler
                0x08002abc                CEC_IRQHandler
                0x08002abc                EXTI15_10_IRQHandler
                0x08002abc                BDMA_Channel0_IRQHandler
                0x08002abc                ADC_IRQHandler
                0x08002abc                I2C5_ER_IRQHandler
                0x08002abc                DMA1_Stream7_IRQHandler
                0x08002abc                SPI5_IRQHandler
                0x08002abc                TIM7_IRQHandler
                0x08002abc                FDCAN3_IT1_IRQHandler
                0x08002abc                SDMMC1_IRQHandler
                0x08002abc                DMA2_Stream7_IRQHandler
                0x08002abc                TIM15_IRQHandler
                0x08002abc                PVD_AVD_IRQHandler
                0x08002abc                I2C3_EV_IRQHandler
                0x08002abc                EXTI9_5_IRQHandler
                0x08002abc                RTC_WKUP_IRQHandler
                0x08002abc                LTDC_IRQHandler
                0x08002abc                ETH_WKUP_IRQHandler
                0x08002abc                SPDIF_RX_IRQHandler
                0x08002abc                SPI2_IRQHandler
                0x08002abc                OTG_HS_EP1_IN_IRQHandler
                0x08002abc                DMA1_Stream0_IRQHandler
                0x08002abc                TIM24_IRQHandler
                0x08002abc                CRS_IRQHandler
                0x08002abc                EXTI4_IRQHandler
                0x08002abc                RNG_IRQHandler
                0x08002abc                FDCAN2_IT1_IRQHandler
                0x08002abc                ETH_IRQHandler
                0x08002abc                TIM1_UP_IRQHandler
                0x08002abc                BDMA_Channel4_IRQHandler
                0x08002abc                OTG_HS_EP1_OUT_IRQHandler
                0x08002abc                WWDG_IRQHandler
                0x08002abc                SPI6_IRQHandler
                0x08002abc                MDIOS_IRQHandler
                0x08002abc                I2C4_EV_IRQHandler
                0x08002abc                FDCAN2_IT0_IRQHandler
                0x08002abc                LPUART1_IRQHandler
                0x08002abc                OTG_HS_IRQHandler
                0x08002abc                DMA2D_IRQHandler
                0x08002abc                TIM1_BRK_IRQHandler
                0x08002abc                EXTI1_IRQHandler
                0x08002abc                SDMMC2_IRQHandler
                0x08002abc                BDMA_Channel3_IRQHandler
                0x08002abc                DTS_IRQHandler
                0x08002abc                MDIOS_WKUP_IRQHandler
                0x08002abc                DFSDM1_FLT0_IRQHandler
                0x08002abc                SAI4_IRQHandler
                0x08002abc                I2C2_ER_IRQHandler
                0x08002abc                DMA2_Stream1_IRQHandler
                0x08002abc                FLASH_IRQHandler
                0x08002abc                DMA2_Stream4_IRQHandler
                0x08002abc                USART1_IRQHandler
                0x08002abc                SPI3_IRQHandler
                0x08002abc                WAKEUP_PIN_IRQHandler
                0x08002abc                DMA1_Stream4_IRQHandler
                0x08002abc                I2C1_ER_IRQHandler
                0x08002abc                FMC_IRQHandler
                0x08002abc                FDCAN_CAL_IRQHandler
                0x08002abc                SWPMI1_IRQHandler
                0x08002abc                COMP1_IRQHandler
                0x08002abc                LPTIM1_IRQHandler
                0x08002abc                DCMI_PSSI_IRQHandler
                0x08002abc                I2C4_ER_IRQHandler
                0x08002abc                DMA2_Stream6_IRQHandler
                0x08002abc                SAI1_IRQHandler
                0x08002abc                DMA1_Stream3_IRQHandler
 *fill*         0x08002abe        0x2 
 .text.HAL_Init
                0x08002ac0       0x78 ./Drivers/STM32H7xx_HAL_Driver/Src/stm32h7xx_hal.o
                0x08002ac0                HAL_Init
 .text.HAL_InitTick
                0x08002b38       0x6c ./Drivers/STM32H7xx_HAL_Driver/Src/stm32h7xx_hal.o
                0x08002b38                HAL_InitTick
 .text.HAL_IncTick
                0x08002ba4       0x28 ./Drivers/STM32H7xx_HAL_Driver/Src/stm32h7xx_hal.o
                0x08002ba4                HAL_IncTick
 .text.HAL_GetTick
                0x08002bcc       0x18 ./Drivers/STM32H7xx_HAL_Driver/Src/stm32h7xx_hal.o
                0x08002bcc                HAL_GetTick
 .text.HAL_Delay
                0x08002be4       0x48 ./Drivers/STM32H7xx_HAL_Driver/Src/stm32h7xx_hal.o
                0x08002be4                HAL_Delay
 .text.__NVIC_SetPriorityGrouping
                0x08002c2c       0x48 ./Drivers/STM32H7xx_HAL_Driver/Src/stm32h7xx_hal_cortex.o
 .text.__NVIC_GetPriorityGrouping
                0x08002c74       0x1c ./Drivers/STM32H7xx_HAL_Driver/Src/stm32h7xx_hal_cortex.o
 .text.__NVIC_EnableIRQ
                0x08002c90       0x3c ./Drivers/STM32H7xx_HAL_Driver/Src/stm32h7xx_hal_cortex.o
 .text.__NVIC_SetPriority
                0x08002ccc       0x54 ./Drivers/STM32H7xx_HAL_Driver/Src/stm32h7xx_hal_cortex.o
 .text.NVIC_EncodePriority
                0x08002d20       0x66 ./Drivers/STM32H7xx_HAL_Driver/Src/stm32h7xx_hal_cortex.o
 *fill*         0x08002d86        0x2 
 .text.SysTick_Config
                0x08002d88       0x44 ./Drivers/STM32H7xx_HAL_Driver/Src/stm32h7xx_hal_cortex.o
 .text.HAL_NVIC_SetPriorityGrouping
                0x08002dcc       0x16 ./Drivers/STM32H7xx_HAL_Driver/Src/stm32h7xx_hal_cortex.o
                0x08002dcc                HAL_NVIC_SetPriorityGrouping
 .text.HAL_NVIC_SetPriority
                0x08002de2       0x34 ./Drivers/STM32H7xx_HAL_Driver/Src/stm32h7xx_hal_cortex.o
                0x08002de2                HAL_NVIC_SetPriority
 .text.HAL_NVIC_EnableIRQ
                0x08002e16       0x1c ./Drivers/STM32H7xx_HAL_Driver/Src/stm32h7xx_hal_cortex.o
                0x08002e16                HAL_NVIC_EnableIRQ
 .text.HAL_SYSTICK_Config
                0x08002e32       0x18 ./Drivers/STM32H7xx_HAL_Driver/Src/stm32h7xx_hal_cortex.o
                0x08002e32                HAL_SYSTICK_Config
 *fill*         0x08002e4a        0x2 
 .text.HAL_MPU_Disable
                0x08002e4c       0x30 ./Drivers/STM32H7xx_HAL_Driver/Src/stm32h7xx_hal_cortex.o
                0x08002e4c                HAL_MPU_Disable
 .text.HAL_MPU_Enable
                0x08002e7c       0x40 ./Drivers/STM32H7xx_HAL_Driver/Src/stm32h7xx_hal_cortex.o
                0x08002e7c                HAL_MPU_Enable
 .text.HAL_MPU_ConfigRegion
                0x08002ebc       0x80 ./Drivers/STM32H7xx_HAL_Driver/Src/stm32h7xx_hal_cortex.o
                0x08002ebc                HAL_MPU_ConfigRegion
 .text.HAL_DMA_Abort
                0x08002f3c      0x63c ./Drivers/STM32H7xx_HAL_Driver/Src/stm32h7xx_hal_dma.o
                0x08002f3c                HAL_DMA_Abort
 .text.HAL_DMA_Abort_IT
                0x08003578      0x48c ./Drivers/STM32H7xx_HAL_Driver/Src/stm32h7xx_hal_dma.o
                0x08003578                HAL_DMA_Abort_IT
 .text.HAL_FDCAN_Init
                0x08003a04      0x3bc ./Drivers/STM32H7xx_HAL_Driver/Src/stm32h7xx_hal_fdcan.o
                0x08003a04                HAL_FDCAN_Init
 .text.HAL_FDCAN_ConfigFilter
                0x08003dc0       0xec ./Drivers/STM32H7xx_HAL_Driver/Src/stm32h7xx_hal_fdcan.o
                0x08003dc0                HAL_FDCAN_ConfigFilter
 .text.HAL_FDCAN_ConfigGlobalFilter
                0x08003eac       0x5a ./Drivers/STM32H7xx_HAL_Driver/Src/stm32h7xx_hal_fdcan.o
                0x08003eac                HAL_FDCAN_ConfigGlobalFilter
 .text.HAL_FDCAN_Start
                0x08003f06       0x56 ./Drivers/STM32H7xx_HAL_Driver/Src/stm32h7xx_hal_fdcan.o
                0x08003f06                HAL_FDCAN_Start
 .text.HAL_FDCAN_AddMessageToTxFifoQ
                0x08003f5c       0xb6 ./Drivers/STM32H7xx_HAL_Driver/Src/stm32h7xx_hal_fdcan.o
                0x08003f5c                HAL_FDCAN_AddMessageToTxFifoQ
 *fill*         0x08004012        0x2 
 .text.HAL_FDCAN_GetRxMessage
                0x08004014      0x2d8 ./Drivers/STM32H7xx_HAL_Driver/Src/stm32h7xx_hal_fdcan.o
                0x08004014                HAL_FDCAN_GetRxMessage
 .text.HAL_FDCAN_ActivateNotification
                0x080042ec       0xf4 ./Drivers/STM32H7xx_HAL_Driver/Src/stm32h7xx_hal_fdcan.o
                0x080042ec                HAL_FDCAN_ActivateNotification
 .text.HAL_FDCAN_IRQHandler
                0x080043e0      0x498 ./Drivers/STM32H7xx_HAL_Driver/Src/stm32h7xx_hal_fdcan.o
                0x080043e0                HAL_FDCAN_IRQHandler
 .text.HAL_FDCAN_ClockCalibrationCallback
                0x08004878       0x16 ./Drivers/STM32H7xx_HAL_Driver/Src/stm32h7xx_hal_fdcan.o
                0x08004878                HAL_FDCAN_ClockCalibrationCallback
 .text.HAL_FDCAN_TxEventFifoCallback
                0x0800488e       0x16 ./Drivers/STM32H7xx_HAL_Driver/Src/stm32h7xx_hal_fdcan.o
                0x0800488e                HAL_FDCAN_TxEventFifoCallback
 .text.HAL_FDCAN_RxFifo1Callback
                0x080048a4       0x16 ./Drivers/STM32H7xx_HAL_Driver/Src/stm32h7xx_hal_fdcan.o
                0x080048a4                HAL_FDCAN_RxFifo1Callback
 .text.HAL_FDCAN_TxFifoEmptyCallback
                0x080048ba       0x14 ./Drivers/STM32H7xx_HAL_Driver/Src/stm32h7xx_hal_fdcan.o
                0x080048ba                HAL_FDCAN_TxFifoEmptyCallback
 .text.HAL_FDCAN_TxBufferCompleteCallback
                0x080048ce       0x16 ./Drivers/STM32H7xx_HAL_Driver/Src/stm32h7xx_hal_fdcan.o
                0x080048ce                HAL_FDCAN_TxBufferCompleteCallback
 .text.HAL_FDCAN_TxBufferAbortCallback
                0x080048e4       0x16 ./Drivers/STM32H7xx_HAL_Driver/Src/stm32h7xx_hal_fdcan.o
                0x080048e4                HAL_FDCAN_TxBufferAbortCallback
 .text.HAL_FDCAN_RxBufferNewMessageCallback
                0x080048fa       0x14 ./Drivers/STM32H7xx_HAL_Driver/Src/stm32h7xx_hal_fdcan.o
                0x080048fa                HAL_FDCAN_RxBufferNewMessageCallback
 .text.HAL_FDCAN_TimestampWraparoundCallback
                0x0800490e       0x14 ./Drivers/STM32H7xx_HAL_Driver/Src/stm32h7xx_hal_fdcan.o
                0x0800490e                HAL_FDCAN_TimestampWraparoundCallback
 .text.HAL_FDCAN_TimeoutOccurredCallback
                0x08004922       0x14 ./Drivers/STM32H7xx_HAL_Driver/Src/stm32h7xx_hal_fdcan.o
                0x08004922                HAL_FDCAN_TimeoutOccurredCallback
 .text.HAL_FDCAN_HighPriorityMessageCallback
                0x08004936       0x14 ./Drivers/STM32H7xx_HAL_Driver/Src/stm32h7xx_hal_fdcan.o
                0x08004936                HAL_FDCAN_HighPriorityMessageCallback
 .text.HAL_FDCAN_ErrorCallback
                0x0800494a       0x14 ./Drivers/STM32H7xx_HAL_Driver/Src/stm32h7xx_hal_fdcan.o
                0x0800494a                HAL_FDCAN_ErrorCallback
 .text.HAL_FDCAN_ErrorStatusCallback
                0x0800495e       0x16 ./Drivers/STM32H7xx_HAL_Driver/Src/stm32h7xx_hal_fdcan.o
                0x0800495e                HAL_FDCAN_ErrorStatusCallback
 .text.HAL_FDCAN_TT_ScheduleSyncCallback
                0x08004974       0x16 ./Drivers/STM32H7xx_HAL_Driver/Src/stm32h7xx_hal_fdcan.o
                0x08004974                HAL_FDCAN_TT_ScheduleSyncCallback
 .text.HAL_FDCAN_TT_TimeMarkCallback
                0x0800498a       0x16 ./Drivers/STM32H7xx_HAL_Driver/Src/stm32h7xx_hal_fdcan.o
                0x0800498a                HAL_FDCAN_TT_TimeMarkCallback
 .text.HAL_FDCAN_TT_StopWatchCallback
                0x080049a0       0x18 ./Drivers/STM32H7xx_HAL_Driver/Src/stm32h7xx_hal_fdcan.o
                0x080049a0                HAL_FDCAN_TT_StopWatchCallback
 .text.HAL_FDCAN_TT_GlobalTimeCallback
                0x080049b8       0x16 ./Drivers/STM32H7xx_HAL_Driver/Src/stm32h7xx_hal_fdcan.o
                0x080049b8                HAL_FDCAN_TT_GlobalTimeCallback
 *fill*         0x080049ce        0x2 
 .text.FDCAN_CalcultateRamBlockAddresses
                0x080049d0      0x30c ./Drivers/STM32H7xx_HAL_Driver/Src/stm32h7xx_hal_fdcan.o
 .text.FDCAN_CopyMessageToRAM
                0x08004cdc       0xfc ./Drivers/STM32H7xx_HAL_Driver/Src/stm32h7xx_hal_fdcan.o
 .text.HAL_GPIO_Init
                0x08004dd8      0x350 ./Drivers/STM32H7xx_HAL_Driver/Src/stm32h7xx_hal_gpio.o
                0x08004dd8                HAL_GPIO_Init
 .text.HAL_PWREx_ConfigSupply
                0x08005128       0x74 ./Drivers/STM32H7xx_HAL_Driver/Src/stm32h7xx_hal_pwr_ex.o
                0x08005128                HAL_PWREx_ConfigSupply
 .text.HAL_RCC_OscConfig
                0x0800519c      0x7b4 ./Drivers/STM32H7xx_HAL_Driver/Src/stm32h7xx_hal_rcc.o
                0x0800519c                HAL_RCC_OscConfig
 .text.HAL_RCC_ClockConfig
                0x08005950      0x36c ./Drivers/STM32H7xx_HAL_Driver/Src/stm32h7xx_hal_rcc.o
                0x08005950                HAL_RCC_ClockConfig
 .text.HAL_RCC_GetSysClockFreq
                0x08005cbc      0x2f4 ./Drivers/STM32H7xx_HAL_Driver/Src/stm32h7xx_hal_rcc.o
                0x08005cbc                HAL_RCC_GetSysClockFreq
 .text.HAL_RCC_GetHCLKFreq
                0x08005fb0       0x60 ./Drivers/STM32H7xx_HAL_Driver/Src/stm32h7xx_hal_rcc.o
                0x08005fb0                HAL_RCC_GetHCLKFreq
 .text.HAL_RCC_GetPCLK1Freq
                0x08006010       0x2c ./Drivers/STM32H7xx_HAL_Driver/Src/stm32h7xx_hal_rcc.o
                0x08006010                HAL_RCC_GetPCLK1Freq
 .text.HAL_RCC_GetPCLK2Freq
                0x0800603c       0x2c ./Drivers/STM32H7xx_HAL_Driver/Src/stm32h7xx_hal_rcc.o
                0x0800603c                HAL_RCC_GetPCLK2Freq
 .text.HAL_RCCEx_PeriphCLKConfig
                0x08006068     0x1340 ./Drivers/STM32H7xx_HAL_Driver/Src/stm32h7xx_hal_rcc_ex.o
                0x08006068                HAL_RCCEx_PeriphCLKConfig
 .text.HAL_RCCEx_GetD3PCLK1Freq
                0x080073a8       0x2c ./Drivers/STM32H7xx_HAL_Driver/Src/stm32h7xx_hal_rcc_ex.o
                0x080073a8                HAL_RCCEx_GetD3PCLK1Freq
 .text.HAL_RCCEx_GetPLL2ClockFreq
                0x080073d4      0x2a8 ./Drivers/STM32H7xx_HAL_Driver/Src/stm32h7xx_hal_rcc_ex.o
                0x080073d4                HAL_RCCEx_GetPLL2ClockFreq
 .text.HAL_RCCEx_GetPLL3ClockFreq
                0x0800767c      0x2a8 ./Drivers/STM32H7xx_HAL_Driver/Src/stm32h7xx_hal_rcc_ex.o
                0x0800767c                HAL_RCCEx_GetPLL3ClockFreq
 .text.RCCEx_PLL2_Config
                0x08007924      0x164 ./Drivers/STM32H7xx_HAL_Driver/Src/stm32h7xx_hal_rcc_ex.o
 .text.RCCEx_PLL3_Config
                0x08007a88      0x164 ./Drivers/STM32H7xx_HAL_Driver/Src/stm32h7xx_hal_rcc_ex.o
 .text.HAL_TIM_Base_Init
                0x08007bec       0xae ./Drivers/STM32H7xx_HAL_Driver/Src/stm32h7xx_hal_tim.o
                0x08007bec                HAL_TIM_Base_Init
 *fill*         0x08007c9a        0x2 
 .text.HAL_TIM_Base_Start_IT
                0x08007c9c      0x10c ./Drivers/STM32H7xx_HAL_Driver/Src/stm32h7xx_hal_tim.o
                0x08007c9c                HAL_TIM_Base_Start_IT
 .text.HAL_TIM_IRQHandler
                0x08007da8      0x20e ./Drivers/STM32H7xx_HAL_Driver/Src/stm32h7xx_hal_tim.o
                0x08007da8                HAL_TIM_IRQHandler
 *fill*         0x08007fb6        0x2 
 .text.HAL_TIM_ConfigClockSource
                0x08007fb8      0x1f0 ./Drivers/STM32H7xx_HAL_Driver/Src/stm32h7xx_hal_tim.o
                0x08007fb8                HAL_TIM_ConfigClockSource
 .text.HAL_TIM_OC_DelayElapsedCallback
                0x080081a8       0x14 ./Drivers/STM32H7xx_HAL_Driver/Src/stm32h7xx_hal_tim.o
                0x080081a8                HAL_TIM_OC_DelayElapsedCallback
 .text.HAL_TIM_IC_CaptureCallback
                0x080081bc       0x14 ./Drivers/STM32H7xx_HAL_Driver/Src/stm32h7xx_hal_tim.o
                0x080081bc                HAL_TIM_IC_CaptureCallback
 .text.HAL_TIM_PWM_PulseFinishedCallback
                0x080081d0       0x14 ./Drivers/STM32H7xx_HAL_Driver/Src/stm32h7xx_hal_tim.o
                0x080081d0                HAL_TIM_PWM_PulseFinishedCallback
 .text.HAL_TIM_TriggerCallback
                0x080081e4       0x14 ./Drivers/STM32H7xx_HAL_Driver/Src/stm32h7xx_hal_tim.o
                0x080081e4                HAL_TIM_TriggerCallback
 .text.TIM_Base_SetConfig
                0x080081f8      0x164 ./Drivers/STM32H7xx_HAL_Driver/Src/stm32h7xx_hal_tim.o
                0x080081f8                TIM_Base_SetConfig
 .text.TIM_TI1_ConfigInputStage
                0x0800835c       0x5e ./Drivers/STM32H7xx_HAL_Driver/Src/stm32h7xx_hal_tim.o
 .text.TIM_TI2_ConfigInputStage
                0x080083ba       0x60 ./Drivers/STM32H7xx_HAL_Driver/Src/stm32h7xx_hal_tim.o
 *fill*         0x0800841a        0x2 
 .text.TIM_ITRx_SetConfig
                0x0800841c       0x3c ./Drivers/STM32H7xx_HAL_Driver/Src/stm32h7xx_hal_tim.o
 .text.TIM_ETR_SetConfig
                0x08008458       0x40 ./Drivers/STM32H7xx_HAL_Driver/Src/stm32h7xx_hal_tim.o
                0x08008458                TIM_ETR_SetConfig
 .text.HAL_TIMEx_MasterConfigSynchronization
                0x08008498      0x138 ./Drivers/STM32H7xx_HAL_Driver/Src/stm32h7xx_hal_tim_ex.o
                0x08008498                HAL_TIMEx_MasterConfigSynchronization
 .text.HAL_TIMEx_CommutCallback
                0x080085d0       0x14 ./Drivers/STM32H7xx_HAL_Driver/Src/stm32h7xx_hal_tim_ex.o
                0x080085d0                HAL_TIMEx_CommutCallback
 .text.HAL_TIMEx_BreakCallback
                0x080085e4       0x14 ./Drivers/STM32H7xx_HAL_Driver/Src/stm32h7xx_hal_tim_ex.o
                0x080085e4                HAL_TIMEx_BreakCallback
 .text.HAL_TIMEx_Break2Callback
                0x080085f8       0x14 ./Drivers/STM32H7xx_HAL_Driver/Src/stm32h7xx_hal_tim_ex.o
                0x080085f8                HAL_TIMEx_Break2Callback
 .text.HAL_UART_Init
                0x0800860c       0xa0 ./Drivers/STM32H7xx_HAL_Driver/Src/stm32h7xx_hal_uart.o
                0x0800860c                HAL_UART_Init
 .text.HAL_UART_Transmit
                0x080086ac      0x11c ./Drivers/STM32H7xx_HAL_Driver/Src/stm32h7xx_hal_uart.o
                0x080086ac                HAL_UART_Transmit
 .text.HAL_UART_Receive
                0x080087c8      0x190 ./Drivers/STM32H7xx_HAL_Driver/Src/stm32h7xx_hal_uart.o
                0x080087c8                HAL_UART_Receive
 .text.HAL_UART_Receive_IT
                0x08008958       0x98 ./Drivers/STM32H7xx_HAL_Driver/Src/stm32h7xx_hal_uart.o
                0x08008958                HAL_UART_Receive_IT
 .text.HAL_UART_IRQHandler
                0x080089f0      0x774 ./Drivers/STM32H7xx_HAL_Driver/Src/stm32h7xx_hal_uart.o
                0x080089f0                HAL_UART_IRQHandler
 .text.HAL_UART_TxCpltCallback
                0x08009164       0x14 ./Drivers/STM32H7xx_HAL_Driver/Src/stm32h7xx_hal_uart.o
                0x08009164                HAL_UART_TxCpltCallback
 .text.HAL_UART_ErrorCallback
                0x08009178       0x14 ./Drivers/STM32H7xx_HAL_Driver/Src/stm32h7xx_hal_uart.o
                0x08009178                HAL_UART_ErrorCallback
 .text.HAL_UARTEx_RxEventCallback
                0x0800918c       0x18 ./Drivers/STM32H7xx_HAL_Driver/Src/stm32h7xx_hal_uart.o
                0x0800918c                HAL_UARTEx_RxEventCallback
 .text.UART_SetConfig
                0x080091a4      0xcd8 ./Drivers/STM32H7xx_HAL_Driver/Src/stm32h7xx_hal_uart.o
                0x080091a4                UART_SetConfig
 .text.UART_AdvFeatureConfig
                0x08009e7c      0x144 ./Drivers/STM32H7xx_HAL_Driver/Src/stm32h7xx_hal_uart.o
                0x08009e7c                UART_AdvFeatureConfig
 .text.UART_CheckIdleState
                0x08009fc0      0x154 ./Drivers/STM32H7xx_HAL_Driver/Src/stm32h7xx_hal_uart.o
                0x08009fc0                UART_CheckIdleState
 .text.UART_WaitOnFlagUntilTimeout
                0x0800a114       0xda ./Drivers/STM32H7xx_HAL_Driver/Src/stm32h7xx_hal_uart.o
                0x0800a114                UART_WaitOnFlagUntilTimeout
 *fill*         0x0800a1ee        0x2 
 .text.UART_Start_Receive_IT
                0x0800a1f0      0x244 ./Drivers/STM32H7xx_HAL_Driver/Src/stm32h7xx_hal_uart.o
                0x0800a1f0                UART_Start_Receive_IT
 .text.UART_EndRxTransfer
                0x0800a434       0xcc ./Drivers/STM32H7xx_HAL_Driver/Src/stm32h7xx_hal_uart.o
 .text.UART_DMAAbortOnError
                0x0800a500       0x2c ./Drivers/STM32H7xx_HAL_Driver/Src/stm32h7xx_hal_uart.o
 .text.UART_EndTransmit_IT
                0x0800a52c       0x56 ./Drivers/STM32H7xx_HAL_Driver/Src/stm32h7xx_hal_uart.o
 *fill*         0x0800a582        0x2 
 .text.UART_RxISR_8BIT
                0x0800a584      0x1b8 ./Drivers/STM32H7xx_HAL_Driver/Src/stm32h7xx_hal_uart.o
 .text.UART_RxISR_16BIT
                0x0800a73c      0x1b8 ./Drivers/STM32H7xx_HAL_Driver/Src/stm32h7xx_hal_uart.o
 .text.UART_RxISR_8BIT_FIFOEN
                0x0800a8f4      0x360 ./Drivers/STM32H7xx_HAL_Driver/Src/stm32h7xx_hal_uart.o
 .text.UART_RxISR_16BIT_FIFOEN
                0x0800ac54      0x368 ./Drivers/STM32H7xx_HAL_Driver/Src/stm32h7xx_hal_uart.o
 .text.HAL_UARTEx_WakeupCallback
                0x0800afbc       0x14 ./Drivers/STM32H7xx_HAL_Driver/Src/stm32h7xx_hal_uart_ex.o
                0x0800afbc                HAL_UARTEx_WakeupCallback
 .text.HAL_UARTEx_RxFifoFullCallback
                0x0800afd0       0x14 ./Drivers/STM32H7xx_HAL_Driver/Src/stm32h7xx_hal_uart_ex.o
                0x0800afd0                HAL_UARTEx_RxFifoFullCallback
 .text.HAL_UARTEx_TxFifoEmptyCallback
                0x0800afe4       0x14 ./Drivers/STM32H7xx_HAL_Driver/Src/stm32h7xx_hal_uart_ex.o
                0x0800afe4                HAL_UARTEx_TxFifoEmptyCallback
 .text.HAL_UARTEx_DisableFifoMode
                0x0800aff8       0x72 ./Drivers/STM32H7xx_HAL_Driver/Src/stm32h7xx_hal_uart_ex.o
                0x0800aff8                HAL_UARTEx_DisableFifoMode
 .text.HAL_UARTEx_SetTxFifoThreshold
                0x0800b06a       0x7c ./Drivers/STM32H7xx_HAL_Driver/Src/stm32h7xx_hal_uart_ex.o
                0x0800b06a                HAL_UARTEx_SetTxFifoThreshold
 .text.HAL_UARTEx_SetRxFifoThreshold
                0x0800b0e6       0x7c ./Drivers/STM32H7xx_HAL_Driver/Src/stm32h7xx_hal_uart_ex.o
                0x0800b0e6                HAL_UARTEx_SetRxFifoThreshold
 *fill*         0x0800b162        0x2 
 .text.UARTEx_SetNbDataToProcess
                0x0800b164       0x9c ./Drivers/STM32H7xx_HAL_Driver/Src/stm32h7xx_hal_uart_ex.o
 .text.Data_Analyse
                0x0800b200      0x154 ./Hardware/Action/Action.o
                0x0800b200                Data_Analyse
 .text.Move_Arm
                0x0800b354       0x7c ./Hardware/Arm/Arm.o
                0x0800b354                Move_Arm
 .text.catch_Frist
                0x0800b3d0       0xda ./Hardware/Arm/Arm.o
                0x0800b3d0                catch_Frist
 .text.catch_Second
                0x0800b4aa      0x134 ./Hardware/Arm/Arm.o
                0x0800b4aa                catch_Second
 *fill*         0x0800b5de        0x2 
 .text.Start    0x0800b5e0       0x68 ./Hardware/Arm/Arm.o
                0x0800b5e0                Start
 .text.put      0x0800b648       0xf2 ./Hardware/Arm/Arm.o
                0x0800b648                put
 *fill*         0x0800b73a        0x2 
 .text.Frist_Grab_Wuliao
                0x0800b73c      0x104 ./Hardware/Arm/Arm.o
                0x0800b73c                Frist_Grab_Wuliao
 .text.put_wuliao_to_circular_frist
                0x0800b840      0x108 ./Hardware/Arm/Arm.o
                0x0800b840                put_wuliao_to_circular_frist
 .text.put_wuliao_to_Car_frist
                0x0800b948      0x108 ./Hardware/Arm/Arm.o
                0x0800b948                put_wuliao_to_Car_frist
 .text.put_wuliao_to_circular_second
                0x0800ba50      0x118 ./Hardware/Arm/Arm.o
                0x0800ba50                put_wuliao_to_circular_second
 .text.Second_Run_Frist_Grab_Wuliao
                0x0800bb68       0xc0 ./Hardware/Arm/Arm.o
                0x0800bb68                Second_Run_Frist_Grab_Wuliao
 .text.Second_Run_put_wuliao_to_Car_frist
                0x0800bc28      0x108 ./Hardware/Arm/Arm.o
                0x0800bc28                Second_Run_put_wuliao_to_Car_frist
 .text.Second_Run_put_wuliao_to_circular_frist
                0x0800bd30      0x108 ./Hardware/Arm/Arm.o
                0x0800bd30                Second_Run_put_wuliao_to_circular_frist
 .text.Emm_V5_Pos_Control
                0x0800be38       0xa8 ./Hardware/Emm_V5/Emm_V5.o
                0x0800be38                Emm_V5_Pos_Control
 .text.Emm_V5_Stop_Now
                0x0800bee0       0x44 ./Hardware/Emm_V5/Emm_V5.o
                0x0800bee0                Emm_V5_Stop_Now
 .text.Emm_V5_Synchronous_motion
                0x0800bf24       0x34 ./Hardware/Emm_V5/Emm_V5.o
                0x0800bf24                Emm_V5_Synchronous_motion
 .text.limit    0x0800bf58       0x56 ./Hardware/Location/Location.o
                0x0800bf58                limit
 *fill*         0x0800bfae        0x2 
 .text.PID_Init
                0x0800bfb0      0x1e8 ./Hardware/Location/Location.o
                0x0800bfb0                PID_Init
 .text.Tx_X_Ctrl
                0x0800c198      0x14c ./Hardware/Location/Location.o
                0x0800c198                Tx_X_Ctrl
 .text.Tx_Y_Ctrl
                0x0800c2e4      0x14c ./Hardware/Location/Location.o
                0x0800c2e4                Tx_Y_Ctrl
 .text.GetRxFlag
                0x0800c430       0x28 ./Hardware/Run/Run.o
                0x0800c430                GetRxFlag
 .text.Move_Line
                0x0800c458       0xd8 ./Hardware/Run/Run.o
                0x0800c458                Move_Line
 .text.Move_Left
                0x0800c530       0xd8 ./Hardware/Run/Run.o
                0x0800c530                Move_Left
 .text.Move_Back
                0x0800c608       0xd8 ./Hardware/Run/Run.o
                0x0800c608                Move_Back
 .text.Move_Right
                0x0800c6e0       0xd8 ./Hardware/Run/Run.o
                0x0800c6e0                Move_Right
 .text.Move_zhengxuzhuan
                0x0800c7b8       0xd8 ./Hardware/Run/Run.o
                0x0800c7b8                Move_zhengxuzhuan
 .text.Move_fanxuzhuan
                0x0800c890       0xd8 ./Hardware/Run/Run.o
                0x0800c890                Move_fanxuzhuan
 .text.Drop_Location_jiang
                0x0800c968       0x88 ./Hardware/Run/Run.o
                0x0800c968                Drop_Location_jiang
 .text.Drop_Location_Sheng
                0x0800c9f0       0x88 ./Hardware/Run/Run.o
                0x0800c9f0                Drop_Location_Sheng
 .text.Move_Stop
                0x0800ca78       0x2c ./Hardware/Run/Run.o
                0x0800ca78                Move_Stop
 .text.Move_TO_Saomaqu
                0x0800caa4       0x44 ./Hardware/Run/Run.o
                0x0800caa4                Move_TO_Saomaqu
 .text.Move_TO_yuanliaoqu
                0x0800cae8       0x2c ./Hardware/Run/Run.o
                0x0800cae8                Move_TO_yuanliaoqu
 .text.Move_TO_jianzhi1
                0x0800cb14       0x4a ./Hardware/Run/Run.o
                0x0800cb14                Move_TO_jianzhi1
 .text.Move_TO_zancunqu
                0x0800cb5e       0x4a ./Hardware/Run/Run.o
                0x0800cb5e                Move_TO_zancunqu
 .text.Move_TO_jianzhi2
                0x0800cba8       0x4a ./Hardware/Run/Run.o
                0x0800cba8                Move_TO_jianzhi2
 .text.Move_TO_cujiagongqu
                0x0800cbf2       0x2c ./Hardware/Run/Run.o
                0x0800cbf2                Move_TO_cujiagongqu
 .text.Move_TO_jianzhi3
                0x0800cc1e       0x4a ./Hardware/Run/Run.o
                0x0800cc1e                Move_TO_jianzhi3
 .text.Move_TO_fanyuanliaoqu
                0x0800cc68       0x2e ./Hardware/Run/Run.o
                0x0800cc68                Move_TO_fanyuanliaoqu
 *fill*         0x0800cc96        0x2 
 .text.Move_Action_Nopid_Left_Ctrl
                0x0800cc98      0x2c0 ./Hardware/Run/Run.o
                0x0800cc98                Move_Action_Nopid_Left_Ctrl
 .text.Move_Action_Nopid_Forward_Ctrl
                0x0800cf58      0x2c0 ./Hardware/Run/Run.o
                0x0800cf58                Move_Action_Nopid_Forward_Ctrl
 .text.Move_Action_Nopid_Right_Ctrl
                0x0800d218      0x2c0 ./Hardware/Run/Run.o
                0x0800d218                Move_Action_Nopid_Right_Ctrl
 .text.Move_Tx_Pid_Ctrl
                0x0800d4d8      0x1ec ./Hardware/Run/Run.o
                0x0800d4d8                Move_Tx_Pid_Ctrl
 .text.Host2SCS
                0x0800d6c4       0x4c ./Hardware/SCSLib/SCS.o
                0x0800d6c4                Host2SCS
 .text.writeBuf
                0x0800d710       0xd0 ./Hardware/SCSLib/SCS.o
                0x0800d710                writeBuf
 .text.genWrite
                0x0800d7e0       0x40 ./Hardware/SCSLib/SCS.o
                0x0800d7e0                genWrite
 .text.Read     0x0800d820       0xe0 ./Hardware/SCSLib/SCS.o
                0x0800d820                Read
 .text.readByte
                0x0800d900       0x36 ./Hardware/SCSLib/SCS.o
                0x0800d900                readByte
 .text.checkHead
                0x0800d936       0x52 ./Hardware/SCSLib/SCS.o
                0x0800d936                checkHead
 .text.Ack      0x0800d988       0x90 ./Hardware/SCSLib/SCS.o
                0x0800d988                Ack
 .text.Uart_Send
                0x0800da18       0x28 ./Hardware/SCSLib/SCS_Uart.o
                0x0800da18                Uart_Send
 .text.Uart_Read
                0x0800da40       0x34 ./Hardware/SCSLib/SCS_Uart.o
                0x0800da40                Uart_Read
 .text.readSCS  0x0800da74       0x28 ./Hardware/SCSLib/SCSerial.o
                0x0800da74                readSCS
 .text.writeSCS
                0x0800da9c       0x58 ./Hardware/SCSLib/SCSerial.o
                0x0800da9c                writeSCS
 .text.nopDelay
                0x0800daf4       0x26 ./Hardware/SCSLib/SCSerial.o
                0x0800daf4                nopDelay
 .text.rFlushSCS
                0x0800db1a        0xc ./Hardware/SCSLib/SCSerial.o
                0x0800db1a                rFlushSCS
 *fill*         0x0800db26        0x2 
 .text.wFlushSCS
                0x0800db28       0x2c ./Hardware/SCSLib/SCSerial.o
                0x0800db28                wFlushSCS
 .text.WritePosEx
                0x0800db54       0x94 ./Hardware/SCSLib/SMS_STS.o
                0x0800db54                WritePosEx
 .text.ReadMove
                0x0800dbe8       0x54 ./Hardware/SCSLib/SMS_STS.o
                0x0800dbe8                ReadMove
 .text.Action_Show
                0x0800dc3c       0xf8 ./Hardware/Screen/Screen.o
                0x0800dc3c                Action_Show
 .text.QR_Show  0x0800dd34       0x78 ./Hardware/Screen/Screen.o
                0x0800dd34                QR_Show
 .text.Point_Show
                0x0800ddac      0x120 ./Hardware/Screen/Screen.o
                0x0800ddac                Point_Show
 .text.Check_Flag
                0x0800decc      0x130 ./Hardware/Screen/Screen.o
                0x0800decc                Check_Flag
 .text.calculate_mean
                0x0800dffc       0x66 ./Hardware/Stability/Stability.o
                0x0800dffc                calculate_mean
 .text.calculate_variance
                0x0800e062       0x8e ./Hardware/Stability/Stability.o
                0x0800e062                calculate_variance
 .text.Check_Stability
                0x0800e0f0       0xc8 ./Hardware/Stability/Stability.o
                0x0800e0f0                Check_Stability
 .text.Check_Status
                0x0800e1b8       0x46 ./Hardware/Stability/Stability.o
                0x0800e1b8                Check_Status
 .text.FT_Servo_Zero
                0x0800e1fe       0x3c ./Hardware/Stability/Stability.o
                0x0800e1fe                FT_Servo_Zero
 .text.FT_Servo_Orth
                0x0800e23a       0x18 ./Hardware/Stability/Stability.o
                0x0800e23a                FT_Servo_Orth
 .text.FT_Servo_Put
                0x0800e252       0x88 ./Hardware/Stability/Stability.o
                0x0800e252                FT_Servo_Put
 *fill*         0x0800e2da        0x2 
 .text.malloc   0x0800e2dc       0x10 D:/SoftWare/STM32CUBEMX/STM32CubeIDE_1.16.1/STM32CubeIDE/plugins/com.st.stm32cube.ide.mcu.externaltools.gnu-tools-for-stm32.12.3.rel1.win32_1.0.200.202406191623/tools/bin/../lib/gcc/arm-none-eabi/12.3.1/../../../../arm-none-eabi/lib/thumb/v7e-m+dp/hard\libc_nano.a(libc_a-malloc.o)
                0x0800e2dc                malloc
 .text.sbrk_aligned
                0x0800e2ec       0x44 D:/SoftWare/STM32CUBEMX/STM32CubeIDE_1.16.1/STM32CubeIDE/plugins/com.st.stm32cube.ide.mcu.externaltools.gnu-tools-for-stm32.12.3.rel1.win32_1.0.200.202406191623/tools/bin/../lib/gcc/arm-none-eabi/12.3.1/../../../../arm-none-eabi/lib/thumb/v7e-m+dp/hard\libc_nano.a(libc_a-mallocr.o)
 .text._malloc_r
                0x0800e330      0x100 D:/SoftWare/STM32CUBEMX/STM32CubeIDE_1.16.1/STM32CubeIDE/plugins/com.st.stm32cube.ide.mcu.externaltools.gnu-tools-for-stm32.12.3.rel1.win32_1.0.200.202406191623/tools/bin/../lib/gcc/arm-none-eabi/12.3.1/../../../../arm-none-eabi/lib/thumb/v7e-m+dp/hard\libc_nano.a(libc_a-mallocr.o)
                0x0800e330                _malloc_r
 .text.__malloc_lock
                0x0800e430        0xc D:/SoftWare/STM32CUBEMX/STM32CubeIDE_1.16.1/STM32CubeIDE/plugins/com.st.stm32cube.ide.mcu.externaltools.gnu-tools-for-stm32.12.3.rel1.win32_1.0.200.202406191623/tools/bin/../lib/gcc/arm-none-eabi/12.3.1/../../../../arm-none-eabi/lib/thumb/v7e-m+dp/hard\libc_nano.a(libc_a-mlock.o)
                0x0800e430                __malloc_lock
 .text.__malloc_unlock
                0x0800e43c        0xc D:/SoftWare/STM32CUBEMX/STM32CubeIDE_1.16.1/STM32CubeIDE/plugins/com.st.stm32cube.ide.mcu.externaltools.gnu-tools-for-stm32.12.3.rel1.win32_1.0.200.202406191623/tools/bin/../lib/gcc/arm-none-eabi/12.3.1/../../../../arm-none-eabi/lib/thumb/v7e-m+dp/hard\libc_nano.a(libc_a-mlock.o)
                0x0800e43c                __malloc_unlock
 .text.sulp     0x0800e448       0x34 D:/SoftWare/STM32CUBEMX/STM32CubeIDE_1.16.1/STM32CubeIDE/plugins/com.st.stm32cube.ide.mcu.externaltools.gnu-tools-for-stm32.12.3.rel1.win32_1.0.200.202406191623/tools/bin/../lib/gcc/arm-none-eabi/12.3.1/../../../../arm-none-eabi/lib/thumb/v7e-m+dp/hard\libc_nano.a(libc_a-strtod.o)
 *fill*         0x0800e47c        0x4 
 .text._strtod_l
                0x0800e480      0xb2c D:/SoftWare/STM32CUBEMX/STM32CubeIDE_1.16.1/STM32CubeIDE/plugins/com.st.stm32cube.ide.mcu.externaltools.gnu-tools-for-stm32.12.3.rel1.win32_1.0.200.202406191623/tools/bin/../lib/gcc/arm-none-eabi/12.3.1/../../../../arm-none-eabi/lib/thumb/v7e-m+dp/hard\libc_nano.a(libc_a-strtod.o)
                0x0800e480                _strtod_l
 .text._strtod_r
                0x0800efac        0xc D:/SoftWare/STM32CUBEMX/STM32CubeIDE_1.16.1/STM32CubeIDE/plugins/com.st.stm32cube.ide.mcu.externaltools.gnu-tools-for-stm32.12.3.rel1.win32_1.0.200.202406191623/tools/bin/../lib/gcc/arm-none-eabi/12.3.1/../../../../arm-none-eabi/lib/thumb/v7e-m+dp/hard\libc_nano.a(libc_a-strtod.o)
                0x0800efac                _strtod_r
 .text.__cvt    0x0800efb8       0xa8 D:/SoftWare/STM32CUBEMX/STM32CubeIDE_1.16.1/STM32CubeIDE/plugins/com.st.stm32cube.ide.mcu.externaltools.gnu-tools-for-stm32.12.3.rel1.win32_1.0.200.202406191623/tools/bin/../lib/gcc/arm-none-eabi/12.3.1/../../../../arm-none-eabi/lib/thumb/v7e-m+dp/hard\libc_nano.a(libc_a-nano-vfprintf_float.o)
                0x0800efb8                __cvt
 .text.__exponent
                0x0800f060       0x74 D:/SoftWare/STM32CUBEMX/STM32CubeIDE_1.16.1/STM32CubeIDE/plugins/com.st.stm32cube.ide.mcu.externaltools.gnu-tools-for-stm32.12.3.rel1.win32_1.0.200.202406191623/tools/bin/../lib/gcc/arm-none-eabi/12.3.1/../../../../arm-none-eabi/lib/thumb/v7e-m+dp/hard\libc_nano.a(libc_a-nano-vfprintf_float.o)
                0x0800f060                __exponent
 *fill*         0x0800f0d4        0x4 
 .text._printf_float
                0x0800f0d8      0x434 D:/SoftWare/STM32CUBEMX/STM32CubeIDE_1.16.1/STM32CubeIDE/plugins/com.st.stm32cube.ide.mcu.externaltools.gnu-tools-for-stm32.12.3.rel1.win32_1.0.200.202406191623/tools/bin/../lib/gcc/arm-none-eabi/12.3.1/../../../../arm-none-eabi/lib/thumb/v7e-m+dp/hard\libc_nano.a(libc_a-nano-vfprintf_float.o)
                0x0800f0d8                _printf_float
 .text._printf_common
                0x0800f50c       0xda D:/SoftWare/STM32CUBEMX/STM32CubeIDE_1.16.1/STM32CubeIDE/plugins/com.st.stm32cube.ide.mcu.externaltools.gnu-tools-for-stm32.12.3.rel1.win32_1.0.200.202406191623/tools/bin/../lib/gcc/arm-none-eabi/12.3.1/../../../../arm-none-eabi/lib/thumb/v7e-m+dp/hard\libc_nano.a(libc_a-nano-vfprintf_i.o)
                0x0800f50c                _printf_common
 *fill*         0x0800f5e6        0x2 
 .text._printf_i
                0x0800f5e8      0x240 D:/SoftWare/STM32CUBEMX/STM32CubeIDE_1.16.1/STM32CubeIDE/plugins/com.st.stm32cube.ide.mcu.externaltools.gnu-tools-for-stm32.12.3.rel1.win32_1.0.200.202406191623/tools/bin/../lib/gcc/arm-none-eabi/12.3.1/../../../../arm-none-eabi/lib/thumb/v7e-m+dp/hard\libc_nano.a(libc_a-nano-vfprintf_i.o)
                0x0800f5e8                _printf_i
 .text._scanf_float
                0x0800f828      0x418 D:/SoftWare/STM32CUBEMX/STM32CubeIDE_1.16.1/STM32CubeIDE/plugins/com.st.stm32cube.ide.mcu.externaltools.gnu-tools-for-stm32.12.3.rel1.win32_1.0.200.202406191623/tools/bin/../lib/gcc/arm-none-eabi/12.3.1/../../../../arm-none-eabi/lib/thumb/v7e-m+dp/hard\libc_nano.a(libc_a-nano-vfscanf_float.o)
                0x0800f828                _scanf_float
 .text.std      0x0800fc40       0x6c D:/SoftWare/STM32CUBEMX/STM32CubeIDE_1.16.1/STM32CubeIDE/plugins/com.st.stm32cube.ide.mcu.externaltools.gnu-tools-for-stm32.12.3.rel1.win32_1.0.200.202406191623/tools/bin/../lib/gcc/arm-none-eabi/12.3.1/../../../../arm-none-eabi/lib/thumb/v7e-m+dp/hard\libc_nano.a(libc_a-findfp.o)
 .text.stdio_exit_handler
                0x0800fcac       0x18 D:/SoftWare/STM32CUBEMX/STM32CubeIDE_1.16.1/STM32CubeIDE/plugins/com.st.stm32cube.ide.mcu.externaltools.gnu-tools-for-stm32.12.3.rel1.win32_1.0.200.202406191623/tools/bin/../lib/gcc/arm-none-eabi/12.3.1/../../../../arm-none-eabi/lib/thumb/v7e-m+dp/hard\libc_nano.a(libc_a-findfp.o)
 .text.cleanup_stdio
                0x0800fcc4       0x40 D:/SoftWare/STM32CUBEMX/STM32CubeIDE_1.16.1/STM32CubeIDE/plugins/com.st.stm32cube.ide.mcu.externaltools.gnu-tools-for-stm32.12.3.rel1.win32_1.0.200.202406191623/tools/bin/../lib/gcc/arm-none-eabi/12.3.1/../../../../arm-none-eabi/lib/thumb/v7e-m+dp/hard\libc_nano.a(libc_a-findfp.o)
 .text.global_stdio_init.part.0
                0x0800fd04       0x3c D:/SoftWare/STM32CUBEMX/STM32CubeIDE_1.16.1/STM32CubeIDE/plugins/com.st.stm32cube.ide.mcu.externaltools.gnu-tools-for-stm32.12.3.rel1.win32_1.0.200.202406191623/tools/bin/../lib/gcc/arm-none-eabi/12.3.1/../../../../arm-none-eabi/lib/thumb/v7e-m+dp/hard\libc_nano.a(libc_a-findfp.o)
 .text.__sfp_lock_acquire
                0x0800fd40        0xc D:/SoftWare/STM32CUBEMX/STM32CubeIDE_1.16.1/STM32CubeIDE/plugins/com.st.stm32cube.ide.mcu.externaltools.gnu-tools-for-stm32.12.3.rel1.win32_1.0.200.202406191623/tools/bin/../lib/gcc/arm-none-eabi/12.3.1/../../../../arm-none-eabi/lib/thumb/v7e-m+dp/hard\libc_nano.a(libc_a-findfp.o)
                0x0800fd40                __sfp_lock_acquire
 .text.__sfp_lock_release
                0x0800fd4c        0xc D:/SoftWare/STM32CUBEMX/STM32CubeIDE_1.16.1/STM32CubeIDE/plugins/com.st.stm32cube.ide.mcu.externaltools.gnu-tools-for-stm32.12.3.rel1.win32_1.0.200.202406191623/tools/bin/../lib/gcc/arm-none-eabi/12.3.1/../../../../arm-none-eabi/lib/thumb/v7e-m+dp/hard\libc_nano.a(libc_a-findfp.o)
                0x0800fd4c                __sfp_lock_release
 .text.__sinit  0x0800fd58       0x30 D:/SoftWare/STM32CUBEMX/STM32CubeIDE_1.16.1/STM32CubeIDE/plugins/com.st.stm32cube.ide.mcu.externaltools.gnu-tools-for-stm32.12.3.rel1.win32_1.0.200.202406191623/tools/bin/../lib/gcc/arm-none-eabi/12.3.1/../../../../arm-none-eabi/lib/thumb/v7e-m+dp/hard\libc_nano.a(libc_a-findfp.o)
                0x0800fd58                __sinit
 .text._fwalk_sglue
                0x0800fd88       0x3c D:/SoftWare/STM32CUBEMX/STM32CubeIDE_1.16.1/STM32CubeIDE/plugins/com.st.stm32cube.ide.mcu.externaltools.gnu-tools-for-stm32.12.3.rel1.win32_1.0.200.202406191623/tools/bin/../lib/gcc/arm-none-eabi/12.3.1/../../../../arm-none-eabi/lib/thumb/v7e-m+dp/hard\libc_nano.a(libc_a-fwalk.o)
                0x0800fd88                _fwalk_sglue
 .text.sprintf  0x0800fdc4       0x40 D:/SoftWare/STM32CUBEMX/STM32CubeIDE_1.16.1/STM32CubeIDE/plugins/com.st.stm32cube.ide.mcu.externaltools.gnu-tools-for-stm32.12.3.rel1.win32_1.0.200.202406191623/tools/bin/../lib/gcc/arm-none-eabi/12.3.1/../../../../arm-none-eabi/lib/thumb/v7e-m+dp/hard\libc_nano.a(libc_a-sprintf.o)
                0x0800fdc4                siprintf
                0x0800fdc4                sprintf
 .text.sscanf   0x0800fe04       0x54 D:/SoftWare/STM32CUBEMX/STM32CubeIDE_1.16.1/STM32CubeIDE/plugins/com.st.stm32cube.ide.mcu.externaltools.gnu-tools-for-stm32.12.3.rel1.win32_1.0.200.202406191623/tools/bin/../lib/gcc/arm-none-eabi/12.3.1/../../../../arm-none-eabi/lib/thumb/v7e-m+dp/hard\libc_nano.a(libc_a-sscanf.o)
                0x0800fe04                siscanf
                0x0800fe04                sscanf
 .text.__sread  0x0800fe58       0x22 D:/SoftWare/STM32CUBEMX/STM32CubeIDE_1.16.1/STM32CubeIDE/plugins/com.st.stm32cube.ide.mcu.externaltools.gnu-tools-for-stm32.12.3.rel1.win32_1.0.200.202406191623/tools/bin/../lib/gcc/arm-none-eabi/12.3.1/../../../../arm-none-eabi/lib/thumb/v7e-m+dp/hard\libc_nano.a(libc_a-stdio.o)
                0x0800fe58                __sread
 .text.__seofread
                0x0800fe7a        0x4 D:/SoftWare/STM32CUBEMX/STM32CubeIDE_1.16.1/STM32CubeIDE/plugins/com.st.stm32cube.ide.mcu.externaltools.gnu-tools-for-stm32.12.3.rel1.win32_1.0.200.202406191623/tools/bin/../lib/gcc/arm-none-eabi/12.3.1/../../../../arm-none-eabi/lib/thumb/v7e-m+dp/hard\libc_nano.a(libc_a-stdio.o)
                0x0800fe7a                __seofread
 .text.__swrite
                0x0800fe7e       0x38 D:/SoftWare/STM32CUBEMX/STM32CubeIDE_1.16.1/STM32CubeIDE/plugins/com.st.stm32cube.ide.mcu.externaltools.gnu-tools-for-stm32.12.3.rel1.win32_1.0.200.202406191623/tools/bin/../lib/gcc/arm-none-eabi/12.3.1/../../../../arm-none-eabi/lib/thumb/v7e-m+dp/hard\libc_nano.a(libc_a-stdio.o)
                0x0800fe7e                __swrite
 .text.__sseek  0x0800feb6       0x24 D:/SoftWare/STM32CUBEMX/STM32CubeIDE_1.16.1/STM32CubeIDE/plugins/com.st.stm32cube.ide.mcu.externaltools.gnu-tools-for-stm32.12.3.rel1.win32_1.0.200.202406191623/tools/bin/../lib/gcc/arm-none-eabi/12.3.1/../../../../arm-none-eabi/lib/thumb/v7e-m+dp/hard\libc_nano.a(libc_a-stdio.o)
                0x0800feb6                __sseek
 .text.__sclose
                0x0800feda        0x8 D:/SoftWare/STM32CUBEMX/STM32CubeIDE_1.16.1/STM32CubeIDE/plugins/com.st.stm32cube.ide.mcu.externaltools.gnu-tools-for-stm32.12.3.rel1.win32_1.0.200.202406191623/tools/bin/../lib/gcc/arm-none-eabi/12.3.1/../../../../arm-none-eabi/lib/thumb/v7e-m+dp/hard\libc_nano.a(libc_a-stdio.o)
                0x0800feda                __sclose
 .text.memset   0x0800fee2       0x10 D:/SoftWare/STM32CUBEMX/STM32CubeIDE_1.16.1/STM32CubeIDE/plugins/com.st.stm32cube.ide.mcu.externaltools.gnu-tools-for-stm32.12.3.rel1.win32_1.0.200.202406191623/tools/bin/../lib/gcc/arm-none-eabi/12.3.1/../../../../arm-none-eabi/lib/thumb/v7e-m+dp/hard\libc_nano.a(libc_a-memset.o)
                0x0800fee2                memset
 .text.strchr   0x0800fef2       0x1a D:/SoftWare/STM32CUBEMX/STM32CubeIDE_1.16.1/STM32CubeIDE/plugins/com.st.stm32cube.ide.mcu.externaltools.gnu-tools-for-stm32.12.3.rel1.win32_1.0.200.202406191623/tools/bin/../lib/gcc/arm-none-eabi/12.3.1/../../../../arm-none-eabi/lib/thumb/v7e-m+dp/hard\libc_nano.a(libc_a-strchr.o)
                0x0800fef2                strchr
 .text.strncmp  0x0800ff0c       0x24 D:/SoftWare/STM32CUBEMX/STM32CubeIDE_1.16.1/STM32CubeIDE/plugins/com.st.stm32cube.ide.mcu.externaltools.gnu-tools-for-stm32.12.3.rel1.win32_1.0.200.202406191623/tools/bin/../lib/gcc/arm-none-eabi/12.3.1/../../../../arm-none-eabi/lib/thumb/v7e-m+dp/hard\libc_nano.a(libc_a-strncmp.o)
                0x0800ff0c                strncmp
 .text._localeconv_r
                0x0800ff30        0x8 D:/SoftWare/STM32CUBEMX/STM32CubeIDE_1.16.1/STM32CubeIDE/plugins/com.st.stm32cube.ide.mcu.externaltools.gnu-tools-for-stm32.12.3.rel1.win32_1.0.200.202406191623/tools/bin/../lib/gcc/arm-none-eabi/12.3.1/../../../../arm-none-eabi/lib/thumb/v7e-m+dp/hard\libc_nano.a(libc_a-localeconv.o)
                0x0800ff30                _localeconv_r
 .text._close_r
                0x0800ff38       0x20 D:/SoftWare/STM32CUBEMX/STM32CubeIDE_1.16.1/STM32CubeIDE/plugins/com.st.stm32cube.ide.mcu.externaltools.gnu-tools-for-stm32.12.3.rel1.win32_1.0.200.202406191623/tools/bin/../lib/gcc/arm-none-eabi/12.3.1/../../../../arm-none-eabi/lib/thumb/v7e-m+dp/hard\libc_nano.a(libc_a-closer.o)
                0x0800ff38                _close_r
 .text._lseek_r
                0x0800ff58       0x24 D:/SoftWare/STM32CUBEMX/STM32CubeIDE_1.16.1/STM32CubeIDE/plugins/com.st.stm32cube.ide.mcu.externaltools.gnu-tools-for-stm32.12.3.rel1.win32_1.0.200.202406191623/tools/bin/../lib/gcc/arm-none-eabi/12.3.1/../../../../arm-none-eabi/lib/thumb/v7e-m+dp/hard\libc_nano.a(libc_a-lseekr.o)
                0x0800ff58                _lseek_r
 .text._read_r  0x0800ff7c       0x24 D:/SoftWare/STM32CUBEMX/STM32CubeIDE_1.16.1/STM32CubeIDE/plugins/com.st.stm32cube.ide.mcu.externaltools.gnu-tools-for-stm32.12.3.rel1.win32_1.0.200.202406191623/tools/bin/../lib/gcc/arm-none-eabi/12.3.1/../../../../arm-none-eabi/lib/thumb/v7e-m+dp/hard\libc_nano.a(libc_a-readr.o)
                0x0800ff7c                _read_r
 .text._sbrk_r  0x0800ffa0       0x20 D:/SoftWare/STM32CUBEMX/STM32CubeIDE_1.16.1/STM32CubeIDE/plugins/com.st.stm32cube.ide.mcu.externaltools.gnu-tools-for-stm32.12.3.rel1.win32_1.0.200.202406191623/tools/bin/../lib/gcc/arm-none-eabi/12.3.1/../../../../arm-none-eabi/lib/thumb/v7e-m+dp/hard\libc_nano.a(libc_a-sbrkr.o)
                0x0800ffa0                _sbrk_r
 .text._write_r
                0x0800ffc0       0x24 D:/SoftWare/STM32CUBEMX/STM32CubeIDE_1.16.1/STM32CubeIDE/plugins/com.st.stm32cube.ide.mcu.externaltools.gnu-tools-for-stm32.12.3.rel1.win32_1.0.200.202406191623/tools/bin/../lib/gcc/arm-none-eabi/12.3.1/../../../../arm-none-eabi/lib/thumb/v7e-m+dp/hard\libc_nano.a(libc_a-writer.o)
                0x0800ffc0                _write_r
 .text.__errno  0x0800ffe4        0xc D:/SoftWare/STM32CUBEMX/STM32CubeIDE_1.16.1/STM32CubeIDE/plugins/com.st.stm32cube.ide.mcu.externaltools.gnu-tools-for-stm32.12.3.rel1.win32_1.0.200.202406191623/tools/bin/../lib/gcc/arm-none-eabi/12.3.1/../../../../arm-none-eabi/lib/thumb/v7e-m+dp/hard\libc_nano.a(libc_a-errno.o)
                0x0800ffe4                __errno
 .text.__libc_init_array
                0x0800fff0       0x48 D:/SoftWare/STM32CUBEMX/STM32CubeIDE_1.16.1/STM32CubeIDE/plugins/com.st.stm32cube.ide.mcu.externaltools.gnu-tools-for-stm32.12.3.rel1.win32_1.0.200.202406191623/tools/bin/../lib/gcc/arm-none-eabi/12.3.1/../../../../arm-none-eabi/lib/thumb/v7e-m+dp/hard\libc_nano.a(libc_a-init.o)
                0x0800fff0                __libc_init_array
 .text.__retarget_lock_init_recursive
                0x08010038        0x2 D:/SoftWare/STM32CUBEMX/STM32CubeIDE_1.16.1/STM32CubeIDE/plugins/com.st.stm32cube.ide.mcu.externaltools.gnu-tools-for-stm32.12.3.rel1.win32_1.0.200.202406191623/tools/bin/../lib/gcc/arm-none-eabi/12.3.1/../../../../arm-none-eabi/lib/thumb/v7e-m+dp/hard\libc_nano.a(libc_a-lock.o)
                0x08010038                __retarget_lock_init_recursive
 .text.__retarget_lock_acquire_recursive
                0x0801003a        0x2 D:/SoftWare/STM32CUBEMX/STM32CubeIDE_1.16.1/STM32CubeIDE/plugins/com.st.stm32cube.ide.mcu.externaltools.gnu-tools-for-stm32.12.3.rel1.win32_1.0.200.202406191623/tools/bin/../lib/gcc/arm-none-eabi/12.3.1/../../../../arm-none-eabi/lib/thumb/v7e-m+dp/hard\libc_nano.a(libc_a-lock.o)
                0x0801003a                __retarget_lock_acquire_recursive
 .text.__retarget_lock_release_recursive
                0x0801003c        0x2 D:/SoftWare/STM32CUBEMX/STM32CubeIDE_1.16.1/STM32CubeIDE/plugins/com.st.stm32cube.ide.mcu.externaltools.gnu-tools-for-stm32.12.3.rel1.win32_1.0.200.202406191623/tools/bin/../lib/gcc/arm-none-eabi/12.3.1/../../../../arm-none-eabi/lib/thumb/v7e-m+dp/hard\libc_nano.a(libc_a-lock.o)
                0x0801003c                __retarget_lock_release_recursive
 .text.memcpy   0x0801003e       0x1c D:/SoftWare/STM32CUBEMX/STM32CubeIDE_1.16.1/STM32CubeIDE/plugins/com.st.stm32cube.ide.mcu.externaltools.gnu-tools-for-stm32.12.3.rel1.win32_1.0.200.202406191623/tools/bin/../lib/gcc/arm-none-eabi/12.3.1/../../../../arm-none-eabi/lib/thumb/v7e-m+dp/hard\libc_nano.a(libc_a-memcpy-stub.o)
                0x0801003e                memcpy
 *fill*         0x0801005a        0x6 
 .text.nan      0x08010060       0x10 D:/SoftWare/STM32CUBEMX/STM32CubeIDE_1.16.1/STM32CubeIDE/plugins/com.st.stm32cube.ide.mcu.externaltools.gnu-tools-for-stm32.12.3.rel1.win32_1.0.200.202406191623/tools/bin/../lib/gcc/arm-none-eabi/12.3.1/../../../../arm-none-eabi/lib/thumb/v7e-m+dp/hard\libc_nano.a(libm_a-s_nan.o)
                0x08010060                nan
 .text.nanf     0x08010070        0xc D:/SoftWare/STM32CUBEMX/STM32CubeIDE_1.16.1/STM32CubeIDE/plugins/com.st.stm32cube.ide.mcu.externaltools.gnu-tools-for-stm32.12.3.rel1.win32_1.0.200.202406191623/tools/bin/../lib/gcc/arm-none-eabi/12.3.1/../../../../arm-none-eabi/lib/thumb/v7e-m+dp/hard\libc_nano.a(libm_a-sf_nan.o)
                0x08010070                nanf
 .text.quorem   0x0801007c      0x110 D:/SoftWare/STM32CUBEMX/STM32CubeIDE_1.16.1/STM32CubeIDE/plugins/com.st.stm32cube.ide.mcu.externaltools.gnu-tools-for-stm32.12.3.rel1.win32_1.0.200.202406191623/tools/bin/../lib/gcc/arm-none-eabi/12.3.1/../../../../arm-none-eabi/lib/thumb/v7e-m+dp/hard\libc_nano.a(libc_a-dtoa.o)
 *fill*         0x0801018c        0x4 
 .text._dtoa_r  0x08010190      0xaac D:/SoftWare/STM32CUBEMX/STM32CubeIDE_1.16.1/STM32CubeIDE/plugins/com.st.stm32cube.ide.mcu.externaltools.gnu-tools-for-stm32.12.3.rel1.win32_1.0.200.202406191623/tools/bin/../lib/gcc/arm-none-eabi/12.3.1/../../../../arm-none-eabi/lib/thumb/v7e-m+dp/hard\libc_nano.a(libc_a-dtoa.o)
                0x08010190                _dtoa_r
 .text._free_r  0x08010c3c       0x94 D:/SoftWare/STM32CUBEMX/STM32CubeIDE_1.16.1/STM32CubeIDE/plugins/com.st.stm32cube.ide.mcu.externaltools.gnu-tools-for-stm32.12.3.rel1.win32_1.0.200.202406191623/tools/bin/../lib/gcc/arm-none-eabi/12.3.1/../../../../arm-none-eabi/lib/thumb/v7e-m+dp/hard\libc_nano.a(libc_a-freer.o)
                0x08010c3c                _free_r
 .text.rshift   0x08010cd0       0xa4 D:/SoftWare/STM32CUBEMX/STM32CubeIDE_1.16.1/STM32CubeIDE/plugins/com.st.stm32cube.ide.mcu.externaltools.gnu-tools-for-stm32.12.3.rel1.win32_1.0.200.202406191623/tools/bin/../lib/gcc/arm-none-eabi/12.3.1/../../../../arm-none-eabi/lib/thumb/v7e-m+dp/hard\libc_nano.a(libc_a-gdtoa-gethex.o)
 .text.__hexdig_fun
                0x08010d74       0x2a D:/SoftWare/STM32CUBEMX/STM32CubeIDE_1.16.1/STM32CubeIDE/plugins/com.st.stm32cube.ide.mcu.externaltools.gnu-tools-for-stm32.12.3.rel1.win32_1.0.200.202406191623/tools/bin/../lib/gcc/arm-none-eabi/12.3.1/../../../../arm-none-eabi/lib/thumb/v7e-m+dp/hard\libc_nano.a(libc_a-gdtoa-gethex.o)
                0x08010d74                __hexdig_fun
 *fill*         0x08010d9e        0x2 
 .text.__gethex
                0x08010da0      0x420 D:/SoftWare/STM32CUBEMX/STM32CubeIDE_1.16.1/STM32CubeIDE/plugins/com.st.stm32cube.ide.mcu.externaltools.gnu-tools-for-stm32.12.3.rel1.win32_1.0.200.202406191623/tools/bin/../lib/gcc/arm-none-eabi/12.3.1/../../../../arm-none-eabi/lib/thumb/v7e-m+dp/hard\libc_nano.a(libc_a-gdtoa-gethex.o)
                0x08010da0                __gethex
 .text.L_shift  0x080111c0       0x24 D:/SoftWare/STM32CUBEMX/STM32CubeIDE_1.16.1/STM32CubeIDE/plugins/com.st.stm32cube.ide.mcu.externaltools.gnu-tools-for-stm32.12.3.rel1.win32_1.0.200.202406191623/tools/bin/../lib/gcc/arm-none-eabi/12.3.1/../../../../arm-none-eabi/lib/thumb/v7e-m+dp/hard\libc_nano.a(libc_a-gdtoa-hexnan.o)
 .text.__match  0x080111e4       0x28 D:/SoftWare/STM32CUBEMX/STM32CubeIDE_1.16.1/STM32CubeIDE/plugins/com.st.stm32cube.ide.mcu.externaltools.gnu-tools-for-stm32.12.3.rel1.win32_1.0.200.202406191623/tools/bin/../lib/gcc/arm-none-eabi/12.3.1/../../../../arm-none-eabi/lib/thumb/v7e-m+dp/hard\libc_nano.a(libc_a-gdtoa-hexnan.o)
                0x080111e4                __match
 .text.__hexnan
                0x0801120c      0x136 D:/SoftWare/STM32CUBEMX/STM32CubeIDE_1.16.1/STM32CubeIDE/plugins/com.st.stm32cube.ide.mcu.externaltools.gnu-tools-for-stm32.12.3.rel1.win32_1.0.200.202406191623/tools/bin/../lib/gcc/arm-none-eabi/12.3.1/../../../../arm-none-eabi/lib/thumb/v7e-m+dp/hard\libc_nano.a(libc_a-gdtoa-hexnan.o)
                0x0801120c                __hexnan
 .text.__ascii_mbtowc
                0x08011342       0x24 D:/SoftWare/STM32CUBEMX/STM32CubeIDE_1.16.1/STM32CubeIDE/plugins/com.st.stm32cube.ide.mcu.externaltools.gnu-tools-for-stm32.12.3.rel1.win32_1.0.200.202406191623/tools/bin/../lib/gcc/arm-none-eabi/12.3.1/../../../../arm-none-eabi/lib/thumb/v7e-m+dp/hard\libc_nano.a(libc_a-mbtowc_r.o)
                0x08011342                __ascii_mbtowc
 *fill*         0x08011366        0x2 
 .text._Balloc  0x08011368       0x80 D:/SoftWare/STM32CUBEMX/STM32CubeIDE_1.16.1/STM32CubeIDE/plugins/com.st.stm32cube.ide.mcu.externaltools.gnu-tools-for-stm32.12.3.rel1.win32_1.0.200.202406191623/tools/bin/../lib/gcc/arm-none-eabi/12.3.1/../../../../arm-none-eabi/lib/thumb/v7e-m+dp/hard\libc_nano.a(libc_a-mprec.o)
                0x08011368                _Balloc
 .text._Bfree   0x080113e8       0x44 D:/SoftWare/STM32CUBEMX/STM32CubeIDE_1.16.1/STM32CubeIDE/plugins/com.st.stm32cube.ide.mcu.externaltools.gnu-tools-for-stm32.12.3.rel1.win32_1.0.200.202406191623/tools/bin/../lib/gcc/arm-none-eabi/12.3.1/../../../../arm-none-eabi/lib/thumb/v7e-m+dp/hard\libc_nano.a(libc_a-mprec.o)
                0x080113e8                _Bfree
 .text.__multadd
                0x0801142c       0x8c D:/SoftWare/STM32CUBEMX/STM32CubeIDE_1.16.1/STM32CubeIDE/plugins/com.st.stm32cube.ide.mcu.externaltools.gnu-tools-for-stm32.12.3.rel1.win32_1.0.200.202406191623/tools/bin/../lib/gcc/arm-none-eabi/12.3.1/../../../../arm-none-eabi/lib/thumb/v7e-m+dp/hard\libc_nano.a(libc_a-mprec.o)
                0x0801142c                __multadd
 .text.__s2b    0x080114b8       0x94 D:/SoftWare/STM32CUBEMX/STM32CubeIDE_1.16.1/STM32CubeIDE/plugins/com.st.stm32cube.ide.mcu.externaltools.gnu-tools-for-stm32.12.3.rel1.win32_1.0.200.202406191623/tools/bin/../lib/gcc/arm-none-eabi/12.3.1/../../../../arm-none-eabi/lib/thumb/v7e-m+dp/hard\libc_nano.a(libc_a-mprec.o)
                0x080114b8                __s2b
 .text.__hi0bits
                0x0801154c       0x3e D:/SoftWare/STM32CUBEMX/STM32CubeIDE_1.16.1/STM32CubeIDE/plugins/com.st.stm32cube.ide.mcu.externaltools.gnu-tools-for-stm32.12.3.rel1.win32_1.0.200.202406191623/tools/bin/../lib/gcc/arm-none-eabi/12.3.1/../../../../arm-none-eabi/lib/thumb/v7e-m+dp/hard\libc_nano.a(libc_a-mprec.o)
                0x0801154c                __hi0bits
 .text.__lo0bits
                0x0801158a       0x5a D:/SoftWare/STM32CUBEMX/STM32CubeIDE_1.16.1/STM32CubeIDE/plugins/com.st.stm32cube.ide.mcu.externaltools.gnu-tools-for-stm32.12.3.rel1.win32_1.0.200.202406191623/tools/bin/../lib/gcc/arm-none-eabi/12.3.1/../../../../arm-none-eabi/lib/thumb/v7e-m+dp/hard\libc_nano.a(libc_a-mprec.o)
                0x0801158a                __lo0bits
 .text.__i2b    0x080115e4       0x2c D:/SoftWare/STM32CUBEMX/STM32CubeIDE_1.16.1/STM32CubeIDE/plugins/com.st.stm32cube.ide.mcu.externaltools.gnu-tools-for-stm32.12.3.rel1.win32_1.0.200.202406191623/tools/bin/../lib/gcc/arm-none-eabi/12.3.1/../../../../arm-none-eabi/lib/thumb/v7e-m+dp/hard\libc_nano.a(libc_a-mprec.o)
                0x080115e4                __i2b
 .text.__multiply
                0x08011610      0x154 D:/SoftWare/STM32CUBEMX/STM32CubeIDE_1.16.1/STM32CubeIDE/plugins/com.st.stm32cube.ide.mcu.externaltools.gnu-tools-for-stm32.12.3.rel1.win32_1.0.200.202406191623/tools/bin/../lib/gcc/arm-none-eabi/12.3.1/../../../../arm-none-eabi/lib/thumb/v7e-m+dp/hard\libc_nano.a(libc_a-mprec.o)
                0x08011610                __multiply
 .text.__pow5mult
                0x08011764       0xb4 D:/SoftWare/STM32CUBEMX/STM32CubeIDE_1.16.1/STM32CubeIDE/plugins/com.st.stm32cube.ide.mcu.externaltools.gnu-tools-for-stm32.12.3.rel1.win32_1.0.200.202406191623/tools/bin/../lib/gcc/arm-none-eabi/12.3.1/../../../../arm-none-eabi/lib/thumb/v7e-m+dp/hard\libc_nano.a(libc_a-mprec.o)
                0x08011764                __pow5mult
 .text.__lshift
                0x08011818       0xd8 D:/SoftWare/STM32CUBEMX/STM32CubeIDE_1.16.1/STM32CubeIDE/plugins/com.st.stm32cube.ide.mcu.externaltools.gnu-tools-for-stm32.12.3.rel1.win32_1.0.200.202406191623/tools/bin/../lib/gcc/arm-none-eabi/12.3.1/../../../../arm-none-eabi/lib/thumb/v7e-m+dp/hard\libc_nano.a(libc_a-mprec.o)
                0x08011818                __lshift
 .text.__mcmp   0x080118f0       0x36 D:/SoftWare/STM32CUBEMX/STM32CubeIDE_1.16.1/STM32CubeIDE/plugins/com.st.stm32cube.ide.mcu.externaltools.gnu-tools-for-stm32.12.3.rel1.win32_1.0.200.202406191623/tools/bin/../lib/gcc/arm-none-eabi/12.3.1/../../../../arm-none-eabi/lib/thumb/v7e-m+dp/hard\libc_nano.a(libc_a-mprec.o)
                0x080118f0                __mcmp
 *fill*         0x08011926        0x2 
 .text.__mdiff  0x08011928      0x128 D:/SoftWare/STM32CUBEMX/STM32CubeIDE_1.16.1/STM32CubeIDE/plugins/com.st.stm32cube.ide.mcu.externaltools.gnu-tools-for-stm32.12.3.rel1.win32_1.0.200.202406191623/tools/bin/../lib/gcc/arm-none-eabi/12.3.1/../../../../arm-none-eabi/lib/thumb/v7e-m+dp/hard\libc_nano.a(libc_a-mprec.o)
                0x08011928                __mdiff
 .text.__ulp    0x08011a50       0x4c D:/SoftWare/STM32CUBEMX/STM32CubeIDE_1.16.1/STM32CubeIDE/plugins/com.st.stm32cube.ide.mcu.externaltools.gnu-tools-for-stm32.12.3.rel1.win32_1.0.200.202406191623/tools/bin/../lib/gcc/arm-none-eabi/12.3.1/../../../../arm-none-eabi/lib/thumb/v7e-m+dp/hard\libc_nano.a(libc_a-mprec.o)
                0x08011a50                __ulp
 .text.__b2d    0x08011a9c       0x94 D:/SoftWare/STM32CUBEMX/STM32CubeIDE_1.16.1/STM32CubeIDE/plugins/com.st.stm32cube.ide.mcu.externaltools.gnu-tools-for-stm32.12.3.rel1.win32_1.0.200.202406191623/tools/bin/../lib/gcc/arm-none-eabi/12.3.1/../../../../arm-none-eabi/lib/thumb/v7e-m+dp/hard\libc_nano.a(libc_a-mprec.o)
                0x08011a9c                __b2d
 .text.__d2b    0x08011b30       0xb0 D:/SoftWare/STM32CUBEMX/STM32CubeIDE_1.16.1/STM32CubeIDE/plugins/com.st.stm32cube.ide.mcu.externaltools.gnu-tools-for-stm32.12.3.rel1.win32_1.0.200.202406191623/tools/bin/../lib/gcc/arm-none-eabi/12.3.1/../../../../arm-none-eabi/lib/thumb/v7e-m+dp/hard\libc_nano.a(libc_a-mprec.o)
                0x08011b30                __d2b
 .text.__ratio  0x08011be0       0x5e D:/SoftWare/STM32CUBEMX/STM32CubeIDE_1.16.1/STM32CubeIDE/plugins/com.st.stm32cube.ide.mcu.externaltools.gnu-tools-for-stm32.12.3.rel1.win32_1.0.200.202406191623/tools/bin/../lib/gcc/arm-none-eabi/12.3.1/../../../../arm-none-eabi/lib/thumb/v7e-m+dp/hard\libc_nano.a(libc_a-mprec.o)
                0x08011be0                __ratio
 .text.__copybits
                0x08011c3e       0x46 D:/SoftWare/STM32CUBEMX/STM32CubeIDE_1.16.1/STM32CubeIDE/plugins/com.st.stm32cube.ide.mcu.externaltools.gnu-tools-for-stm32.12.3.rel1.win32_1.0.200.202406191623/tools/bin/../lib/gcc/arm-none-eabi/12.3.1/../../../../arm-none-eabi/lib/thumb/v7e-m+dp/hard\libc_nano.a(libc_a-mprec.o)
                0x08011c3e                __copybits
 .text.__any_on
                0x08011c84       0x42 D:/SoftWare/STM32CUBEMX/STM32CubeIDE_1.16.1/STM32CubeIDE/plugins/com.st.stm32cube.ide.mcu.externaltools.gnu-tools-for-stm32.12.3.rel1.win32_1.0.200.202406191623/tools/bin/../lib/gcc/arm-none-eabi/12.3.1/../../../../arm-none-eabi/lib/thumb/v7e-m+dp/hard\libc_nano.a(libc_a-mprec.o)
                0x08011c84                __any_on
 *fill*         0x08011cc6        0x2 
 .text._strtol_l.constprop.0
                0x08011cc8       0xf4 D:/SoftWare/STM32CUBEMX/STM32CubeIDE_1.16.1/STM32CubeIDE/plugins/com.st.stm32cube.ide.mcu.externaltools.gnu-tools-for-stm32.12.3.rel1.win32_1.0.200.202406191623/tools/bin/../lib/gcc/arm-none-eabi/12.3.1/../../../../arm-none-eabi/lib/thumb/v7e-m+dp/hard\libc_nano.a(libc_a-strtol.o)
 .text._strtol_r
                0x08011dbc        0x4 D:/SoftWare/STM32CUBEMX/STM32CubeIDE_1.16.1/STM32CubeIDE/plugins/com.st.stm32cube.ide.mcu.externaltools.gnu-tools-for-stm32.12.3.rel1.win32_1.0.200.202406191623/tools/bin/../lib/gcc/arm-none-eabi/12.3.1/../../../../arm-none-eabi/lib/thumb/v7e-m+dp/hard\libc_nano.a(libc_a-strtol.o)
                0x08011dbc                _strtol_r
 .text.__ascii_wctomb
                0x08011dc0       0x1a D:/SoftWare/STM32CUBEMX/STM32CubeIDE_1.16.1/STM32CubeIDE/plugins/com.st.stm32cube.ide.mcu.externaltools.gnu-tools-for-stm32.12.3.rel1.win32_1.0.200.202406191623/tools/bin/../lib/gcc/arm-none-eabi/12.3.1/../../../../arm-none-eabi/lib/thumb/v7e-m+dp/hard\libc_nano.a(libc_a-wctomb_r.o)
                0x08011dc0                __ascii_wctomb
 .text.__ssputs_r
                0x08011dda       0xb6 D:/SoftWare/STM32CUBEMX/STM32CubeIDE_1.16.1/STM32CubeIDE/plugins/com.st.stm32cube.ide.mcu.externaltools.gnu-tools-for-stm32.12.3.rel1.win32_1.0.200.202406191623/tools/bin/../lib/gcc/arm-none-eabi/12.3.1/../../../../arm-none-eabi/lib/thumb/v7e-m+dp/hard\libc_nano.a(libc_a-nano-svfprintf.o)
                0x08011dda                __ssputs_r
 .text._svfprintf_r
                0x08011e90      0x1f8 D:/SoftWare/STM32CUBEMX/STM32CubeIDE_1.16.1/STM32CubeIDE/plugins/com.st.stm32cube.ide.mcu.externaltools.gnu-tools-for-stm32.12.3.rel1.win32_1.0.200.202406191623/tools/bin/../lib/gcc/arm-none-eabi/12.3.1/../../../../arm-none-eabi/lib/thumb/v7e-m+dp/hard\libc_nano.a(libc_a-nano-svfprintf.o)
                0x08011e90                _svfiprintf_r
                0x08011e90                _svfprintf_r
 .text._sungetc_r
                0x08012088       0x76 D:/SoftWare/STM32CUBEMX/STM32CubeIDE_1.16.1/STM32CubeIDE/plugins/com.st.stm32cube.ide.mcu.externaltools.gnu-tools-for-stm32.12.3.rel1.win32_1.0.200.202406191623/tools/bin/../lib/gcc/arm-none-eabi/12.3.1/../../../../arm-none-eabi/lib/thumb/v7e-m+dp/hard\libc_nano.a(libc_a-nano-svfscanf.o)
                0x08012088                _sungetc_r
 .text.__ssrefill_r
                0x080120fe       0x3a D:/SoftWare/STM32CUBEMX/STM32CubeIDE_1.16.1/STM32CubeIDE/plugins/com.st.stm32cube.ide.mcu.externaltools.gnu-tools-for-stm32.12.3.rel1.win32_1.0.200.202406191623/tools/bin/../lib/gcc/arm-none-eabi/12.3.1/../../../../arm-none-eabi/lib/thumb/v7e-m+dp/hard\libc_nano.a(libc_a-nano-svfscanf.o)
                0x080120fe                __ssrefill_r
 .text.__ssvfscanf_r
                0x08012138      0x2e8 D:/SoftWare/STM32CUBEMX/STM32CubeIDE_1.16.1/STM32CubeIDE/plugins/com.st.stm32cube.ide.mcu.externaltools.gnu-tools-for-stm32.12.3.rel1.win32_1.0.200.202406191623/tools/bin/../lib/gcc/arm-none-eabi/12.3.1/../../../../arm-none-eabi/lib/thumb/v7e-m+dp/hard\libc_nano.a(libc_a-nano-svfscanf.o)
                0x08012138                __ssvfiscanf_r
                0x08012138                __ssvfscanf_r
 .text._scanf_chars
                0x08012420       0xb4 D:/SoftWare/STM32CUBEMX/STM32CubeIDE_1.16.1/STM32CubeIDE/plugins/com.st.stm32cube.ide.mcu.externaltools.gnu-tools-for-stm32.12.3.rel1.win32_1.0.200.202406191623/tools/bin/../lib/gcc/arm-none-eabi/12.3.1/../../../../arm-none-eabi/lib/thumb/v7e-m+dp/hard\libc_nano.a(libc_a-nano-vfscanf_i.o)
                0x08012420                _scanf_chars
 .text._scanf_i
                0x080124d4      0x1e8 D:/SoftWare/STM32CUBEMX/STM32CubeIDE_1.16.1/STM32CubeIDE/plugins/com.st.stm32cube.ide.mcu.externaltools.gnu-tools-for-stm32.12.3.rel1.win32_1.0.200.202406191623/tools/bin/../lib/gcc/arm-none-eabi/12.3.1/../../../../arm-none-eabi/lib/thumb/v7e-m+dp/hard\libc_nano.a(libc_a-nano-vfscanf_i.o)
                0x080124d4                _scanf_i
 .text.__sflush_r
                0x080126bc      0x108 D:/SoftWare/STM32CUBEMX/STM32CubeIDE_1.16.1/STM32CubeIDE/plugins/com.st.stm32cube.ide.mcu.externaltools.gnu-tools-for-stm32.12.3.rel1.win32_1.0.200.202406191623/tools/bin/../lib/gcc/arm-none-eabi/12.3.1/../../../../arm-none-eabi/lib/thumb/v7e-m+dp/hard\libc_nano.a(libc_a-fflush.o)
                0x080126bc                __sflush_r
 .text._fflush_r
                0x080127c4       0x50 D:/SoftWare/STM32CUBEMX/STM32CubeIDE_1.16.1/STM32CubeIDE/plugins/com.st.stm32cube.ide.mcu.externaltools.gnu-tools-for-stm32.12.3.rel1.win32_1.0.200.202406191623/tools/bin/../lib/gcc/arm-none-eabi/12.3.1/../../../../arm-none-eabi/lib/thumb/v7e-m+dp/hard\libc_nano.a(libc_a-fflush.o)
                0x080127c4                _fflush_r
 .text.__sccl   0x08012814       0x72 D:/SoftWare/STM32CUBEMX/STM32CubeIDE_1.16.1/STM32CubeIDE/plugins/com.st.stm32cube.ide.mcu.externaltools.gnu-tools-for-stm32.12.3.rel1.win32_1.0.200.202406191623/tools/bin/../lib/gcc/arm-none-eabi/12.3.1/../../../../arm-none-eabi/lib/thumb/v7e-m+dp/hard\libc_nano.a(libc_a-sccl.o)
                0x08012814                __sccl
 .text.__submore
                0x08012886       0x74 D:/SoftWare/STM32CUBEMX/STM32CubeIDE_1.16.1/STM32CubeIDE/plugins/com.st.stm32cube.ide.mcu.externaltools.gnu-tools-for-stm32.12.3.rel1.win32_1.0.200.202406191623/tools/bin/../lib/gcc/arm-none-eabi/12.3.1/../../../../arm-none-eabi/lib/thumb/v7e-m+dp/hard\libc_nano.a(libc_a-ungetc.o)
                0x08012886                __submore
 .text.memmove  0x080128fa       0x34 D:/SoftWare/STM32CUBEMX/STM32CubeIDE_1.16.1/STM32CubeIDE/plugins/com.st.stm32cube.ide.mcu.externaltools.gnu-tools-for-stm32.12.3.rel1.win32_1.0.200.202406191623/tools/bin/../lib/gcc/arm-none-eabi/12.3.1/../../../../arm-none-eabi/lib/thumb/v7e-m+dp/hard\libc_nano.a(libc_a-memmove.o)
                0x080128fa                memmove
 *fill*         0x0801292e        0x2 
 .text.__assert_func
                0x08012930       0x3c D:/SoftWare/STM32CUBEMX/STM32CubeIDE_1.16.1/STM32CubeIDE/plugins/com.st.stm32cube.ide.mcu.externaltools.gnu-tools-for-stm32.12.3.rel1.win32_1.0.200.202406191623/tools/bin/../lib/gcc/arm-none-eabi/12.3.1/../../../../arm-none-eabi/lib/thumb/v7e-m+dp/hard\libc_nano.a(libc_a-assert.o)
                0x08012930                __assert_func
 .text._calloc_r
                0x0801296c       0x28 D:/SoftWare/STM32CUBEMX/STM32CubeIDE_1.16.1/STM32CubeIDE/plugins/com.st.stm32cube.ide.mcu.externaltools.gnu-tools-for-stm32.12.3.rel1.win32_1.0.200.202406191623/tools/bin/../lib/gcc/arm-none-eabi/12.3.1/../../../../arm-none-eabi/lib/thumb/v7e-m+dp/hard\libc_nano.a(libc_a-callocr.o)
                0x0801296c                _calloc_r
 .text._realloc_r
                0x08012994       0x5c D:/SoftWare/STM32CUBEMX/STM32CubeIDE_1.16.1/STM32CubeIDE/plugins/com.st.stm32cube.ide.mcu.externaltools.gnu-tools-for-stm32.12.3.rel1.win32_1.0.200.202406191623/tools/bin/../lib/gcc/arm-none-eabi/12.3.1/../../../../arm-none-eabi/lib/thumb/v7e-m+dp/hard\libc_nano.a(libc_a-reallocr.o)
                0x08012994                _realloc_r
 .text._strtoul_l.constprop.0
                0x080129f0       0xdc D:/SoftWare/STM32CUBEMX/STM32CubeIDE_1.16.1/STM32CubeIDE/plugins/com.st.stm32cube.ide.mcu.externaltools.gnu-tools-for-stm32.12.3.rel1.win32_1.0.200.202406191623/tools/bin/../lib/gcc/arm-none-eabi/12.3.1/../../../../arm-none-eabi/lib/thumb/v7e-m+dp/hard\libc_nano.a(libc_a-strtoul.o)
 .text._strtoul_r
                0x08012acc        0x4 D:/SoftWare/STM32CUBEMX/STM32CubeIDE_1.16.1/STM32CubeIDE/plugins/com.st.stm32cube.ide.mcu.externaltools.gnu-tools-for-stm32.12.3.rel1.win32_1.0.200.202406191623/tools/bin/../lib/gcc/arm-none-eabi/12.3.1/../../../../arm-none-eabi/lib/thumb/v7e-m+dp/hard\libc_nano.a(libc_a-strtoul.o)
                0x08012acc                _strtoul_r
 .text.fprintf  0x08012ad0       0x24 D:/SoftWare/STM32CUBEMX/STM32CubeIDE_1.16.1/STM32CubeIDE/plugins/com.st.stm32cube.ide.mcu.externaltools.gnu-tools-for-stm32.12.3.rel1.win32_1.0.200.202406191623/tools/bin/../lib/gcc/arm-none-eabi/12.3.1/../../../../arm-none-eabi/lib/thumb/v7e-m+dp/hard\libc_nano.a(libc_a-fprintf.o)
                0x08012ad0                fiprintf
                0x08012ad0                fprintf
 .text.abort    0x08012af4        0xe D:/SoftWare/STM32CUBEMX/STM32CubeIDE_1.16.1/STM32CubeIDE/plugins/com.st.stm32cube.ide.mcu.externaltools.gnu-tools-for-stm32.12.3.rel1.win32_1.0.200.202406191623/tools/bin/../lib/gcc/arm-none-eabi/12.3.1/../../../../arm-none-eabi/lib/thumb/v7e-m+dp/hard\libc_nano.a(libc_a-abort.o)
                0x08012af4                abort
 .text._malloc_usable_size_r
                0x08012b02       0x10 D:/SoftWare/STM32CUBEMX/STM32CubeIDE_1.16.1/STM32CubeIDE/plugins/com.st.stm32cube.ide.mcu.externaltools.gnu-tools-for-stm32.12.3.rel1.win32_1.0.200.202406191623/tools/bin/../lib/gcc/arm-none-eabi/12.3.1/../../../../arm-none-eabi/lib/thumb/v7e-m+dp/hard\libc_nano.a(libc_a-msizer.o)
                0x08012b02                _malloc_usable_size_r
 .text.__sfputc_r
                0x08012b12       0x2e D:/SoftWare/STM32CUBEMX/STM32CubeIDE_1.16.1/STM32CubeIDE/plugins/com.st.stm32cube.ide.mcu.externaltools.gnu-tools-for-stm32.12.3.rel1.win32_1.0.200.202406191623/tools/bin/../lib/gcc/arm-none-eabi/12.3.1/../../../../arm-none-eabi/lib/thumb/v7e-m+dp/hard\libc_nano.a(libc_a-nano-vfprintf.o)
 .text.__sfputs_r
                0x08012b40       0x24 D:/SoftWare/STM32CUBEMX/STM32CubeIDE_1.16.1/STM32CubeIDE/plugins/com.st.stm32cube.ide.mcu.externaltools.gnu-tools-for-stm32.12.3.rel1.win32_1.0.200.202406191623/tools/bin/../lib/gcc/arm-none-eabi/12.3.1/../../../../arm-none-eabi/lib/thumb/v7e-m+dp/hard\libc_nano.a(libc_a-nano-vfprintf.o)
                0x08012b40                __sfputs_r
 .text._vfprintf_r
                0x08012b64      0x230 D:/SoftWare/STM32CUBEMX/STM32CubeIDE_1.16.1/STM32CubeIDE/plugins/com.st.stm32cube.ide.mcu.externaltools.gnu-tools-for-stm32.12.3.rel1.win32_1.0.200.202406191623/tools/bin/../lib/gcc/arm-none-eabi/12.3.1/../../../../arm-none-eabi/lib/thumb/v7e-m+dp/hard\libc_nano.a(libc_a-nano-vfprintf.o)
                0x08012b64                _vfprintf_r
                0x08012b64                _vfiprintf_r
 .text.__swbuf_r