Archive member included to satisfy reference by file (symbol)

D:/SoftWare/STM32CUBEMX/STM32CubeIDE_1.16.1/STM32CubeIDE/plugins/com.st.stm32cube.ide.mcu.externaltools.gnu-tools-for-stm32.12.3.rel1.win32_1.0.200.202406191623/tools/bin/../lib/gcc/arm-none-eabi/12.3.1/../../../../arm-none-eabi/lib/thumb/v7e-m+dp/hard\libc_nano.a(libc_a-exit.o)
                              D:/SoftWare/STM32CUBEMX/STM32CubeIDE_1.16.1/STM32CubeIDE/plugins/com.st.stm32cube.ide.mcu.externaltools.gnu-tools-for-stm32.12.3.rel1.win32_1.0.200.202406191623/tools/bin/../lib/gcc/arm-none-eabi/12.3.1/../../../../arm-none-eabi/lib/thumb/v7e-m+dp/hard/crt0.o (exit)
D:/SoftWare/STM32CUBEMX/STM32CubeIDE_1.16.1/STM32CubeIDE/plugins/com.st.stm32cube.ide.mcu.externaltools.gnu-tools-for-stm32.12.3.rel1.win32_1.0.200.202406191623/tools/bin/../lib/gcc/arm-none-eabi/12.3.1/../../../../arm-none-eabi/lib/thumb/v7e-m+dp/hard\libc_nano.a(libc_a-malloc.o)
                              ./Hardware/SCSLib/SCS.o (malloc)
D:/SoftWare/STM32CUBEMX/STM32CubeIDE_1.16.1/STM32CubeIDE/plugins/com.st.stm32cube.ide.mcu.externaltools.gnu-tools-for-stm32.12.3.rel1.win32_1.0.200.202406191623/tools/bin/../lib/gcc/arm-none-eabi/12.3.1/../../../../arm-none-eabi/lib/thumb/v7e-m+dp/hard\libc_nano.a(libc_a-mallocr.o)
                              D:/SoftWare/STM32CUBEMX/STM32CubeIDE_1.16.1/STM32CubeIDE/plugins/com.st.stm32cube.ide.mcu.externaltools.gnu-tools-for-stm32.12.3.rel1.win32_1.0.200.202406191623/tools/bin/../lib/gcc/arm-none-eabi/12.3.1/../../../../arm-none-eabi/lib/thumb/v7e-m+dp/hard\libc_nano.a(libc_a-malloc.o) (_malloc_r)
D:/SoftWare/STM32CUBEMX/STM32CubeIDE_1.16.1/STM32CubeIDE/plugins/com.st.stm32cube.ide.mcu.externaltools.gnu-tools-for-stm32.12.3.rel1.win32_1.0.200.202406191623/tools/bin/../lib/gcc/arm-none-eabi/12.3.1/../../../../arm-none-eabi/lib/thumb/v7e-m+dp/hard\libc_nano.a(libc_a-mlock.o)
                              D:/SoftWare/STM32CUBEMX/STM32CubeIDE_1.16.1/STM32CubeIDE/plugins/com.st.stm32cube.ide.mcu.externaltools.gnu-tools-for-stm32.12.3.rel1.win32_1.0.200.202406191623/tools/bin/../lib/gcc/arm-none-eabi/12.3.1/../../../../arm-none-eabi/lib/thumb/v7e-m+dp/hard\libc_nano.a(libc_a-mallocr.o) (__malloc_lock)
D:/SoftWare/STM32CUBEMX/STM32CubeIDE_1.16.1/STM32CubeIDE/plugins/com.st.stm32cube.ide.mcu.externaltools.gnu-tools-for-stm32.12.3.rel1.win32_1.0.200.202406191623/tools/bin/../lib/gcc/arm-none-eabi/12.3.1/../../../../arm-none-eabi/lib/thumb/v7e-m+dp/hard\libc_nano.a(libc_a-strtod.o)
                              ./Hardware/Joy_Interface/Joy_Interface.o (strtof)
D:/SoftWare/STM32CUBEMX/STM32CubeIDE_1.16.1/STM32CubeIDE/plugins/com.st.stm32cube.ide.mcu.externaltools.gnu-tools-for-stm32.12.3.rel1.win32_1.0.200.202406191623/tools/bin/../lib/gcc/arm-none-eabi/12.3.1/../../../../arm-none-eabi/lib/thumb/v7e-m+dp/hard\libc_nano.a(libc_a-nano-vfprintf_float.o)
                              (_printf_float)
D:/SoftWare/STM32CUBEMX/STM32CubeIDE_1.16.1/STM32CubeIDE/plugins/com.st.stm32cube.ide.mcu.externaltools.gnu-tools-for-stm32.12.3.rel1.win32_1.0.200.202406191623/tools/bin/../lib/gcc/arm-none-eabi/12.3.1/../../../../arm-none-eabi/lib/thumb/v7e-m+dp/hard\libc_nano.a(libc_a-nano-vfprintf_i.o)
                              D:/SoftWare/STM32CUBEMX/STM32CubeIDE_1.16.1/STM32CubeIDE/plugins/com.st.stm32cube.ide.mcu.externaltools.gnu-tools-for-stm32.12.3.rel1.win32_1.0.200.202406191623/tools/bin/../lib/gcc/arm-none-eabi/12.3.1/../../../../arm-none-eabi/lib/thumb/v7e-m+dp/hard\libc_nano.a(libc_a-nano-vfprintf_float.o) (_printf_common)
D:/SoftWare/STM32CUBEMX/STM32CubeIDE_1.16.1/STM32CubeIDE/plugins/com.st.stm32cube.ide.mcu.externaltools.gnu-tools-for-stm32.12.3.rel1.win32_1.0.200.202406191623/tools/bin/../lib/gcc/arm-none-eabi/12.3.1/../../../../arm-none-eabi/lib/thumb/v7e-m+dp/hard\libc_nano.a(libc_a-nano-vfscanf_float.o)
                              (_scanf_float)
D:/SoftWare/STM32CUBEMX/STM32CubeIDE_1.16.1/STM32CubeIDE/plugins/com.st.stm32cube.ide.mcu.externaltools.gnu-tools-for-stm32.12.3.rel1.win32_1.0.200.202406191623/tools/bin/../lib/gcc/arm-none-eabi/12.3.1/../../../../arm-none-eabi/lib/thumb/v7e-m+dp/hard\libc_nano.a(libc_a-findfp.o)
                              D:/SoftWare/STM32CUBEMX/STM32CubeIDE_1.16.1/STM32CubeIDE/plugins/com.st.stm32cube.ide.mcu.externaltools.gnu-tools-for-stm32.12.3.rel1.win32_1.0.200.202406191623/tools/bin/../lib/gcc/arm-none-eabi/12.3.1/../../../../arm-none-eabi/lib/thumb/v7e-m+dp/hard\libc_nano.a(libc_a-exit.o) (__stdio_exit_handler)
D:/SoftWare/STM32CUBEMX/STM32CubeIDE_1.16.1/STM32CubeIDE/plugins/com.st.stm32cube.ide.mcu.externaltools.gnu-tools-for-stm32.12.3.rel1.win32_1.0.200.202406191623/tools/bin/../lib/gcc/arm-none-eabi/12.3.1/../../../../arm-none-eabi/lib/thumb/v7e-m+dp/hard\libc_nano.a(libc_a-fwalk.o)
[...]
Memory Configuration

Name             Origin             Length             Attributes
ITCMRAM          0x00000000         0x00010000         xrw
DTCMRAM          0x20000000         0x00020000         xrw
FLASH            0x08000000         0x00100000         xr
RAM_D1           0x24000000         0x00050000         xrw
RAM_D2           0x30000000         0x00008000         xrw
RAM_D3           0x38000000         0x00004000         xrw
*default*        0x00000000         0xffffffff

Linker script and memory map

LOAD D:/SoftWare/STM32CUBEMX/STM32CubeIDE_1.16.1/STM32CubeIDE/plugins/com.st.stm32cube.ide.mcu.externaltools.gnu-tools-for-stm32.12.3.rel1.win32_1.0.200.202406191623/tools/bin/../lib/gcc/arm-none-eabi/12.3.1/thumb/v7e-m+dp/hard/crti.o
LOAD D:/SoftWare/STM32CUBEMX/STM32CubeIDE_1.16.1/STM32CubeIDE/plugins/com.st.stm32cube.ide.mcu.externaltools.gnu-tools-for-stm32.12.3.rel1.win32_1.0.200.202406191623/tools/bin/../lib/gcc/arm-none-eabi/12.3.1/thumb/v7e-m+dp/hard/crtbegin.o
LOAD D:/SoftWare/STM32CUBEMX/STM32CubeIDE_1.16.1/STM32CubeIDE/plugins/com.st.stm32cube.ide.mcu.externaltools.gnu-tools-for-stm32.12.3.rel1.win32_1.0.200.202406191623/tools/bin/../lib/gcc/arm-none-eabi/12.3.1/../../../../arm-none-eabi/lib/thumb/v7e-m+dp/hard/crt0.o
LOAD ./Core/Src/fdcan.o
LOAD ./Core/Src/gpio.o
LOAD ./Core/Src/main.o
LOAD ./Core/Src/memorymap.o
LOAD ./Core/Src/stm32h7xx_hal_msp.o
LOAD ./Core/Src/stm32h7xx_it.o
LOAD ./Core/Src/syscalls.o
LOAD ./Core/Src/sysmem.o
LOAD ./Core/Src/system_stm32h7xx.o
LOAD ./Core/Src/tim.o
LOAD ./Core/Src/usart.o
LOAD ./Core/Startup/startup_stm32h723vgtx.o
LOAD ./Drivers/STM32H7xx_HAL_Driver/Src/stm32h7xx_hal.o
LOAD ./Drivers/STM32H7xx_HAL_Driver/Src/stm32h7xx_hal_cortex.o
LOAD ./Drivers/STM32H7xx_HAL_Driver/Src/stm32h7xx_hal_dma.o
LOAD ./Drivers/STM32H7xx_HAL_Driver/Src/stm32h7xx_hal_dma_ex.o
LOAD ./Drivers/STM32H7xx_HAL_Driver/Src/stm32h7xx_hal_exti.o
LOAD ./Drivers/STM32H7xx_HAL_Driver/Src/stm32h7xx_hal_fdcan.o
LOAD ./Drivers/STM32H7xx_HAL_Driver/Src/stm32h7xx_hal_flash.o
LOAD ./Drivers/STM32H7xx_HAL_Driver/Src/stm32h7xx_hal_flash_ex.o
LOAD ./Drivers/STM32H7xx_HAL_Driver/Src/stm32h7xx_hal_gpio.o
LOAD ./Drivers/STM32H7xx_HAL_Driver/Src/stm32h7xx_hal_hsem.o
LOAD ./Drivers/STM32H7xx_HAL_Driver/Src/stm32h7xx_hal_i2c.o
LOAD ./Drivers/STM32H7xx_HAL_Driver/Src/stm32h7xx_hal_i2c_ex.o
LOAD ./Drivers/STM32H7xx_HAL_Driver/Src/stm32h7xx_hal_mdma.o
LOAD ./Drivers/STM32H7xx_HAL_Driver/Src/stm32h7xx_hal_pwr.o
LOAD ./Drivers/STM32H7xx_HAL_Driver/Src/stm32h7xx_hal_pwr_ex.o
LOAD ./Drivers/STM32H7xx_HAL_Driver/Src/stm32h7xx_hal_rcc.o
LOAD ./Drivers/STM32H7xx_HAL_Driver/Src/stm32h7xx_hal_rcc_ex.o
LOAD ./Drivers/STM32H7xx_HAL_Driver/Src/stm32h7xx_hal_tim.o
LOAD ./Drivers/STM32H7xx_HAL_Driver/Src/stm32h7xx_hal_tim_ex.o
LOAD ./Drivers/STM32H7xx_HAL_Driver/Src/stm32h7xx_hal_uart.o
LOAD ./Drivers/STM32H7xx_HAL_Driver/Src/stm32h7xx_hal_uart_ex.o
LOAD ./Hardware/Action/Action.o
LOAD ./Hardware/Arm/Arm.o
LOAD ./Hardware/Emm_V5/Emm_V5.o
LOAD ./Hardware/HWT101CT/HWT101CT.o
LOAD ./Hardware/Joy_Interface/Joy_Interface.o
LOAD ./Hardware/Location/Location.o
LOAD ./Hardware/Run/Run.o
LOAD ./Hardware/SCSLib/SCS.o
LOAD ./Hardware/SCSLib/SCS_Uart.o
LOAD ./Hardware/SCSLib/SCSerial.o
LOAD ./Hardware/SCSLib/SMS_STS.o
LOAD ./Hardware/SCSLib/SyncRead.o
LOAD ./Hardware/Screen/Screen.o
LOAD ./Hardware/Stability/Stability.o
LOAD ./Hardware/TX/Tx.o
LOAD ./Hardware/Time/Time.o
START GROUP
LOAD D:/SoftWare/STM32CUBEMX/STM32CubeIDE_1.16.1/STM32CubeIDE/plugins/com.st.stm32cube.ide.mcu.externaltools.gnu-tools-for-stm32.12.3.rel1.win32_1.0.200.202406191623/tools/bin/../lib/gcc/arm-none-eabi/12.3.1/../../../../arm-none-eabi/lib/thumb/v7e-m+dp/hard\libc_nano.a
LOAD D:/SoftWare/STM32CUBEMX/STM32CubeIDE_1.16.1/STM32CubeIDE/plugins/com.st.stm32cube.ide.mcu.externaltools.gnu-tools-for-stm32.12.3.rel1.win32_1.0.200.202406191623/tools/bin/../lib/gcc/arm-none-eabi/12.3.1/../../../../arm-none-eabi/lib/thumb/v7e-m+dp/hard\libm.a
END GROUP
START GROUP
LOAD D:/SoftWare/STM32CUBEMX/STM32CubeIDE_1.16.1/STM32CubeIDE/plugins/com.st.stm32cube.ide.mcu.externaltools.gnu-tools-for-stm32.12.3.rel1.win32_1.0.200.202406191623/tools/bin/../lib/gcc/arm-none-eabi/12.3.1/thumb/v7e-m+dp/hard\libgcc.a
LOAD D:/SoftWare/STM32CUBEMX/STM32CubeIDE_1.16.1/STM32CubeIDE/plugins/com.st.stm32cube.ide.mcu.externaltools.gnu-tools-for-stm32.12.3.rel1.win32_1.0.200.202406191623/tools/bin/../lib/gcc/arm-none-eabi/12.3.1/../../../../arm-none-eabi/lib/thumb/v7e-m+dp/hard\libc_nano.a
END GROUP
START GROUP
LOAD D:/SoftWare/STM32CUBEMX/STM32CubeIDE_1.16.1/STM32CubeIDE/plugins/com.st.stm32cube.ide.mcu.externaltools.gnu-tools-for-stm32.12.3.rel1.win32_1.0.200.202406191623/tools/bin/../lib/gcc/arm-none-eabi/12.3.1/thumb/v7e-m+dp/hard\libgcc.a
LOAD D:/SoftWare/STM32CUBEMX/STM32CubeIDE_1.16.1/STM32CubeIDE/plugins/com.st.stm32cube.ide.mcu.externaltools.gnu-tools-for-stm32.12.3.rel1.win32_1.0.200.202406191623/tools/bin/../lib/gcc/arm-none-eabi/12.3.1/../../../../arm-none-eabi/lib/thumb/v7e-m+dp/hard\libc_nano.a
LOAD D:/SoftWare/STM32CUBEMX/STM32CubeIDE_1.16.1/STM32CubeIDE/plugins/com.st.stm32cube.ide.mcu.externaltools.gnu-tools-for-stm32.12.3.rel1.win32_1.0.200.202406191623/tools/bin/../lib/gcc/arm-none-eabi/12.3.1/../../../../arm-none-eabi/lib/thumb/v7e-m+dp/hard\libnosys.a
END GROUP
START GROUP
LOAD D:/SoftWare/STM32CUBEMX/STM32CubeIDE_1.16.1/STM32CubeIDE/plugins/com.st.stm32cube.ide.mcu.externaltools.gnu-tools-for-stm32.12.3.rel1.win32_1.0.200.202406191623/tools/bin/../lib/gcc/arm-none-eabi/12.3.1/thumb/v7e-m+dp/hard\libgcc.a
LOAD D:/SoftWare/STM32CUBEMX/STM32CubeIDE_1.16.1/STM32CubeIDE/plugins/com.st.stm32cube.ide.mcu.externaltools.gnu-tools-for-stm32.12.3.rel1.win32_1.0.200.202406191623/tools/bin/../lib/gcc/arm-none-eabi/12.3.1/../../../../arm-none-eabi/lib/thumb/v7e-m+dp/hard\libc_nano.a
LOAD D:/SoftWare/STM32CUBEMX/STM32CubeIDE_1.16.1/STM32CubeIDE/plugins/com.st.stm32cube.ide.mcu.externaltools.gnu-tools-for-stm32.12.3.rel1.win32_1.0.200.202406191623/tools/bin/../lib/gcc/arm-none-eabi/12.3.1/../../../../arm-none-eabi/lib/thumb/v7e-m+dp/hard\libnosys.a
END GROUP
LOAD D:/SoftWare/STM32CUBEMX/STM32CubeIDE_1.16.1/STM32CubeIDE/plugins/com.st.stm32cube.ide.mcu.externaltools.gnu-tools-for-stm32.12.3.rel1.win32_1.0.200.202406191623/tools/bin/../lib/gcc/arm-none-eabi/12.3.1/thumb/v7e-m+dp/hard/crtend.o
LOAD D:/SoftWare/STM32CUBEMX/STM32CubeIDE_1.16.1/STM32CubeIDE/plugins/com.st.stm32cube.ide.mcu.externaltools.gnu-tools-for-stm32.12.3.rel1.win32_1.0.200.202406191623/tools/bin/../lib/gcc/arm-none-eabi/12.3.1/thumb/v7e-m+dp/hard/crtn.o
                0x24050000                        _estack = (ORIGIN (RAM_D1) + LENGTH (RAM_D1))
                0x00000200                        _Min_Heap_Size = 0x200
                0x00000400                        _Min_Stack_Size = 0x400

.isr_vector     0x08000000      0x2cc
                0x08000000                        . = ALIGN (0x4)
 *(.isr_vector)
 .isr_vector    0x08000000      0x2cc ./Core/Startup/startup_stm32h723vgtx.o
                0x08000000                g_pfnVectors
                0x080002cc                        . = ALIGN (0x4)

.text           0x080002d0    0x12f24
                0x080002d0                        . = ALIGN (0x4)
 *(.text)
 .text          0x080002d0       0x40 D:/SoftWare/STM32CUBEMX/STM32CubeIDE_1.16.1/STM32CubeIDE/plugins/com.st.stm32cube.ide.mcu.externaltools.gnu-tools-for-stm32.12.3.rel1.win32_1.0.200.202406191623/tools/bin/../lib/gcc/arm-none-eabi/12.3.1/thumb/v7e-m+dp/hard/crtbegin.o
 .text          0x08000310       0xa0 D:/SoftWare/STM32CUBEMX/STM32CubeIDE_1.16.1/STM32CubeIDE/plugins/com.st.stm32cube.ide.mcu.externaltools.gnu-tools-for-stm32.12.3.rel1.win32_1.0.200.202406191623/tools/bin/../lib/gcc/arm-none-eabi/12.3.1/../../../../arm-none-eabi/lib/thumb/v7e-m+dp/hard\libc_nano.a(libc_a-memchr.o)
                0x08000310                memchr
 .text          0x080003b0       0x10 D:/SoftWare/STM32CUBEMX/STM32CubeIDE_1.16.1/STM32CubeIDE/plugins/com.st.stm32cube.ide.mcu.externaltools.gnu-tools-for-stm32.12.3.rel1.win32_1.0.200.202406191623/tools/bin/../lib/gcc/arm-none-eabi/12.3.1/../../../../arm-none-eabi/lib/thumb/v7e-m+dp/hard\libc_nano.a(libc_a-strlen.o)
                0x080003b0                strlen
 .text          0x080003c0      0x378 D:/SoftWare/STM32CUBEMX/STM32CubeIDE_1.16.1/STM32CubeIDE/plugins/com.st.stm32cube.ide.mcu.externaltools.gnu-tools-for-stm32.12.3.rel1.win32_1.0.200.202406191623/tools/bin/../lib/gcc/arm-none-eabi/12.3.1/thumb/v7e-m+dp/hard\libgcc.a(_arm_addsubdf3.o)
                0x080003c0                __aeabi_drsub
                0x080003c8                __aeabi_dsub
                0x080003c8                __subdf3
                0x080003cc                __aeabi_dadd
                0x080003cc                __adddf3
                0x08000644                __floatunsidf
                0x08000644                __aeabi_ui2d
                0x08000664                __floatsidf
                0x08000664                __aeabi_i2d
                0x08000688                __aeabi_f2d
                0x08000688                __extendsfdf2
                0x080006cc                __floatundidf
                0x080006cc                __aeabi_ul2d
                0x080006dc                __floatdidf
                0x080006dc                __aeabi_l2d
 .text          0x08000738       0x30 D:/SoftWare/STM32CUBEMX/STM32CubeIDE_1.16.1/STM32CubeIDE/plugins/com.st.stm32cube.ide.mcu.externaltools.gnu-tools-for-stm32.12.3.rel1.win32_1.0.200.202406191623/tools/bin/../lib/gcc/arm-none-eabi/12.3.1/thumb/v7e-m+dp/hard\libgcc.a(_aeabi_uldivmod.o)
                0x08000738                __aeabi_uldivmod
 .text          0x08000768       0x30 D:/SoftWare/STM32CUBEMX/STM32CubeIDE_1.16.1/STM32CubeIDE/plugins/com.st.stm32cube.ide.mcu.externaltools.gnu-tools-for-stm32.12.3.rel1.win32_1.0.200.202406191623/tools/bin/../lib/gcc/arm-none-eabi/12.3.1/thumb/v7e-m+dp/hard\libgcc.a(_fixdfdi.o)
                0x08000768                __fixdfdi
                0x08000768                __aeabi_d2lz
 .text          0x08000798       0x40 D:/SoftWare/STM32CUBEMX/STM32CubeIDE_1.16.1/STM32CubeIDE/plugins/com.st.stm32cube.ide.mcu.externaltools.gnu-tools-for-stm32.12.3.rel1.win32_1.0.200.202406191623/tools/bin/../lib/gcc/arm-none-eabi/12.3.1/thumb/v7e-m+dp/hard\libgcc.a(_fixunsdfdi.o)
                0x08000798                __fixunsdfdi
                0x08000798                __aeabi_d2ulz
 .text          0x080007d8      0x2bc D:/SoftWare/STM32CUBEMX/STM32CubeIDE_1.16.1/STM32CubeIDE/plugins/com.st.stm32cube.ide.mcu.externaltools.gnu-tools-for-stm32.12.3.rel1.win32_1.0.200.202406191623/tools/bin/../lib/gcc/arm-none-eabi/12.3.1/thumb/v7e-m+dp/hard\libgcc.a(_udivmoddi4.o)
                0x080007d8                __udivmoddi4
 .text          0x08000a94        0x4 D:/SoftWare/STM32CUBEMX/STM32CubeIDE_1.16.1/STM32CubeIDE/plugins/com.st.stm32cube.ide.mcu.externaltools.gnu-tools-for-stm32.12.3.rel1.win32_1.0.200.202406191623/tools/bin/../lib/gcc/arm-none-eabi/12.3.1/thumb/v7e-m+dp/hard\libgcc.a(_dvmd_tls.o)
                0x08000a94                __aeabi_idiv0
                0x08000a94                __aeabi_ldiv0
 *(.text*)
 .text.MX_FDCAN1_Init
                0x08000a98      0x120 ./Core/Src/fdcan.o
                0x08000a98                MX_FDCAN1_Init
 .text.HAL_FDCAN_MspInit
                0x08000bb8       0xe0 ./Core/Src/fdcan.o
                0x08000bb8                HAL_FDCAN_MspInit
 .text.FDCAN_Send_Msg
                0x08000c98      0x160 ./Core/Src/fdcan.o
                0x08000c98                FDCAN_Send_Msg
 .text.HAL_FDCAN_RxFifo0Callback
                0x08000df8       0xf8 ./Core/Src/fdcan.o
                0x08000df8                HAL_FDCAN_RxFifo0Callback
 .text.MX_GPIO_Init
                0x08000ef0       0xcc ./Core/Src/gpio.o
                0x08000ef0                MX_GPIO_Init
 .text.main     0x08000fbc      0x39c ./Core/Src/main.o
                0x08000fbc                main
 .text.SystemClock_Config
                0x08001358       0xdc ./Core/Src/main.o
                0x08001358                SystemClock_Config
 .text.__io_putchar
                0x08001434       0x24 ./Core/Src/main.o
                0x08001434                __io_putchar
 .text.HAL_UART_RxCpltCallback
                0x08001458      0x22c ./Core/Src/main.o
                0x08001458                HAL_UART_RxCpltCallback
 .text.HAL_TIM_PeriodElapsedCallback
                0x08001684      0x108 ./Core/Src/main.o
                0x08001684                HAL_TIM_PeriodElapsedCallback
 .text.MPU_Config
                0x0800178c       0x58 ./Core/Src/main.o
 .text.Error_Handler
                0x080017e4        0xc ./Core/Src/main.o
                0x080017e4                Error_Handler
 .text.HAL_MspInit
                0x080017f0       0x34 ./Core/Src/stm32h7xx_hal_msp.o
                0x080017f0                HAL_MspInit
 .text.NMI_Handler
                0x08001824        0x8 ./Core/Src/stm32h7xx_it.o
                0x08001824                NMI_Handler
 .text.HardFault_Handler
                0x0800182c        0x8 ./Core/Src/stm32h7xx_it.o
                0x0800182c                HardFault_Handler
 .text.MemManage_Handler
                0x08001834        0x8 ./Core/Src/stm32h7xx_it.o
                0x08001834                MemManage_Handler
 .text.BusFault_Handler
                0x0800183c        0x8 ./Core/Src/stm32h7xx_it.o
                0x0800183c                BusFault_Handler
 .text.UsageFault_Handler
                0x08001844        0x8 ./Core/Src/stm32h7xx_it.o
                0x08001844                UsageFault_Handler
 .text.SVC_Handler
                0x0800184c        0xe ./Core/Src/stm32h7xx_it.o
                0x0800184c                SVC_Handler
 .text.DebugMon_Handler
                0x0800185a        0xe ./Core/Src/stm32h7xx_it.o
                0x0800185a                DebugMon_Handler
 .text.PendSV_Handler
                0x08001868        0xe ./Core/Src/stm32h7xx_it.o
                0x08001868                PendSV_Handler
 .text.SysTick_Handler
                0x08001876        0xc ./Core/Src/stm32h7xx_it.o
                0x08001876                SysTick_Handler
 *fill*         0x08001882        0x2 
 .text.FDCAN1_IT0_IRQHandler
                0x08001884       0x14 ./Core/Src/stm32h7xx_it.o
                0x08001884                FDCAN1_IT0_IRQHandler
 .text.TIM2_IRQHandler
                0x08001898       0x14 ./Core/Src/stm32h7xx_it.o
                0x08001898                TIM2_IRQHandler
 .text.TIM3_IRQHandler
                0x080018ac       0x14 ./Core/Src/stm32h7xx_it.o
                0x080018ac                TIM3_IRQHandler
 .text.USART2_IRQHandler
                0x080018c0       0x14 ./Core/Src/stm32h7xx_it.o
                0x080018c0                USART2_IRQHandler
 .text.USART3_IRQHandler
                0x080018d4       0x14 ./Core/Src/stm32h7xx_it.o
                0x080018d4                USART3_IRQHandler
 .text.TIM8_BRK_TIM12_IRQHandler
                0x080018e8       0x14 ./Core/Src/stm32h7xx_it.o
                0x080018e8                TIM8_BRK_TIM12_IRQHandler
 .text.TIM5_IRQHandler
                0x080018fc       0x14 ./Core/Src/stm32h7xx_it.o
                0x080018fc                TIM5_IRQHandler
 .text.UART4_IRQHandler
                0x08001910       0x14 ./Core/Src/stm32h7xx_it.o
                0x08001910                UART4_IRQHandler
 .text.UART7_IRQHandler
                0x08001924       0x14 ./Core/Src/stm32h7xx_it.o
                0x08001924                UART7_IRQHandler
 .text.UART8_IRQHandler
                0x08001938       0x14 ./Core/Src/stm32h7xx_it.o
                0x08001938                UART8_IRQHandler
 .text.UART9_IRQHandler
                0x0800194c       0x14 ./Core/Src/stm32h7xx_it.o
                0x0800194c                UART9_IRQHandler
 .text.USART10_IRQHandler
                0x08001960       0x14 ./Core/Src/stm32h7xx_it.o
                0x08001960                USART10_IRQHandler
 .text._getpid  0x08001974       0x10 ./Core/Src/syscalls.o
                0x08001974                _getpid
 .text._kill    0x08001984       0x20 ./Core/Src/syscalls.o
                0x08001984                _kill
 .text._exit    0x080019a4       0x16 ./Core/Src/syscalls.o
                0x080019a4                _exit
 .text._read    0x080019ba       0x3a ./Core/Src/syscalls.o
                0x080019ba                _read
 .text._write   0x080019f4       0x38 ./Core/Src/syscalls.o
                0x080019f4                _write
 .text._close   0x08001a2c       0x18 ./Core/Src/syscalls.o
                0x08001a2c                _close
 .text._fstat   0x08001a44       0x20 ./Core/Src/syscalls.o
                0x08001a44                _fstat
 .text._isatty  0x08001a64       0x16 ./Core/Src/syscalls.o
                0x08001a64                _isatty
 .text._lseek   0x08001a7a       0x1a ./Core/Src/syscalls.o
                0x08001a7a                _lseek
 .text._sbrk    0x08001a94       0x6c ./Core/Src/sysmem.o
                0x08001a94                _sbrk
 .text.SystemInit
                0x08001b00       0xf0 ./Core/Src/system_stm32h7xx.o
                0x08001b00                SystemInit
 .text.MX_TIM2_Init
                0x08001bf0       0x9c ./Core/Src/tim.o
                0x08001bf0                MX_TIM2_Init
 .text.MX_TIM3_Init
                0x08001c8c       0xa0 ./Core/Src/tim.o
                0x08001c8c                MX_TIM3_Init
 .text.MX_TIM5_Init
                0x08001d2c       0xa0 ./Core/Src/tim.o
                0x08001d2c                MX_TIM5_Init
 .text.MX_TIM12_Init
                0x08001dcc       0x9c ./Core/Src/tim.o
                0x08001dcc                MX_TIM12_Init
 .text.HAL_TIM_Base_MspInit
                0x08001e68      0x108 ./Core/Src/tim.o
                0x08001e68                HAL_TIM_Base_MspInit
 .text.MX_UART4_Init
                0x08001f70       0x98 ./Core/Src/usart.o
                0x08001f70                MX_UART4_Init
 .text.MX_UART5_Init
                0x08002008       0x98 ./Core/Src/usart.o
                0x08002008                MX_UART5_Init
 .text.MX_UART7_Init
                0x080020a0       0x98 ./Core/Src/usart.o
                0x080020a0                MX_UART7_Init
 .text.MX_UART8_Init
                0x08002138       0x98 ./Core/Src/usart.o
                0x08002138                MX_UART8_Init
 .text.MX_UART9_Init
                0x080021d0       0x98 ./Core/Src/usart.o
                0x080021d0                MX_UART9_Init
 .text.MX_USART2_UART_Init
                0x08002268      0x10c ./Core/Src/usart.o
                0x08002268                MX_USART2_UART_Init
 .text.MX_USART3_UART_Init
                0x08002374       0x98 ./Core/Src/usart.o
                0x08002374                MX_USART3_UART_Init
 .text.MX_USART6_UART_Init
                0x0800240c       0x98 ./Core/Src/usart.o
                0x0800240c                MX_USART6_UART_Init
 .text.MX_USART10_UART_Init
                0x080024a4       0x98 ./Core/Src/usart.o
                0x080024a4                MX_USART10_UART_Init
 .text.HAL_UART_MspInit
                0x0800253c      0x738 ./Core/Src/usart.o
                0x0800253c                HAL_UART_MspInit
 .text.Reset_Handler
                0x08002c74       0x50 ./Core/Startup/startup_stm32h723vgtx.o
                0x08002c74                Reset_Handler
 .text.Default_Handler
                0x08002cc4        0x2 ./Core/Startup/startup_stm32h723vgtx.o
                0x08002cc4                RTC_Alarm_IRQHandler
                0x08002cc4                EXTI2_IRQHandler
                0x08002cc4                TIM8_CC_IRQHandler
                0x08002cc4                SPI4_IRQHandler
                0x08002cc4                FDCAN3_IT0_IRQHandler
                0x08002cc4                TIM1_CC_IRQHandler
                0x08002cc4                BDMA_Channel6_IRQHandler
                0x08002cc4                DMA2_Stream5_IRQHandler
                0x08002cc4                DMA1_Stream5_IRQHandler
                0x08002cc4                CORDIC_IRQHandler
                0x08002cc4                BDMA_Channel1_IRQHandler
                0x08002cc4                TAMP_STAMP_IRQHandler
                0x08002cc4                EXTI3_IRQHandler
                0x08002cc4                LPTIM4_IRQHandler
                0x08002cc4                TIM8_TRG_COM_TIM14_IRQHandler
                0x08002cc4                LPTIM2_IRQHandler
                0x08002cc4                DFSDM1_FLT1_IRQHandler
                0x08002cc4                DMAMUX2_OVR_IRQHandler
                0x08002cc4                TIM8_UP_TIM13_IRQHandler
                0x08002cc4                I2C3_ER_IRQHandler
                0x08002cc4                DFSDM1_FLT2_IRQHandler
                0x08002cc4                I2C5_EV_IRQHandler
                0x08002cc4                MDMA_IRQHandler
                0x08002cc4                LPTIM3_IRQHandler
                0x08002cc4                HSEM1_IRQHandler
                0x08002cc4                EXTI0_IRQHandler
                0x08002cc4                I2C2_EV_IRQHandler
                0x08002cc4                DMA1_Stream2_IRQHandler
                0x08002cc4                FPU_IRQHandler
                0x08002cc4                OTG_HS_WKUP_IRQHandler
                0x08002cc4                FDCAN1_IT1_IRQHandler
                0x08002cc4                LTDC_ER_IRQHandler
                0x08002cc4                DMA2_Stream2_IRQHandler
                0x08002cc4                SPI1_IRQHandler
                0x08002cc4                OCTOSPI1_IRQHandler
                0x08002cc4                TIM6_DAC_IRQHandler
                0x08002cc4                DMA2_Stream3_IRQHandler
                0x08002cc4                OCTOSPI2_IRQHandler
                0x08002cc4                DFSDM1_FLT3_IRQHandler
                0x08002cc4                TIM23_IRQHandler
                0x08002cc4                USART6_IRQHandler
                0x08002cc4                TIM17_IRQHandler
                0x08002cc4                BDMA_Channel7_IRQHandler
                0x08002cc4                LPTIM5_IRQHandler
                0x08002cc4                UART5_IRQHandler
                0x08002cc4                ADC3_IRQHandler
                0x08002cc4                DMA2_Stream0_IRQHandler
                0x08002cc4                TIM4_IRQHandler
                0x08002cc4                BDMA_Channel2_IRQHandler
                0x08002cc4                I2C1_EV_IRQHandler
                0x08002cc4                DMA1_Stream6_IRQHandler
                0x08002cc4                DMAMUX1_OVR_IRQHandler
                0x08002cc4                DMA1_Stream1_IRQHandler
                0x08002cc4                TIM16_IRQHandler
                0x08002cc4                BDMA_Channel5_IRQHandler
                0x08002cc4                RCC_IRQHandler
                0x08002cc4                TIM1_TRG_COM_IRQHandler
                0x08002cc4                Default_Handler
                0x08002cc4                ECC_IRQHandler
                0x08002cc4                FMAC_IRQHandler
                0x08002cc4                CEC_IRQHandler
                0x08002cc4                EXTI15_10_IRQHandler
                0x08002cc4                BDMA_Channel0_IRQHandler
                0x08002cc4                ADC_IRQHandler
                0x08002cc4                I2C5_ER_IRQHandler
                0x08002cc4                DMA1_Stream7_IRQHandler
                0x08002cc4                SPI5_IRQHandler
                0x08002cc4                TIM7_IRQHandler
                0x08002cc4                FDCAN3_IT1_IRQHandler
                0x08002cc4                SDMMC1_IRQHandler
                0x08002cc4                DMA2_Stream7_IRQHandler
                0x08002cc4                TIM15_IRQHandler
                0x08002cc4                PVD_AVD_IRQHandler
                0x08002cc4                I2C3_EV_IRQHandler
                0x08002cc4                EXTI9_5_IRQHandler
                0x08002cc4                RTC_WKUP_IRQHandler
                0x08002cc4                LTDC_IRQHandler
                0x08002cc4                ETH_WKUP_IRQHandler
                0x08002cc4                SPDIF_RX_IRQHandler
                0x08002cc4                SPI2_IRQHandler
                0x08002cc4                OTG_HS_EP1_IN_IRQHandler
                0x08002cc4                DMA1_Stream0_IRQHandler
                0x08002cc4                TIM24_IRQHandler
                0x08002cc4                CRS_IRQHandler
                0x08002cc4                EXTI4_IRQHandler
                0x08002cc4                RNG_IRQHandler
                0x08002cc4                FDCAN2_IT1_IRQHandler
                0x08002cc4                ETH_IRQHandler
                0x08002cc4                TIM1_UP_IRQHandler
                0x08002cc4                BDMA_Channel4_IRQHandler
                0x08002cc4                OTG_HS_EP1_OUT_IRQHandler
                0x08002cc4                WWDG_IRQHandler
                0x08002cc4                SPI6_IRQHandler
                0x08002cc4                MDIOS_IRQHandler
                0x08002cc4                I2C4_EV_IRQHandler
                0x08002cc4                FDCAN2_IT0_IRQHandler
                0x08002cc4                LPUART1_IRQHandler
                0x08002cc4                OTG_HS_IRQHandler
                0x08002cc4                DMA2D_IRQHandler
                0x08002cc4                TIM1_BRK_IRQHandler
                0x08002cc4                EXTI1_IRQHandler
                0x08002cc4                SDMMC2_IRQHandler
                0x08002cc4                BDMA_Channel3_IRQHandler
                0x08002cc4                DTS_IRQHandler
                0x08002cc4                MDIOS_WKUP_IRQHandler
                0x08002cc4                DFSDM1_FLT0_IRQHandler
                0x08002cc4                SAI4_IRQHandler
                0x08002cc4                I2C2_ER_IRQHandler
                0x08002cc4                DMA2_Stream1_IRQHandler
                0x08002cc4                FLASH_IRQHandler
                0x08002cc4                DMA2_Stream4_IRQHandler
                0x08002cc4                USART1_IRQHandler
                0x08002cc4                SPI3_IRQHandler
                0x08002cc4                WAKEUP_PIN_IRQHandler
                0x08002cc4                DMA1_Stream4_IRQHandler
                0x08002cc4                I2C1_ER_IRQHandler
                0x08002cc4                FMC_IRQHandler
                0x08002cc4                FDCAN_CAL_IRQHandler
                0x08002cc4                SWPMI1_IRQHandler
                0x08002cc4                COMP1_IRQHandler
                0x08002cc4                LPTIM1_IRQHandler
                0x08002cc4                DCMI_PSSI_IRQHandler
                0x08002cc4                I2C4_ER_IRQHandler
                0x08002cc4                DMA2_Stream6_IRQHandler
                0x08002cc4                SAI1_IRQHandler
                0x08002cc4                DMA1_Stream3_IRQHandler
 *fill*         0x08002cc6        0x2 
 .text.HAL_Init
                0x08002cc8       0x78 ./Drivers/STM32H7xx_HAL_Driver/Src/stm32h7xx_hal.o
                0x08002cc8                HAL_Init
 .text.HAL_InitTick
                0x08002d40       0x6c ./Drivers/STM32H7xx_HAL_Driver/Src/stm32h7xx_hal.o
                0x08002d40                HAL_InitTick
 .text.HAL_IncTick
                0x08002dac       0x28 ./Drivers/STM32H7xx_HAL_Driver/Src/stm32h7xx_hal.o
                0x08002dac                HAL_IncTick
 .text.HAL_GetTick
                0x08002dd4       0x18 ./Drivers/STM32H7xx_HAL_Driver/Src/stm32h7xx_hal.o
                0x08002dd4                HAL_GetTick
 .text.HAL_Delay
                0x08002dec       0x48 ./Drivers/STM32H7xx_HAL_Driver/Src/stm32h7xx_hal.o
                0x08002dec                HAL_Delay
 .text.__NVIC_SetPriorityGrouping
                0x08002e34       0x48 ./Drivers/STM32H7xx_HAL_Driver/Src/stm32h7xx_hal_cortex.o
 .text.__NVIC_GetPriorityGrouping
                0x08002e7c       0x1c ./Drivers/STM32H7xx_HAL_Driver/Src/stm32h7xx_hal_cortex.o
 .text.__NVIC_EnableIRQ
                0x08002e98       0x3c ./Drivers/STM32H7xx_HAL_Driver/Src/stm32h7xx_hal_cortex.o
 .text.__NVIC_SetPriority
                0x08002ed4       0x54 ./Drivers/STM32H7xx_HAL_Driver/Src/stm32h7xx_hal_cortex.o
 .text.NVIC_EncodePriority
                0x08002f28       0x66 ./Drivers/STM32H7xx_HAL_Driver/Src/stm32h7xx_hal_cortex.o
 *fill*         0x08002f8e        0x2 
 .text.SysTick_Config
                0x08002f90       0x44 ./Drivers/STM32H7xx_HAL_Driver/Src/stm32h7xx_hal_cortex.o
 .text.HAL_NVIC_SetPriorityGrouping
                0x08002fd4       0x16 ./Drivers/STM32H7xx_HAL_Driver/Src/stm32h7xx_hal_cortex.o
                0x08002fd4                HAL_NVIC_SetPriorityGrouping
 .text.HAL_NVIC_SetPriority
                0x08002fea       0x34 ./Drivers/STM32H7xx_HAL_Driver/Src/stm32h7xx_hal_cortex.o
                0x08002fea                HAL_NVIC_SetPriority
 .text.HAL_NVIC_EnableIRQ
                0x0800301e       0x1c ./Drivers/STM32H7xx_HAL_Driver/Src/stm32h7xx_hal_cortex.o
                0x0800301e                HAL_NVIC_EnableIRQ
 .text.HAL_SYSTICK_Config
                0x0800303a       0x18 ./Drivers/STM32H7xx_HAL_Driver/Src/stm32h7xx_hal_cortex.o
                0x0800303a                HAL_SYSTICK_Config
 *fill*         0x08003052        0x2 
 .text.HAL_MPU_Disable
                0x08003054       0x30 ./Drivers/STM32H7xx_HAL_Driver/Src/stm32h7xx_hal_cortex.o
                0x08003054                HAL_MPU_Disable
 .text.HAL_MPU_Enable
                0x08003084       0x40 ./Drivers/STM32H7xx_HAL_Driver/Src/stm32h7xx_hal_cortex.o
                0x08003084                HAL_MPU_Enable
 .text.HAL_MPU_ConfigRegion
                0x080030c4       0x80 ./Drivers/STM32H7xx_HAL_Driver/Src/stm32h7xx_hal_cortex.o
                0x080030c4                HAL_MPU_ConfigRegion
 .text.HAL_DMA_Abort
                0x08003144      0x63c ./Drivers/STM32H7xx_HAL_Driver/Src/stm32h7xx_hal_dma.o
                0x08003144                HAL_DMA_Abort
 .text.HAL_DMA_Abort_IT
                0x08003780      0x48c ./Drivers/STM32H7xx_HAL_Driver/Src/stm32h7xx_hal_dma.o
                0x08003780                HAL_DMA_Abort_IT
 .text.HAL_FDCAN_Init
                0x08003c0c      0x3bc ./Drivers/STM32H7xx_HAL_Driver/Src/stm32h7xx_hal_fdcan.o
                0x08003c0c                HAL_FDCAN_Init
 .text.HAL_FDCAN_ConfigFilter
                0x08003fc8       0xec ./Drivers/STM32H7xx_HAL_Driver/Src/stm32h7xx_hal_fdcan.o
                0x08003fc8                HAL_FDCAN_ConfigFilter
 .text.HAL_FDCAN_ConfigGlobalFilter
                0x080040b4       0x5a ./Drivers/STM32H7xx_HAL_Driver/Src/stm32h7xx_hal_fdcan.o
                0x080040b4                HAL_FDCAN_ConfigGlobalFilter
 .text.HAL_FDCAN_Start
                0x0800410e       0x56 ./Drivers/STM32H7xx_HAL_Driver/Src/stm32h7xx_hal_fdcan.o
                0x0800410e                HAL_FDCAN_Start
 .text.HAL_FDCAN_AddMessageToTxFifoQ
                0x08004164       0xb6 ./Drivers/STM32H7xx_HAL_Driver/Src/stm32h7xx_hal_fdcan.o
                0x08004164                HAL_FDCAN_AddMessageToTxFifoQ
 *fill*         0x0800421a        0x2 
 .text.HAL_FDCAN_GetRxMessage
                0x0800421c      0x2d8 ./Drivers/STM32H7xx_HAL_Driver/Src/stm32h7xx_hal_fdcan.o
                0x0800421c                HAL_FDCAN_GetRxMessage
 .text.HAL_FDCAN_ActivateNotification
                0x080044f4       0xf4 ./Drivers/STM32H7xx_HAL_Driver/Src/stm32h7xx_hal_fdcan.o
                0x080044f4                HAL_FDCAN_ActivateNotification
 .text.HAL_FDCAN_IRQHandler
                0x080045e8      0x498 ./Drivers/STM32H7xx_HAL_Driver/Src/stm32h7xx_hal_fdcan.o
                0x080045e8                HAL_FDCAN_IRQHandler
 .text.HAL_FDCAN_ClockCalibrationCallback
                0x08004a80       0x16 ./Drivers/STM32H7xx_HAL_Driver/Src/stm32h7xx_hal_fdcan.o
                0x08004a80                HAL_FDCAN_ClockCalibrationCallback
 .text.HAL_FDCAN_TxEventFifoCallback
                0x08004a96       0x16 ./Drivers/STM32H7xx_HAL_Driver/Src/stm32h7xx_hal_fdcan.o
                0x08004a96                HAL_FDCAN_TxEventFifoCallback
 .text.HAL_FDCAN_RxFifo1Callback
                0x08004aac       0x16 ./Drivers/STM32H7xx_HAL_Driver/Src/stm32h7xx_hal_fdcan.o
                0x08004aac                HAL_FDCAN_RxFifo1Callback
 .text.HAL_FDCAN_TxFifoEmptyCallback
                0x08004ac2       0x14 ./Drivers/STM32H7xx_HAL_Driver/Src/stm32h7xx_hal_fdcan.o
                0x08004ac2                HAL_FDCAN_TxFifoEmptyCallback
 .text.HAL_FDCAN_TxBufferCompleteCallback
                0x08004ad6       0x16 ./Drivers/STM32H7xx_HAL_Driver/Src/stm32h7xx_hal_fdcan.o
                0x08004ad6                HAL_FDCAN_TxBufferCompleteCallback
 .text.HAL_FDCAN_TxBufferAbortCallback
                0x08004aec       0x16 ./Drivers/STM32H7xx_HAL_Driver/Src/stm32h7xx_hal_fdcan.o
                0x08004aec                HAL_FDCAN_TxBufferAbortCallback
 .text.HAL_FDCAN_RxBufferNewMessageCallback
                0x08004b02       0x14 ./Drivers/STM32H7xx_HAL_Driver/Src/stm32h7xx_hal_fdcan.o
                0x08004b02                HAL_FDCAN_RxBufferNewMessageCallback
 .text.HAL_FDCAN_TimestampWraparoundCallback
                0x08004b16       0x14 ./Drivers/STM32H7xx_HAL_Driver/Src/stm32h7xx_hal_fdcan.o
                0x08004b16                HAL_FDCAN_TimestampWraparoundCallback
 .text.HAL_FDCAN_TimeoutOccurredCallback
                0x08004b2a       0x14 ./Drivers/STM32H7xx_HAL_Driver/Src/stm32h7xx_hal_fdcan.o
                0x08004b2a                HAL_FDCAN_TimeoutOccurredCallback
 .text.HAL_FDCAN_HighPriorityMessageCallback
                0x08004b3e       0x14 ./Drivers/STM32H7xx_HAL_Driver/Src/stm32h7xx_hal_fdcan.o
                0x08004b3e                HAL_FDCAN_HighPriorityMessageCallback
 .text.HAL_FDCAN_ErrorCallback
                0x08004b52       0x14 ./Drivers/STM32H7xx_HAL_Driver/Src/stm32h7xx_hal_fdcan.o
                0x08004b52                HAL_FDCAN_ErrorCallback
 .text.HAL_FDCAN_ErrorStatusCallback
                0x08004b66       0x16 ./Drivers/STM32H7xx_HAL_Driver/Src/stm32h7xx_hal_fdcan.o
                0x08004b66                HAL_FDCAN_ErrorStatusCallback
 .text.HAL_FDCAN_TT_ScheduleSyncCallback
                0x08004b7c       0x16 ./Drivers/STM32H7xx_HAL_Driver/Src/stm32h7xx_hal_fdcan.o
                0x08004b7c                HAL_FDCAN_TT_ScheduleSyncCallback
 .text.HAL_FDCAN_TT_TimeMarkCallback
                0x08004b92       0x16 ./Drivers/STM32H7xx_HAL_Driver/Src/stm32h7xx_hal_fdcan.o
                0x08004b92                HAL_FDCAN_TT_TimeMarkCallback
 .text.HAL_FDCAN_TT_StopWatchCallback
                0x08004ba8       0x18 ./Drivers/STM32H7xx_HAL_Driver/Src/stm32h7xx_hal_fdcan.o
                0x08004ba8                HAL_FDCAN_TT_StopWatchCallback
 .text.HAL_FDCAN_TT_GlobalTimeCallback
                0x08004bc0       0x16 ./Drivers/STM32H7xx_HAL_Driver/Src/stm32h7xx_hal_fdcan.o
                0x08004bc0                HAL_FDCAN_TT_GlobalTimeCallback
 *fill*         0x08004bd6        0x2 
 .text.FDCAN_CalcultateRamBlockAddresses
                0x08004bd8      0x30c ./Drivers/STM32H7xx_HAL_Driver/Src/stm32h7xx_hal_fdcan.o
 .text.FDCAN_CopyMessageToRAM
                0x08004ee4       0xfc ./Drivers/STM32H7xx_HAL_Driver/Src/stm32h7xx_hal_fdcan.o
 .text.HAL_GPIO_Init
                0x08004fe0      0x350 ./Drivers/STM32H7xx_HAL_Driver/Src/stm32h7xx_hal_gpio.o
                0x08004fe0                HAL_GPIO_Init
 .text.HAL_PWREx_ConfigSupply
                0x08005330       0x74 ./Drivers/STM32H7xx_HAL_Driver/Src/stm32h7xx_hal_pwr_ex.o
                0x08005330                HAL_PWREx_ConfigSupply
 .text.HAL_RCC_OscConfig
                0x080053a4      0x7b4 ./Drivers/STM32H7xx_HAL_Driver/Src/stm32h7xx_hal_rcc.o
                0x080053a4                HAL_RCC_OscConfig
 .text.HAL_RCC_ClockConfig
                0x08005b58      0x36c ./Drivers/STM32H7xx_HAL_Driver/Src/stm32h7xx_hal_rcc.o
                0x08005b58                HAL_RCC_ClockConfig
 .text.HAL_RCC_GetSysClockFreq
                0x08005ec4      0x2f4 ./Drivers/STM32H7xx_HAL_Driver/Src/stm32h7xx_hal_rcc.o
                0x08005ec4                HAL_RCC_GetSysClockFreq
 .text.HAL_RCC_GetHCLKFreq
                0x080061b8       0x60 ./Drivers/STM32H7xx_HAL_Driver/Src/stm32h7xx_hal_rcc.o
                0x080061b8                HAL_RCC_GetHCLKFreq
 .text.HAL_RCC_GetPCLK1Freq
                0x08006218       0x2c ./Drivers/STM32H7xx_HAL_Driver/Src/stm32h7xx_hal_rcc.o
                0x08006218                HAL_RCC_GetPCLK1Freq
 .text.HAL_RCC_GetPCLK2Freq
                0x08006244       0x2c ./Drivers/STM32H7xx_HAL_Driver/Src/stm32h7xx_hal_rcc.o
                0x08006244                HAL_RCC_GetPCLK2Freq
 .text.HAL_RCCEx_PeriphCLKConfig
                0x08006270     0x1340 ./Drivers/STM32H7xx_HAL_Driver/Src/stm32h7xx_hal_rcc_ex.o
                0x08006270                HAL_RCCEx_PeriphCLKConfig
 .text.HAL_RCCEx_GetD3PCLK1Freq
                0x080075b0       0x2c ./Drivers/STM32H7xx_HAL_Driver/Src/stm32h7xx_hal_rcc_ex.o
                0x080075b0                HAL_RCCEx_GetD3PCLK1Freq
 .text.HAL_RCCEx_GetPLL2ClockFreq
                0x080075dc      0x2a8 ./Drivers/STM32H7xx_HAL_Driver/Src/stm32h7xx_hal_rcc_ex.o
                0x080075dc                HAL_RCCEx_GetPLL2ClockFreq
 .text.HAL_RCCEx_GetPLL3ClockFreq
                0x08007884      0x2a8 ./Drivers/STM32H7xx_HAL_Driver/Src/stm32h7xx_hal_rcc_ex.o
                0x08007884                HAL_RCCEx_GetPLL3ClockFreq
 .text.RCCEx_PLL2_Config
                0x08007b2c      0x164 ./Drivers/STM32H7xx_HAL_Driver/Src/stm32h7xx_hal_rcc_ex.o
 .text.RCCEx_PLL3_Config
                0x08007c90      0x164 ./Drivers/STM32H7xx_HAL_Driver/Src/stm32h7xx_hal_rcc_ex.o
 .text.HAL_TIM_Base_Init
                0x08007df4       0xae ./Drivers/STM32H7xx_HAL_Driver/Src/stm32h7xx_hal_tim.o
                0x08007df4                HAL_TIM_Base_Init
 *fill*         0x08007ea2        0x2 
 .text.HAL_TIM_Base_Start_IT
                0x08007ea4      0x10c ./Drivers/STM32H7xx_HAL_Driver/Src/stm32h7xx_hal_tim.o
                0x08007ea4                HAL_TIM_Base_Start_IT
 .text.HAL_TIM_Base_Stop_IT
                0x08007fb0       0x5e ./Drivers/STM32H7xx_HAL_Driver/Src/stm32h7xx_hal_tim.o
                0x08007fb0                HAL_TIM_Base_Stop_IT
 .text.HAL_TIM_IRQHandler
                0x0800800e      0x20e ./Drivers/STM32H7xx_HAL_Driver/Src/stm32h7xx_hal_tim.o
                0x0800800e                HAL_TIM_IRQHandler
 .text.HAL_TIM_ConfigClockSource
                0x0800821c      0x1f0 ./Drivers/STM32H7xx_HAL_Driver/Src/stm32h7xx_hal_tim.o
                0x0800821c                HAL_TIM_ConfigClockSource
 .text.HAL_TIM_OC_DelayElapsedCallback
                0x0800840c       0x14 ./Drivers/STM32H7xx_HAL_Driver/Src/stm32h7xx_hal_tim.o
                0x0800840c                HAL_TIM_OC_DelayElapsedCallback
 .text.HAL_TIM_IC_CaptureCallback
                0x08008420       0x14 ./Drivers/STM32H7xx_HAL_Driver/Src/stm32h7xx_hal_tim.o
                0x08008420                HAL_TIM_IC_CaptureCallback
 .text.HAL_TIM_PWM_PulseFinishedCallback
                0x08008434       0x14 ./Drivers/STM32H7xx_HAL_Driver/Src/stm32h7xx_hal_tim.o
                0x08008434                HAL_TIM_PWM_PulseFinishedCallback
 .text.HAL_TIM_TriggerCallback
                0x08008448       0x14 ./Drivers/STM32H7xx_HAL_Driver/Src/stm32h7xx_hal_tim.o
                0x08008448                HAL_TIM_TriggerCallback
 .text.TIM_Base_SetConfig
                0x0800845c      0x164 ./Drivers/STM32H7xx_HAL_Driver/Src/stm32h7xx_hal_tim.o
                0x0800845c                TIM_Base_SetConfig
 .text.TIM_TI1_ConfigInputStage
                0x080085c0       0x5e ./Drivers/STM32H7xx_HAL_Driver/Src/stm32h7xx_hal_tim.o
 .text.TIM_TI2_ConfigInputStage
                0x0800861e       0x60 ./Drivers/STM32H7xx_HAL_Driver/Src/stm32h7xx_hal_tim.o
 *fill*         0x0800867e        0x2 
 .text.TIM_ITRx_SetConfig
                0x08008680       0x3c ./Drivers/STM32H7xx_HAL_Driver/Src/stm32h7xx_hal_tim.o
 .text.TIM_ETR_SetConfig
                0x080086bc       0x40 ./Drivers/STM32H7xx_HAL_Driver/Src/stm32h7xx_hal_tim.o
                0x080086bc                TIM_ETR_SetConfig
 .text.HAL_TIMEx_MasterConfigSynchronization
                0x080086fc      0x138 ./Drivers/STM32H7xx_HAL_Driver/Src/stm32h7xx_hal_tim_ex.o
                0x080086fc                HAL_TIMEx_MasterConfigSynchronization
 .text.HAL_TIMEx_CommutCallback
                0x08008834       0x14 ./Drivers/STM32H7xx_HAL_Driver/Src/stm32h7xx_hal_tim_ex.o
                0x08008834                HAL_TIMEx_CommutCallback
 .text.HAL_TIMEx_BreakCallback
                0x08008848       0x14 ./Drivers/STM32H7xx_HAL_Driver/Src/stm32h7xx_hal_tim_ex.o
                0x08008848                HAL_TIMEx_BreakCallback
 .text.HAL_TIMEx_Break2Callback
                0x0800885c       0x14 ./Drivers/STM32H7xx_HAL_Driver/Src/stm32h7xx_hal_tim_ex.o
                0x0800885c                HAL_TIMEx_Break2Callback
 .text.HAL_UART_Init
                0x08008870       0xa0 ./Drivers/STM32H7xx_HAL_Driver/Src/stm32h7xx_hal_uart.o
                0x08008870                HAL_UART_Init
 .text.HAL_UART_Transmit
                0x08008910      0x11c ./Drivers/STM32H7xx_HAL_Driver/Src/stm32h7xx_hal_uart.o
                0x08008910                HAL_UART_Transmit
 .text.HAL_UART_Receive
                0x08008a2c      0x190 ./Drivers/STM32H7xx_HAL_Driver/Src/stm32h7xx_hal_uart.o
                0x08008a2c                HAL_UART_Receive
 .text.HAL_UART_Receive_IT
                0x08008bbc       0x98 ./Drivers/STM32H7xx_HAL_Driver/Src/stm32h7xx_hal_uart.o
                0x08008bbc                HAL_UART_Receive_IT
 .text.HAL_UART_IRQHandler
                0x08008c54      0x774 ./Drivers/STM32H7xx_HAL_Driver/Src/stm32h7xx_hal_uart.o
                0x08008c54                HAL_UART_IRQHandler
 .text.HAL_UART_TxCpltCallback
                0x080093c8       0x14 ./Drivers/STM32H7xx_HAL_Driver/Src/stm32h7xx_hal_uart.o
                0x080093c8                HAL_UART_TxCpltCallback
 .text.HAL_UART_ErrorCallback
                0x080093dc       0x14 ./Drivers/STM32H7xx_HAL_Driver/Src/stm32h7xx_hal_uart.o
                0x080093dc                HAL_UART_ErrorCallback
 .text.HAL_UARTEx_RxEventCallback
                0x080093f0       0x18 ./Drivers/STM32H7xx_HAL_Driver/Src/stm32h7xx_hal_uart.o
                0x080093f0                HAL_UARTEx_RxEventCallback
 .text.UART_SetConfig
                0x08009408      0xcd8 ./Drivers/STM32H7xx_HAL_Driver/Src/stm32h7xx_hal_uart.o
                0x08009408                UART_SetConfig
 .text.UART_AdvFeatureConfig
                0x0800a0e0      0x144 ./Drivers/STM32H7xx_HAL_Driver/Src/stm32h7xx_hal_uart.o
                0x0800a0e0                UART_AdvFeatureConfig
 .text.UART_CheckIdleState
                0x0800a224      0x154 ./Drivers/STM32H7xx_HAL_Driver/Src/stm32h7xx_hal_uart.o
                0x0800a224                UART_CheckIdleState
 .text.UART_WaitOnFlagUntilTimeout
                0x0800a378       0xda ./Drivers/STM32H7xx_HAL_Driver/Src/stm32h7xx_hal_uart.o
                0x0800a378                UART_WaitOnFlagUntilTimeout
 *fill*         0x0800a452        0x2 
 .text.UART_Start_Receive_IT
                0x0800a454      0x244 ./Drivers/STM32H7xx_HAL_Driver/Src/stm32h7xx_hal_uart.o
                0x0800a454                UART_Start_Receive_IT
 .text.UART_EndRxTransfer
                0x0800a698       0xcc ./Drivers/STM32H7xx_HAL_Driver/Src/stm32h7xx_hal_uart.o
 .text.UART_DMAAbortOnError
                0x0800a764       0x2c ./Drivers/STM32H7xx_HAL_Driver/Src/stm32h7xx_hal_uart.o
 .text.UART_EndTransmit_IT
                0x0800a790       0x56 ./Drivers/STM32H7xx_HAL_Driver/Src/stm32h7xx_hal_uart.o
 *fill*         0x0800a7e6        0x2 
 .text.UART_RxISR_8BIT
                0x0800a7e8      0x1b8 ./Drivers/STM32H7xx_HAL_Driver/Src/stm32h7xx_hal_uart.o
 .text.UART_RxISR_16BIT
                0x0800a9a0      0x1b8 ./Drivers/STM32H7xx_HAL_Driver/Src/stm32h7xx_hal_uart.o
 .text.UART_RxISR_8BIT_FIFOEN
                0x0800ab58      0x360 ./Drivers/STM32H7xx_HAL_Driver/Src/stm32h7xx_hal_uart.o
 .text.UART_RxISR_16BIT_FIFOEN
                0x0800aeb8      0x368 ./Drivers/STM32H7xx_HAL_Driver/Src/stm32h7xx_hal_uart.o
 .text.HAL_UARTEx_WakeupCallback
                0x0800b220       0x14 ./Drivers/STM32H7xx_HAL_Driver/Src/stm32h7xx_hal_uart_ex.o
                0x0800b220                HAL_UARTEx_WakeupCallback
 .text.HAL_UARTEx_RxFifoFullCallback
                0x0800b234       0x14 ./Drivers/STM32H7xx_HAL_Driver/Src/stm32h7xx_hal_uart_ex.o
                0x0800b234                HAL_UARTEx_RxFifoFullCallback
 .text.HAL_UARTEx_TxFifoEmptyCallback
                0x0800b248       0x14 ./Drivers/STM32H7xx_HAL_Driver/Src/stm32h7xx_hal_uart_ex.o
                0x0800b248                HAL_UARTEx_TxFifoEmptyCallback
 .text.HAL_UARTEx_DisableFifoMode
                0x0800b25c       0x72 ./Drivers/STM32H7xx_HAL_Driver/Src/stm32h7xx_hal_uart_ex.o
                0x0800b25c                HAL_UARTEx_DisableFifoMode
 .text.HAL_UARTEx_SetTxFifoThreshold
                0x0800b2ce       0x7c ./Drivers/STM32H7xx_HAL_Driver/Src/stm32h7xx_hal_uart_ex.o
                0x0800b2ce                HAL_UARTEx_SetTxFifoThreshold
 .text.HAL_UARTEx_SetRxFifoThreshold
                0x0800b34a       0x7c ./Drivers/STM32H7xx_HAL_Driver/Src/stm32h7xx_hal_uart_ex.o
                0x0800b34a                HAL_UARTEx_SetRxFifoThreshold
 *fill*         0x0800b3c6        0x2 
 .text.UARTEx_SetNbDataToProcess
                0x0800b3c8       0x9c ./Drivers/STM32H7xx_HAL_Driver/Src/stm32h7xx_hal_uart_ex.o
 .text.Data_Analyse
                0x0800b464      0x154 ./Hardware/Action/Action.o
                0x0800b464                Data_Analyse
 .text.Move_Arm
                0x0800b5b8       0x7c ./Hardware/Arm/Arm.o
                0x0800b5b8                Move_Arm
 .text.Start    0x0800b634       0xa4 ./Hardware/Arm/Arm.o
                0x0800b634                Start
 .text.Move_To_Position_Staging_Area
                0x0800b6d8       0x88 ./Hardware/Arm/Arm.o
                0x0800b6d8                Move_To_Position_Staging_Area
 .text.Move_To_Position_Rough_Processing_Area
                0x0800b760       0x88 ./Hardware/Arm/Arm.o
                0x0800b760                Move_To_Position_Rough_Processing_Area
 .text.Place_Material_On_Circular
                0x0800b7e8       0xd2 ./Hardware/Arm/Arm.o
                0x0800b7e8                Place_Material_On_Circular
 .text.Place_Material_On_Car
                0x0800b8ba       0xa8 ./Hardware/Arm/Arm.o
                0x0800b8ba                Place_Material_On_Car
 *fill*         0x0800b962        0x2 
 .text.put_Material_to_circular_Staging_Area_frist
                0x0800b964       0xb4 ./Hardware/Arm/Arm.o
                0x0800b964                put_Material_to_circular_Staging_Area_frist
 .text.Grab_Material_to_Car_Staging_Area_frist
                0x0800ba18       0xb0 ./Hardware/Arm/Arm.o
                0x0800ba18                Grab_Material_to_Car_Staging_Area_frist
 .text.put_Material_to_Circular_Rough_Processing_Area_frist
                0x0800bac8       0xb4 ./Hardware/Arm/Arm.o
                0x0800bac8                put_Material_to_Circular_Rough_Processing_Area_frist
 .text.Emm_V5_Pos_Control
                0x0800bb7c       0xa8 ./Hardware/Emm_V5/Emm_V5.o
                0x0800bb7c                Emm_V5_Pos_Control
 .text.Emm_V5_Stop_Now
                0x0800bc24       0x44 ./Hardware/Emm_V5/Emm_V5.o
                0x0800bc24                Emm_V5_Stop_Now
 .text.Emm_V5_Synchronous_motion
                0x0800bc68       0x34 ./Hardware/Emm_V5/Emm_V5.o
                0x0800bc68                Emm_V5_Synchronous_motion
 .text.limit    0x0800bc9c       0x56 ./Hardware/Location/Location.o
                0x0800bc9c                limit
 *fill*         0x0800bcf2        0x2 
 .text.PID_Init
                0x0800bcf4      0x1e8 ./Hardware/Location/Location.o
                0x0800bcf4                PID_Init
 .text.Tx_X_Ctrl
                0x0800bedc      0x14c ./Hardware/Location/Location.o
                0x0800bedc                Tx_X_Ctrl
 .text.Tx_Y_Ctrl
                0x0800c028      0x14c ./Hardware/Location/Location.o
                0x0800c028                Tx_Y_Ctrl
 .text.GetRxFlag
                0x0800c174       0x28 ./Hardware/Run/Run.o
                0x0800c174                GetRxFlag
 .text.Move_Line
                0x0800c19c       0xbc ./Hardware/Run/Run.o
                0x0800c19c                Move_Line
 .text.Move_Left
                0x0800c258       0xbc ./Hardware/Run/Run.o
                0x0800c258                Move_Left
 .text.Move_Back
                0x0800c314       0xbc ./Hardware/Run/Run.o
                0x0800c314                Move_Back
 .text.Move_fanxuzhuan
                0x0800c3d0       0xbc ./Hardware/Run/Run.o
                0x0800c3d0                Move_fanxuzhuan
 .text.Move_Right
                0x0800c48c       0xbc ./Hardware/Run/Run.o
                0x0800c48c                Move_Right
 .text.Move_zhengxuzhuan
                0x0800c548       0xbc ./Hardware/Run/Run.o
                0x0800c548                Move_zhengxuzhuan
 .text.Drop_Location_jiang
                0x0800c604       0x88 ./Hardware/Run/Run.o
                0x0800c604                Drop_Location_jiang
 .text.Move_Stop
                0x0800c68c       0x2c ./Hardware/Run/Run.o
                0x0800c68c                Move_Stop
 .text.Move_TO_jianzhi1
                0x0800c6b8       0x9a ./Hardware/Run/Run.o
                0x0800c6b8                Move_TO_jianzhi1
 .text.Move_TO_zancunqu
                0x0800c752       0x94 ./Hardware/Run/Run.o
                0x0800c752                Move_TO_zancunqu
 .text.Move_TO_jianzhi2
                0x0800c7e6       0x94 ./Hardware/Run/Run.o
                0x0800c7e6                Move_TO_jianzhi2
 .text.Move_TO_cujiagongqu
                0x0800c87a       0x4e ./Hardware/Run/Run.o
                0x0800c87a                Move_TO_cujiagongqu
 .text.Move_TO_jianzhi3
                0x0800c8c8       0x94 ./Hardware/Run/Run.o
                0x0800c8c8                Move_TO_jianzhi3
 .text.Move_TO_fanyuanliaoqu
                0x0800c95c       0x52 ./Hardware/Run/Run.o
                0x0800c95c                Move_TO_fanyuanliaoqu
 *fill*         0x0800c9ae        0x2 
 .text.Move_Action_Nopid_Left_Ctrl
                0x0800c9b0      0x480 ./Hardware/Run/Run.o
                0x0800c9b0                Move_Action_Nopid_Left_Ctrl
 .text.Move_Action_Nopid_Forward_Ctrl
                0x0800ce30      0x488 ./Hardware/Run/Run.o
                0x0800ce30                Move_Action_Nopid_Forward_Ctrl
 .text.Move_Action_Nopid_Right_Ctrl
                0x0800d2b8      0x480 ./Hardware/Run/Run.o
                0x0800d2b8                Move_Action_Nopid_Right_Ctrl
 .text.Move_Tx_Pid_Ctrl
                0x0800d738      0x298 ./Hardware/Run/Run.o
                0x0800d738                Move_Tx_Pid_Ctrl
 .text.Host2SCS
                0x0800d9d0       0x4c ./Hardware/SCSLib/SCS.o
                0x0800d9d0                Host2SCS
 .text.writeBuf
                0x0800da1c       0xd0 ./Hardware/SCSLib/SCS.o
                0x0800da1c                writeBuf
 .text.genWrite
                0x0800daec       0x40 ./Hardware/SCSLib/SCS.o
                0x0800daec                genWrite
 .text.Read     0x0800db2c       0xe0 ./Hardware/SCSLib/SCS.o
                0x0800db2c                Read
 .text.readByte
                0x0800dc0c       0x36 ./Hardware/SCSLib/SCS.o
                0x0800dc0c                readByte
 .text.checkHead
                0x0800dc42       0x52 ./Hardware/SCSLib/SCS.o
                0x0800dc42                checkHead
 .text.Ack      0x0800dc94       0x90 ./Hardware/SCSLib/SCS.o
                0x0800dc94                Ack
 .text.Uart_Send
                0x0800dd24       0x28 ./Hardware/SCSLib/SCS_Uart.o
                0x0800dd24                Uart_Send
 .text.Uart_Read
                0x0800dd4c       0x34 ./Hardware/SCSLib/SCS_Uart.o
                0x0800dd4c                Uart_Read
 .text.readSCS  0x0800dd80       0x28 ./Hardware/SCSLib/SCSerial.o
                0x0800dd80                readSCS
 .text.writeSCS
                0x0800dda8       0x58 ./Hardware/SCSLib/SCSerial.o
                0x0800dda8                writeSCS
 .text.nopDelay
                0x0800de00       0x26 ./Hardware/SCSLib/SCSerial.o
                0x0800de00                nopDelay
 .text.rFlushSCS
                0x0800de26        0xc ./Hardware/SCSLib/SCSerial.o
                0x0800de26                rFlushSCS
 *fill*         0x0800de32        0x2 
 .text.wFlushSCS
                0x0800de34       0x2c ./Hardware/SCSLib/SCSerial.o
                0x0800de34                wFlushSCS
 .text.WritePosEx
                0x0800de60       0x94 ./Hardware/SCSLib/SMS_STS.o
                0x0800de60                WritePosEx
 .text.ReadMove
                0x0800def4       0x54 ./Hardware/SCSLib/SMS_STS.o
                0x0800def4                ReadMove
 .text.Action_Show
                0x0800df48       0xf8 ./Hardware/Screen/Screen.o
                0x0800df48                Action_Show
 .text.QR_Show  0x0800e040       0x78 ./Hardware/Screen/Screen.o
                0x0800e040                QR_Show
 .text.Point_Show
                0x0800e0b8      0x120 ./Hardware/Screen/Screen.o
                0x0800e0b8                Point_Show
 .text.Check_Flag
                0x0800e1d8      0x130 ./Hardware/Screen/Screen.o
                0x0800e1d8                Check_Flag
 .text.Check_Status
                0x0800e308       0x46 ./Hardware/Stability/Stability.o
                0x0800e308                Check_Status
 .text.Roll_Status
                0x0800e34e       0x46 ./Hardware/Stability/Stability.o
                0x0800e34e                Roll_Status
 .text.FT_Servo_Zero
                0x0800e394       0x3c ./Hardware/Stability/Stability.o
                0x0800e394                FT_Servo_Zero
 .text.FT_Servo_Orth
                0x0800e3d0       0x18 ./Hardware/Stability/Stability.o
                0x0800e3d0                FT_Servo_Orth
 .text.FT_Servo_Put
                0x0800e3e8       0x88 ./Hardware/Stability/Stability.o
                0x0800e3e8                FT_Servo_Put
 .text.malloc   0x0800e470       0x10 D:/SoftWare/STM32CUBEMX/STM32CubeIDE_1.16.1/STM32CubeIDE/plugins/com.st.stm32cube.ide.mcu.externaltools.gnu-tools-for-stm32.12.3.rel1.win32_1.0.200.202406191623/tools/bin/../lib/gcc/arm-none-eabi/12.3.1/../../../../arm-none-eabi/lib/thumb/v7e-m+dp/hard\libc_nano.a(libc_a-malloc.o)
                0x0800e470                malloc
 .text.sbrk_aligned
                0x0800e480       0x44 D:/SoftWare/STM32CUBEMX/STM32CubeIDE_1.16.1/STM32CubeIDE/plugins/com.st.stm32cube.ide.mcu.externaltools.gnu-tools-for-stm32.12.3.rel1.win32_1.0.200.202406191623/tools/bin/../lib/gcc/arm-none-eabi/12.3.1/../../../../arm-none-eabi/lib/thumb/v7e-m+dp/hard\libc_nano.a(libc_a-mallocr.o)
 .text._malloc_r
                0x0800e4c4      0x100 D:/SoftWare/STM32CUBEMX/STM32CubeIDE_1.16.1/STM32CubeIDE/plugins/com.st.stm32cube.ide.mcu.externaltools.gnu-tools-for-stm32.12.3.rel1.win32_1.0.200.202406191623/tools/bin/../lib/gcc/arm-none-eabi/12.3.1/../../../../arm-none-eabi/lib/thumb/v7e-m+dp/hard\libc_nano.a(libc_a-mallocr.o)
                0x0800e4c4                _malloc_r
 .text.__malloc_lock
                0x0800e5c4        0xc D:/SoftWare/STM32CUBEMX/STM32CubeIDE_1.16.1/STM32CubeIDE/plugins/com.st.stm32cube.ide.mcu.externaltools.gnu-tools-for-stm32.12.3.rel1.win32_1.0.200.202406191623/tools/bin/../lib/gcc/arm-none-eabi/12.3.1/../../../../arm-none-eabi/lib/thumb/v7e-m+dp/hard\libc_nano.a(libc_a-mlock.o)
                0x0800e5c4                __malloc_lock
 .text.__malloc_unlock
                0x0800e5d0        0xc D:/SoftWare/STM32CUBEMX/STM32CubeIDE_1.16.1/STM32CubeIDE/plugins/com.st.stm32cube.ide.mcu.externaltools.gnu-tools-for-stm32.12.3.rel1.win32_1.0.200.202406191623/tools/bin/../lib/gcc/arm-none-eabi/12.3.1/../../../../arm-none-eabi/lib/thumb/v7e-m+dp/hard\libc_nano.a(libc_a-mlock.o)
                0x0800e5d0                __malloc_unlock
 .text.sulp     0x0800e5dc       0x34 D:/SoftWare/STM32CUBEMX/STM32CubeIDE_1.16.1/STM32CubeIDE/plugins/com.st.stm32cube.ide.mcu.externaltools.gnu-tools-for-stm32.12.3.rel1.win32_1.0.200.202406191623/tools/bin/../lib/gcc/arm-none-eabi/12.3.1/../../../../arm-none-eabi/lib/thumb/v7e-m+dp/hard\libc_nano.a(libc_a-strtod.o)
 .text._strtod_l
                0x0800e610      0xb2c D:/SoftWare/STM32CUBEMX/STM32CubeIDE_1.16.1/STM32CubeIDE/plugins/com.st.stm32cube.ide.mcu.externaltools.gnu-tools-for-stm32.12.3.rel1.win32_1.0.200.202406191623/tools/bin/../lib/gcc/arm-none-eabi/12.3.1/../../../../arm-none-eabi/lib/thumb/v7e-m+dp/hard\libc_nano.a(libc_a-strtod.o)
                0x0800e610                _strtod_l
 .text._strtod_r
                0x0800f13c        0xc D:/SoftWare/STM32CUBEMX/STM32CubeIDE_1.16.1/STM32CubeIDE/plugins/com.st.stm32cube.ide.mcu.externaltools.gnu-tools-for-stm32.12.3.rel1.win32_1.0.200.202406191623/tools/bin/../lib/gcc/arm-none-eabi/12.3.1/../../../../arm-none-eabi/lib/thumb/v7e-m+dp/hard\libc_nano.a(libc_a-strtod.o)
                0x0800f13c                _strtod_r
 .text.__cvt    0x0800f148       0xa8 D:/SoftWare/STM32CUBEMX/STM32CubeIDE_1.16.1/STM32CubeIDE/plugins/com.st.stm32cube.ide.mcu.externaltools.gnu-tools-for-stm32.12.3.rel1.win32_1.0.200.202406191623/tools/bin/../lib/gcc/arm-none-eabi/12.3.1/../../../../arm-none-eabi/lib/thumb/v7e-m+dp/hard\libc_nano.a(libc_a-nano-vfprintf_float.o)
                0x0800f148                __cvt
 .text.__exponent
                0x0800f1f0       0x74 D:/SoftWare/STM32CUBEMX/STM32CubeIDE_1.16.1/STM32CubeIDE/plugins/com.st.stm32cube.ide.mcu.externaltools.gnu-tools-for-stm32.12.3.rel1.win32_1.0.200.202406191623/tools/bin/../lib/gcc/arm-none-eabi/12.3.1/../../../../arm-none-eabi/lib/thumb/v7e-m+dp/hard\libc_nano.a(libc_a-nano-vfprintf_float.o)
                0x0800f1f0                __exponent
 *fill*         0x0800f264        0x4 
 .text._printf_float
                0x0800f268      0x434 D:/SoftWare/STM32CUBEMX/STM32CubeIDE_1.16.1/STM32CubeIDE/plugins/com.st.stm32cube.ide.mcu.externaltools.gnu-tools-for-stm32.12.3.rel1.win32_1.0.200.202406191623/tools/bin/../lib/gcc/arm-none-eabi/12.3.1/../../../../arm-none-eabi/lib/thumb/v7e-m+dp/hard\libc_nano.a(libc_a-nano-vfprintf_float.o)
                0x0800f268                _printf_float
 .text._printf_common
                0x0800f69c       0xda D:/SoftWare/STM32CUBEMX/STM32CubeIDE_1.16.1/STM32CubeIDE/plugins/com.st.stm32cube.ide.mcu.externaltools.gnu-tools-for-stm32.12.3.rel1.win32_1.0.200.202406191623/tools/bin/../lib/gcc/arm-none-eabi/12.3.1/../../../../arm-none-eabi/lib/thumb/v7e-m+dp/hard\libc_nano.a(libc_a-nano-vfprintf_i.o)
                0x0800f69c                _printf_common
 *fill*         0x0800f776        0x2 
 .text._printf_i
                0x0800f778      0x240 D:/SoftWare/STM32CUBEMX/STM32CubeIDE_1.16.1/STM32CubeIDE/plugins/com.st.stm32cube.ide.mcu.externaltools.gnu-tools-for-stm32.12.3.rel1.win32_1.0.200.202406191623/tools/bin/../lib/gcc/arm-none-eabi/12.3.1/../../../../arm-none-eabi/lib/thumb/v7e-m+dp/hard\libc_nano.a(libc_a-nano-vfprintf_i.o)
                0x0800f778                _printf_i
 .text._scanf_float
                0x0800f9b8      0x418 D:/SoftWare/STM32CUBEMX/STM32CubeIDE_1.16.1/STM32CubeIDE/plugins/com.st.stm32cube.ide.mcu.externaltools.gnu-tools-for-stm32.12.3.rel1.win32_1.0.200.202406191623/tools/bin/../lib/gcc/arm-none-eabi/12.3.1/../../../../arm-none-eabi/lib/thumb/v7e-m+dp/hard\libc_nano.a(libc_a-nano-vfscanf_float.o)
                0x0800f9b8                _scanf_float
 .text.std      0x0800fdd0       0x6c D:/SoftWare/STM32CUBEMX/STM32CubeIDE_1.16.1/STM32CubeIDE/plugins/com.st.stm32cube.ide.mcu.externaltools.gnu-tools-for-stm32.12.3.rel1.win32_1.0.200.202406191623/tools/bin/../lib/gcc/arm-none-eabi/12.3.1/../../../../arm-none-eabi/lib/thumb/v7e-m+dp/hard\libc_nano.a(libc_a-findfp.o)
 .text.stdio_exit_handler
                0x0800fe3c       0x18 D:/SoftWare/STM32CUBEMX/STM32CubeIDE_1.16.1/STM32CubeIDE/plugins/com.st.stm32cube.ide.mcu.externaltools.gnu-tools-for-stm32.12.3.rel1.win32_1.0.200.202406191623/tools/bin/../lib/gcc/arm-none-eabi/12.3.1/../../../../arm-none-eabi/lib/thumb/v7e-m+dp/hard\libc_nano.a(libc_a-findfp.o)
 .text.cleanup_stdio
                0x0800fe54       0x40 D:/SoftWare/STM32CUBEMX/STM32CubeIDE_1.16.1/STM32CubeIDE/plugins/com.st.stm32cube.ide.mcu.externaltools.gnu-tools-for-stm32.12.3.rel1.win32_1.0.200.202406191623/tools/bin/../lib/gcc/arm-none-eabi/12.3.1/../../../../arm-none-eabi/lib/thumb/v7e-m+dp/hard\libc_nano.a(libc_a-findfp.o)
 .text.global_stdio_init.part.0
                0x0800fe94       0x3c D:/SoftWare/STM32CUBEMX/STM32CubeIDE_1.16.1/STM32CubeIDE/plugins/com.st.stm32cube.ide.mcu.externaltools.gnu-tools-for-stm32.12.3.rel1.win32_1.0.200.202406191623/tools/bin/../lib/gcc/arm-none-eabi/12.3.1/../../../../arm-none-eabi/lib/thumb/v7e-m+dp/hard\libc_nano.a(libc_a-findfp.o)
 .text.__sfp_lock_acquire
                0x0800fed0        0xc D:/SoftWare/STM32CUBEMX/STM32CubeIDE_1.16.1/STM32CubeIDE/plugins/com.st.stm32cube.ide.mcu.externaltools.gnu-tools-for-stm32.12.3.rel1.win32_1.0.200.202406191623/tools/bin/../lib/gcc/arm-none-eabi/12.3.1/../../../../arm-none-eabi/lib/thumb/v7e-m+dp/hard\libc_nano.a(libc_a-findfp.o)
                0x0800fed0                __sfp_lock_acquire
 .text.__sfp_lock_release
                0x0800fedc        0xc D:/SoftWare/STM32CUBEMX/STM32CubeIDE_1.16.1/STM32CubeIDE/plugins/com.st.stm32cube.ide.mcu.externaltools.gnu-tools-for-stm32.12.3.rel1.win32_1.0.200.202406191623/tools/bin/../lib/gcc/arm-none-eabi/12.3.1/../../../../arm-none-eabi/lib/thumb/v7e-m+dp/hard\libc_nano.a(libc_a-findfp.o)
                0x0800fedc                __sfp_lock_release
 .text.__sinit  0x0800fee8       0x30 D:/SoftWare/STM32CUBEMX/STM32CubeIDE_1.16.1/STM32CubeIDE/plugins/com.st.stm32cube.ide.mcu.externaltools.gnu-tools-for-stm32.12.3.rel1.win32_1.0.200.202406191623/tools/bin/../lib/gcc/arm-none-eabi/12.3.1/../../../../arm-none-eabi/lib/thumb/v7e-m+dp/hard\libc_nano.a(libc_a-findfp.o)
                0x0800fee8                __sinit
 .text._fwalk_sglue
                0x0800ff18       0x3c D:/SoftWare/STM32CUBEMX/STM32CubeIDE_1.16.1/STM32CubeIDE/plugins/com.st.stm32cube.ide.mcu.externaltools.gnu-tools-for-stm32.12.3.rel1.win32_1.0.200.202406191623/tools/bin/../lib/gcc/arm-none-eabi/12.3.1/../../../../arm-none-eabi/lib/thumb/v7e-m+dp/hard\libc_nano.a(libc_a-fwalk.o)
                0x0800ff18                _fwalk_sglue
 .text.sprintf  0x0800ff54       0x40 D:/SoftWare/STM32CUBEMX/STM32CubeIDE_1.16.1/STM32CubeIDE/plugins/com.st.stm32cube.ide.mcu.externaltools.gnu-tools-for-stm32.12.3.rel1.win32_1.0.200.202406191623/tools/bin/../lib/gcc/arm-none-eabi/12.3.1/../../../../arm-none-eabi/lib/thumb/v7e-m+dp/hard\libc_nano.a(libc_a-sprintf.o)
                0x0800ff54                siprintf
                0x0800ff54                sprintf
 .text.sscanf   0x0800ff94       0x54 D:/SoftWare/STM32CUBEMX/STM32CubeIDE_1.16.1/STM32CubeIDE/plugins/com.st.stm32cube.ide.mcu.externaltools.gnu-tools-for-stm32.12.3.rel1.win32_1.0.200.202406191623/tools/bin/../lib/gcc/arm-none-eabi/12.3.1/../../../../arm-none-eabi/lib/thumb/v7e-m+dp/hard\libc_nano.a(libc_a-sscanf.o)
                0x0800ff94                siscanf
                0x0800ff94                sscanf
 .text.__sread  0x0800ffe8       0x22 D:/SoftWare/STM32CUBEMX/STM32CubeIDE_1.16.1/STM32CubeIDE/plugins/com.st.stm32cube.ide.mcu.externaltools.gnu-tools-for-stm32.12.3.rel1.win32_1.0.200.202406191623/tools/bin/../lib/gcc/arm-none-eabi/12.3.1/../../../../arm-none-eabi/lib/thumb/v7e-m+dp/hard\libc_nano.a(libc_a-stdio.o)
                0x0800ffe8                __sread
 .text.__seofread
                0x0801000a        0x4 D:/SoftWare/STM32CUBEMX/STM32CubeIDE_1.16.1/STM32CubeIDE/plugins/com.st.stm32cube.ide.mcu.externaltools.gnu-tools-for-stm32.12.3.rel1.win32_1.0.200.202406191623/tools/bin/../lib/gcc/arm-none-eabi/12.3.1/../../../../arm-none-eabi/lib/thumb/v7e-m+dp/hard\libc_nano.a(libc_a-stdio.o)
                0x0801000a                __seofread
 .text.__swrite
                0x0801000e       0x38 D:/SoftWare/STM32CUBEMX/STM32CubeIDE_1.16.1/STM32CubeIDE/plugins/com.st.stm32cube.ide.mcu.externaltools.gnu-tools-for-stm32.12.3.rel1.win32_1.0.200.202406191623/tools/bin/../lib/gcc/arm-none-eabi/12.3.1/../../../../arm-none-eabi/lib/thumb/v7e-m+dp/hard\libc_nano.a(libc_a-stdio.o)
                0x0801000e                __swrite
 .text.__sseek  0x08010046       0x24 D:/SoftWare/STM32CUBEMX/STM32CubeIDE_1.16.1/STM32CubeIDE/plugins/com.st.stm32cube.ide.mcu.externaltools.gnu-tools-for-stm32.12.3.rel1.win32_1.0.200.202406191623/tools/bin/../lib/gcc/arm-none-eabi/12.3.1/../../../../arm-none-eabi/lib/thumb/v7e-m+dp/hard\libc_nano.a(libc_a-stdio.o)
                0x08010046                __sseek
 .text.__sclose
                0x0801006a        0x8 D:/SoftWare/STM32CUBEMX/STM32CubeIDE_1.16.1/STM32CubeIDE/plugins/com.st.stm32cube.ide.mcu.externaltools.gnu-tools-for-stm32.12.3.rel1.win32_1.0.200.202406191623/tools/bin/../lib/gcc/arm-none-eabi/12.3.1/../../../../arm-none-eabi/lib/thumb/v7e-m+dp/hard\libc_nano.a(libc_a-stdio.o)
                0x0801006a                __sclose
 .text.memset   0x08010072       0x10 D:/SoftWare/STM32CUBEMX/STM32CubeIDE_1.16.1/STM32CubeIDE/plugins/com.st.stm32cube.ide.mcu.externaltools.gnu-tools-for-stm32.12.3.rel1.win32_1.0.200.202406191623/tools/bin/../lib/gcc/arm-none-eabi/12.3.1/../../../../arm-none-eabi/lib/thumb/v7e-m+dp/hard\libc_nano.a(libc_a-memset.o)
                0x08010072                memset
 .text.strchr   0x08010082       0x1a D:/SoftWare/STM32CUBEMX/STM32CubeIDE_1.16.1/STM32CubeIDE/plugins/com.st.stm32cube.ide.mcu.externaltools.gnu-tools-for-stm32.12.3.rel1.win32_1.0.200.202406191623/tools/bin/../lib/gcc/arm-none-eabi/12.3.1/../../../../arm-none-eabi/lib/thumb/v7e-m+dp/hard\libc_nano.a(libc_a-strchr.o)
                0x08010082                strchr
 .text.strncmp  0x0801009c       0x24 D:/SoftWare/STM32CUBEMX/STM32CubeIDE_1.16.1/STM32CubeIDE/plugins/com.st.stm32cube.ide.mcu.externaltools.gnu-tools-for-stm32.12.3.rel1.win32_1.0.200.202406191623/tools/bin/../lib/gcc/arm-none-eabi/12.3.1/../../../../arm-none-eabi/lib/thumb/v7e-m+dp/hard\libc_nano.a(libc_a-strncmp.o)
                0x0801009c                strncmp
 .text._localeconv_r
                0x080100c0        0x8 D:/SoftWare/STM32CUBEMX/STM32CubeIDE_1.16.1/STM32CubeIDE/plugins/com.st.stm32cube.ide.mcu.externaltools.gnu-tools-for-stm32.12.3.rel1.win32_1.0.200.202406191623/tools/bin/../lib/gcc/arm-none-eabi/12.3.1/../../../../arm-none-eabi/lib/thumb/v7e-m+dp/hard\libc_nano.a(libc_a-localeconv.o)
                0x080100c0                _localeconv_r
 .text._close_r
                0x080100c8       0x20 D:/SoftWare/STM32CUBEMX/STM32CubeIDE_1.16.1/STM32CubeIDE/plugins/com.st.stm32cube.ide.mcu.externaltools.gnu-tools-for-stm32.12.3.rel1.win32_1.0.200.202406191623/tools/bin/../lib/gcc/arm-none-eabi/12.3.1/../../../../arm-none-eabi/lib/thumb/v7e-m+dp/hard\libc_nano.a(libc_a-closer.o)
                0x080100c8                _close_r
 .text._lseek_r
                0x080100e8       0x24 D:/SoftWare/STM32CUBEMX/STM32CubeIDE_1.16.1/STM32CubeIDE/plugins/com.st.stm32cube.ide.mcu.externaltools.gnu-tools-for-stm32.12.3.rel1.win32_1.0.200.202406191623/tools/bin/../lib/gcc/arm-none-eabi/12.3.1/../../../../arm-none-eabi/lib/thumb/v7e-m+dp/hard\libc_nano.a(libc_a-lseekr.o)
                0x080100e8                _lseek_r
 .text._read_r  0x0801010c       0x24 D:/SoftWare/STM32CUBEMX/STM32CubeIDE_1.16.1/STM32CubeIDE/plugins/com.st.stm32cube.ide.mcu.externaltools.gnu-tools-for-stm32.12.3.rel1.win32_1.0.200.202406191623/tools/bin/../lib/gcc/arm-none-eabi/12.3.1/../../../../arm-none-eabi/lib/thumb/v7e-m+dp/hard\libc_nano.a(libc_a-readr.o)
                0x0801010c                _read_r
 .text._sbrk_r  0x08010130       0x20 D:/SoftWare/STM32CUBEMX/STM32CubeIDE_1.16.1/STM32CubeIDE/plugins/com.st.stm32cube.ide.mcu.externaltools.gnu-tools-for-stm32.12.3.rel1.win32_1.0.200.202406191623/tools/bin/../lib/gcc/arm-none-eabi/12.3.1/../../../../arm-none-eabi/lib/thumb/v7e-m+dp/hard\libc_nano.a(libc_a-sbrkr.o)
                0x08010130                _sbrk_r
 .text._write_r
                0x08010150       0x24 D:/SoftWare/STM32CUBEMX/STM32CubeIDE_1.16.1/STM32CubeIDE/plugins/com.st.stm32cube.ide.mcu.externaltools.gnu-tools-for-stm32.12.3.rel1.win32_1.0.200.202406191623/tools/bin/../lib/gcc/arm-none-eabi/12.3.1/../../../../arm-none-eabi/lib/thumb/v7e-m+dp/hard\libc_nano.a(libc_a-writer.o)
                0x08010150                _write_r
 .text.__errno  0x08010174        0xc D:/SoftWare/STM32CUBEMX/STM32CubeIDE_1.16.1/STM32CubeIDE/plugins/com.st.stm32cube.ide.mcu.externaltools.gnu-tools-for-stm32.12.3.rel1.win32_1.0.200.202406191623/tools/bin/../lib/gcc/arm-none-eabi/12.3.1/../../../../arm-none-eabi/lib/thumb/v7e-m+dp/hard\libc_nano.a(libc_a-errno.o)
                0x08010174                __errno
 .text.__libc_init_array
                0x08010180       0x48 D:/SoftWare/STM32CUBEMX/STM32CubeIDE_1.16.1/STM32CubeIDE/plugins/com.st.stm32cube.ide.mcu.externaltools.gnu-tools-for-stm32.12.3.rel1.win32_1.0.200.202406191623/tools/bin/../lib/gcc/arm-none-eabi/12.3.1/../../../../arm-none-eabi/lib/thumb/v7e-m+dp/hard\libc_nano.a(libc_a-init.o)
                0x08010180                __libc_init_array
 .text.__retarget_lock_init_recursive
                0x080101c8        0x2 D:/SoftWare/STM32CUBEMX/STM32CubeIDE_1.16.1/STM32CubeIDE/plugins/com.st.stm32cube.ide.mcu.externaltools.gnu-tools-for-stm32.12.3.rel1.win32_1.0.200.202406191623/tools/bin/../lib/gcc/arm-none-eabi/12.3.1/../../../../arm-none-eabi/lib/thumb/v7e-m+dp/hard\libc_nano.a(libc_a-lock.o)
                0x080101c8                __retarget_lock_init_recursive
 .text.__retarget_lock_acquire_recursive
                0x080101ca        0x2 D:/SoftWare/STM32CUBEMX/STM32CubeIDE_1.16.1/STM32CubeIDE/plugins/com.st.stm32cube.ide.mcu.externaltools.gnu-tools-for-stm32.12.3.rel1.win32_1.0.200.202406191623/tools/bin/../lib/gcc/arm-none-eabi/12.3.1/../../../../arm-none-eabi/lib/thumb/v7e-m+dp/hard\libc_nano.a(libc_a-lock.o)
                0x080101ca                __retarget_lock_acquire_recursive
 .text.__retarget_lock_release_recursive
                0x080101cc        0x2 D:/SoftWare/STM32CUBEMX/STM32CubeIDE_1.16.1/STM32CubeIDE/plugins/com.st.stm32cube.ide.mcu.externaltools.gnu-tools-for-stm32.12.3.rel1.win32_1.0.200.202406191623/tools/bin/../lib/gcc/arm-none-eabi/12.3.1/../../../../arm-none-eabi/lib/thumb/v7e-m+dp/hard\libc_nano.a(libc_a-lock.o)
                0x080101cc                __retarget_lock_release_recursive
 .text.memcpy   0x080101ce       0x1c D:/SoftWare/STM32CUBEMX/STM32CubeIDE_1.16.1/STM32CubeIDE/plugins/com.st.stm32cube.ide.mcu.externaltools.gnu-tools-for-stm32.12.3.rel1.win32_1.0.200.202406191623/tools/bin/../lib/gcc/arm-none-eabi/12.3.1/../../../../arm-none-eabi/lib/thumb/v7e-m+dp/hard\libc_nano.a(libc_a-memcpy-stub.o)
                0x080101ce                memcpy
 *fill*         0x080101ea        0x6 
 .text.nan      0x080101f0       0x10 D:/SoftWare/STM32CUBEMX/STM32CubeIDE_1.16.1/STM32CubeIDE/plugins/com.st.stm32cube.ide.mcu.externaltools.gnu-tools-for-stm32.12.3.rel1.win32_1.0.200.202406191623/tools/bin/../lib/gcc/arm-none-eabi/12.3.1/../../../../arm-none-eabi/lib/thumb/v7e-m+dp/hard\libc_nano.a(libm_a-s_nan.o)
                0x080101f0                nan
 .text.nanf     0x08010200        0xc D:/SoftWare/STM32CUBEMX/STM32CubeIDE_1.16.1/STM32CubeIDE/plugins/com.st.stm32cube.ide.mcu.externaltools.gnu-tools-for-stm32.12.3.rel1.win32_1.0.200.202406191623/tools/bin/../lib/gcc/arm-none-eabi/12.3.1/../../../../arm-none-eabi/lib/thumb/v7e-m+dp/hard\libc_nano.a(libm_a-sf_nan.o)
                0x08010200                nanf
 .text.quorem   0x0801020c      0x110 D:/SoftWare/STM32CUBEMX/STM32CubeIDE_1.16.1/STM32CubeIDE/plugins/com.st.stm32cube.ide.mcu.externaltools.gnu-tools-for-stm32.12.3.rel1.win32_1.0.200.202406191623/tools/bin/../lib/gcc/arm-none-eabi/12.3.1/../../../../arm-none-eabi/lib/thumb/v7e-m+dp/hard\libc_nano.a(libc_a-dtoa.o)
 *fill*         0x0801031c        0x4 
 .text._dtoa_r  0x08010320      0xaac D:/SoftWare/STM32CUBEMX/STM32CubeIDE_1.16.1/STM32CubeIDE/plugins/com.st.stm32cube.ide.mcu.externaltools.gnu-tools-for-stm32.12.3.rel1.win32_1.0.200.202406191623/tools/bin/../lib/gcc/arm-none-eabi/12.3.1/../../../../arm-none-eabi/lib/thumb/v7e-m+dp/hard\libc_nano.a(libc_a-dtoa.o)
                0x08010320                _dtoa_r
 .text._free_r  0x08010dcc       0x94 D:/SoftWare/STM32CUBEMX/STM32CubeIDE_1.16.1/STM32CubeIDE/plugins/com.st.stm32cube.ide.mcu.externaltools.gnu-tools-for-stm32.12.3.rel1.win32_1.0.200.202406191623/tools/bin/../lib/gcc/arm-none-eabi/12.3.1/../../../../arm-none-eabi/lib/thumb/v7e-m+dp/hard\libc_nano.a(libc_a-freer.o)
                0x08010dcc                _free_r
 .text.rshift   0x08010e60       0xa4 D:/SoftWare/STM32CUBEMX/STM32CubeIDE_1.16.1/STM32CubeIDE/plugins/com.st.stm32cube.ide.mcu.externaltools.gnu-tools-for-stm32.12.3.rel1.win32_1.0.200.202406191623/tools/bin/../lib/gcc/arm-none-eabi/12.3.1/../../../../arm-none-eabi/lib/thumb/v7e-m+dp/hard\libc_nano.a(libc_a-gdtoa-gethex.o)
 .text.__hexdig_fun
                0x08010f04       0x2a D:/SoftWare/STM32CUBEMX/STM32CubeIDE_1.16.1/STM32CubeIDE/plugins/com.st.stm32cube.ide.mcu.externaltools.gnu-tools-for-stm32.12.3.rel1.win32_1.0.200.202406191623/tools/bin/../lib/gcc/arm-none-eabi/12.3.1/../../../../arm-none-eabi/lib/thumb/v7e-m+dp/hard\libc_nano.a(libc_a-gdtoa-gethex.o)
                0x08010f04                __hexdig_fun
 *fill*         0x08010f2e        0x2 
 .text.__gethex
                0x08010f30      0x420 D:/SoftWare/STM32CUBEMX/STM32CubeIDE_1.16.1/STM32CubeIDE/plugins/com.st.stm32cube.ide.mcu.externaltools.gnu-tools-for-stm32.12.3.rel1.win32_1.0.200.202406191623/tools/bin/../lib/gcc/arm-none-eabi/12.3.1/../../../../arm-none-eabi/lib/thumb/v7e-m+dp/hard\libc_nano.a(libc_a-gdtoa-gethex.o)
                0x08010f30                __gethex
 .text.L_shift  0x08011350       0x24 D:/SoftWare/STM32CUBEMX/STM32CubeIDE_1.16.1/STM32CubeIDE/plugins/com.st.stm32cube.ide.mcu.externaltools.gnu-tools-for-stm32.12.3.rel1.win32_1.0.200.202406191623/tools/bin/../lib/gcc/arm-none-eabi/12.3.1/../../../../arm-none-eabi/lib/thumb/v7e-m+dp/hard\libc_nano.a(libc_a-gdtoa-hexnan.o)
 .text.__match  0x08011374       0x28 D:/SoftWare/STM32CUBEMX/STM32CubeIDE_1.16.1/STM32CubeIDE/plugins/com.st.stm32cube.ide.mcu.externaltools.gnu-tools-for-stm32.12.3.rel1.win32_1.0.200.202406191623/tools/bin/../lib/gcc/arm-none-eabi/12.3.1/../../../../arm-none-eabi/lib/thumb/v7e-m+dp/hard\libc_nano.a(libc_a-gdtoa-hexnan.o)
                0x08011374                __match
 .text.__hexnan
                0x0801139c      0x136 D:/SoftWare/STM32CUBEMX/STM32CubeIDE_1.16.1/STM32CubeIDE/plugins/com.st.stm32cube.ide.mcu.externaltools.gnu-tools-for-stm32.12.3.rel1.win32_1.0.200.202406191623/tools/bin/../lib/gcc/arm-none-eabi/12.3.1/../../../../arm-none-eabi/lib/thumb/v7e-m+dp/hard\libc_nano.a(libc_a-gdtoa-hexnan.o)
                0x0801139c                __hexnan
 .text.__ascii_mbtowc
                0x080114d2       0x24 D:/SoftWare/STM32CUBEMX/STM32CubeIDE_1.16.1/STM32CubeIDE/plugins/com.st.stm32cube.ide.mcu.externaltools.gnu-tools-for-stm32.12.3.rel1.win32_1.0.200.202406191623/tools/bin/../lib/gcc/arm-none-eabi/12.3.1/../../../../arm-none-eabi/lib/thumb/v7e-m+dp/hard\libc_nano.a(libc_a-mbtowc_r.o)
                0x080114d2                __ascii_mbtowc
 *fill*         0x080114f6        0x2 
 .text._Balloc  0x080114f8       0x80 D:/SoftWare/STM32CUBEMX/STM32CubeIDE_1.16.1/STM32CubeIDE/plugins/com.st.stm32cube.ide.mcu.externaltools.gnu-tools-for-stm32.12.3.rel1.win32_1.0.200.202406191623/tools/bin/../lib/gcc/arm-none-eabi/12.3.1/../../../../arm-none-eabi/lib/thumb/v7e-m+dp/hard\libc_nano.a(libc_a-mprec.o)
                0x080114f8                _Balloc
 .text._Bfree   0x08011578       0x44 D:/SoftWare/STM32CUBEMX/STM32CubeIDE_1.16.1/STM32CubeIDE/plugins/com.st.stm32cube.ide.mcu.externaltools.gnu-tools-for-stm32.12.3.rel1.win32_1.0.200.202406191623/tools/bin/../lib/gcc/arm-none-eabi/12.3.1/../../../../arm-none-eabi/lib/thumb/v7e-m+dp/hard\libc_nano.a(libc_a-mprec.o)
                0x08011578                _Bfree
 .text.__multadd
                0x080115bc       0x8c D:/SoftWare/STM32CUBEMX/STM32CubeIDE_1.16.1/STM32CubeIDE/plugins/com.st.stm32cube.ide.mcu.externaltools.gnu-tools-for-stm32.12.3.rel1.win32_1.0.200.202406191623/tools/bin/../lib/gcc/arm-none-eabi/12.3.1/../../../../arm-none-eabi/lib/thumb/v7e-m+dp/hard\libc_nano.a(libc_a-mprec.o)
                0x080115bc                __multadd
 .text.__s2b    0x08011648       0x94 D:/SoftWare/STM32CUBEMX/STM32CubeIDE_1.16.1/STM32CubeIDE/plugins/com.st.stm32cube.ide.mcu.externaltools.gnu-tools-for-stm32.12.3.rel1.win32_1.0.200.202406191623/tools/bin/../lib/gcc/arm-none-eabi/12.3.1/../../../../arm-none-eabi/lib/thumb/v7e-m+dp/hard\libc_nano.a(libc_a-mprec.o)
                0x08011648                __s2b
 .text.__hi0bits
                0x080116dc       0x3e D:/SoftWare/STM32CUBEMX/STM32CubeIDE_1.16.1/STM32CubeIDE/plugins/com.st.stm32cube.ide.mcu.externaltools.gnu-tools-for-stm32.12.3.rel1.win32_1.0.200.202406191623/tools/bin/../lib/gcc/arm-none-eabi/12.3.1/../../../../arm-none-eabi/lib/thumb/v7e-m+dp/hard\libc_nano.a(libc_a-mprec.o)
                0x080116dc                __hi0bits
 .text.__lo0bits
                0x0801171a       0x5a D:/SoftWare/STM32CUBEMX/STM32CubeIDE_1.16.1/STM32CubeIDE/plugins/com.st.stm32cube.ide.mcu.externaltools.gnu-tools-for-stm32.12.3.rel1.win32_1.0.200.202406191623/tools/bin/../lib/gcc/arm-none-eabi/12.3.1/../../../../arm-none-eabi/lib/thumb/v7e-m+dp/hard\libc_nano.a(libc_a-mprec.o)
                0x0801171a                __lo0bits
 .text.__i2b    0x08011774       0x2c D:/SoftWare/STM32CUBEMX/STM32CubeIDE_1.16.1/STM32CubeIDE/plugins/com.st.stm32cube.ide.mcu.externaltools.gnu-tools-for-stm32.12.3.rel1.win32_1.0.200.202406191623/tools/bin/../lib/gcc/arm-none-eabi/12.3.1/../../../../arm-none-eabi/lib/thumb/v7e-m+dp/hard\libc_nano.a(libc_a-mprec.o)
                0x08011774                __i2b
 .text.__multiply
                0x080117a0      0x154 D:/SoftWare/STM32CUBEMX/STM32CubeIDE_1.16.1/STM32CubeIDE/plugins/com.st.stm32cube.ide.mcu.externaltools.gnu-tools-for-stm32.12.3.rel1.win32_1.0.200.202406191623/tools/bin/../lib/gcc/arm-none-eabi/12.3.1/../../../../arm-none-eabi/lib/thumb/v7e-m+dp/hard\libc_nano.a(libc_a-mprec.o)
                0x080117a0                __multiply
 .text.__pow5mult
                0x080118f4       0xb4 D:/SoftWare/STM32CUBEMX/STM32CubeIDE_1.16.1/STM32CubeIDE/plugins/com.st.stm32cube.ide.mcu.externaltools.gnu-tools-for-stm32.12.3.rel1.win32_1.0.200.202406191623/tools/bin/../lib/gcc/arm-none-eabi/12.3.1/../../../../arm-none-eabi/lib/thumb/v7e-m+dp/hard\libc_nano.a(libc_a-mprec.o)
                0x080118f4                __pow5mult
 .text.__lshift
                0x080119a8       0xd8 D:/SoftWare/STM32CUBEMX/STM32CubeIDE_1.16.1/STM32CubeIDE/plugins/com.st.stm32cube.ide.mcu.externaltools.gnu-tools-for-stm32.12.3.rel1.win32_1.0.200.202406191623/tools/bin/../lib/gcc/arm-none-eabi/12.3.1/../../../../arm-none-eabi/lib/thumb/v7e-m+dp/hard\libc_nano.a(libc_a-mprec.o)
                0x080119a8                __lshift
 .text.__mcmp   0x08011a80       0x36 D:/SoftWare/STM32CUBEMX/STM32CubeIDE_1.16.1/STM32CubeIDE/plugins/com.st.stm32cube.ide.mcu.externaltools.gnu-tools-for-stm32.12.3.rel1.win32_1.0.200.202406191623/tools/bin/../lib/gcc/arm-none-eabi/12.3.1/../../../../arm-none-eabi/lib/thumb/v7e-m+dp/hard\libc_nano.a(libc_a-mprec.o)
                0x08011a80                __mcmp
 *fill*         0x08011ab6        0x2 
 .text.__mdiff  0x08011ab8      0x128 D:/SoftWare/STM32CUBEMX/STM32CubeIDE_1.16.1/STM32CubeIDE/plugins/com.st.stm32cube.ide.mcu.externaltools.gnu-tools-for-stm32.12.3.rel1.win32_1.0.200.202406191623/tools/bin/../lib/gcc/arm-none-eabi/12.3.1/../../../../arm-none-eabi/lib/thumb/v7e-m+dp/hard\libc_nano.a(libc_a-mprec.o)
                0x08011ab8                __mdiff
 .text.__ulp    0x08011be0       0x4c D:/SoftWare/STM32CUBEMX/STM32CubeIDE_1.16.1/STM32CubeIDE/plugins/com.st.stm32cube.ide.mcu.externaltools.gnu-tools-for-stm32.12.3.rel1.win32_1.0.200.202406191623/tools/bin/../lib/gcc/arm-none-eabi/12.3.1/../../../../arm-none-eabi/lib/thumb/v7e-m+dp/hard\libc_nano.a(libc_a-mprec.o)
                0x08011be0                __ulp
 .text.__b2d    0x08011c2c       0x94 D:/SoftWare/STM32CUBEMX/STM32CubeIDE_1.16.1/STM32CubeIDE/plugins/com.st.stm32cube.ide.mcu.externaltools.gnu-tools-for-stm32.12.3.rel1.win32_1.0.200.202406191623/tools/bin/../lib/gcc/arm-none-eabi/12.3.1/../../../../arm-none-eabi/lib/thumb/v7e-m+dp/hard\libc_nano.a(libc_a-mprec.o)
                0x08011c2c                __b2d
 .text.__d2b    0x08011cc0       0xb0 D:/SoftWare/STM32CUBEMX/STM32CubeIDE_1.16.1/STM32CubeIDE/plugins/com.st.stm32cube.ide.mcu.externaltools.gnu-tools-for-stm32.12.3.rel1.win32_1.0.200.202406191623/tools/bin/../lib/gcc/arm-none-eabi/12.3.1/../../../../arm-none-eabi/lib/thumb/v7e-m+dp/hard\libc_nano.a(libc_a-mprec.o)
                0x08011cc0                __d2b
 .text.__ratio  0x08011d70       0x5e D:/SoftWare/STM32CUBEMX/STM32CubeIDE_1.16.1/STM32CubeIDE/plugins/com.st.stm32cube.ide.mcu.externaltools.gnu-tools-for-stm32.12.3.rel1.win32_1.0.200.202406191623/tools/bin/../lib/gcc/arm-none-eabi/12.3.1/../../../../arm-none-eabi/lib/thumb/v7e-m+dp/hard\libc_nano.a(libc_a-mprec.o)
                0x08011d70                __ratio
 .text.__copybits
                0x08011dce       0x46 D:/SoftWare/STM32CUBEMX/STM32CubeIDE_1.16.1/STM32CubeIDE/plugins/com.st.stm32cube.ide.mcu.externaltools.gnu-tools-for-stm32.12.3.rel1.win32_1.0.200.202406191623/tools/bin/../lib/gcc/arm-none-eabi/12.3.1/../../../../arm-none-eabi/lib/thumb/v7e-m+dp/hard\libc_nano.a(libc_a-mprec.o)
                0x08011dce                __copybits
 .text.__any_on
                0x08011e14       0x42 D:/SoftWare/STM32CUBEMX/STM32CubeIDE_1.16.1/STM32CubeIDE/plugins/com.st.stm32cube.ide.mcu.externaltools.gnu-tools-for-stm32.12.3.rel1.win32_1.0.200.202406191623/tools/bin/../lib/gcc/arm-none-eabi/12.3.1/../../../../arm-none-eabi/lib/thumb/v7e-m+dp/hard\libc_nano.a(libc_a-mprec.o)
                0x08011e14                __any_on
 *fill*         0x08011e56        0x2 
 .text._strtol_l.constprop.0
                0x08011e58       0xf4 D:/SoftWare/STM32CUBEMX/STM32CubeIDE_1.16.1/STM32CubeIDE/plugins/com.st.stm32cube.ide.mcu.externaltools.gnu-tools-for-stm32.12.3.rel1.win32_1.0.200.202406191623/tools/bin/../lib/gcc/arm-none-eabi/12.3.1/../../../../arm-none-eabi/lib/thumb/v7e-m+dp/hard\libc_nano.a(libc_a-strtol.o)
 .text._strtol_r
                0x08011f4c        0x4 D:/SoftWare/STM32CUBEMX/STM32CubeIDE_1.16.1/STM32CubeIDE/plugins/com.st.stm32cube.ide.mcu.externaltools.gnu-tools-for-stm32.12.3.rel1.win32_1.0.200.202406191623/tools/bin/../lib/gcc/arm-none-eabi/12.3.1/../../../../arm-none-eabi/lib/thumb/v7e-m+dp/hard\libc_nano.a(libc_a-strtol.o)
                0x08011f4c                _strtol_r
 .text.__ascii_wctomb
                0x08011f50       0x1a D:/SoftWare/STM32CUBEMX/STM32CubeIDE_1.16.1/STM32CubeIDE/plugins/com.st.stm32cube.ide.mcu.externaltools.gnu-tools-for-stm32.12.3.rel1.win32_1.0.200.202406191623/tools/bin/../lib/gcc/arm-none-eabi/12.3.1/../../../../arm-none-eabi/lib/thumb/v7e-m+dp/hard\libc_nano.a(libc_a-wctomb_r.o)
                0x08011f50                __ascii_wctomb
 .text.__ssputs_r
                0x08011f6a       0xb6 D:/SoftWare/STM32CUBEMX/STM32CubeIDE_1.16.1/STM32CubeIDE/plugins/com.st.stm32cube.ide.mcu.externaltools.gnu-tools-for-stm32.12.3.rel1.win32_1.0.200.202406191623/tools/bin/../lib/gcc/arm-none-eabi/12.3.1/../../../../arm-none-eabi/lib/thumb/v7e-m+dp/hard\libc_nano.a(libc_a-nano-svfprintf.o)
                0x08011f6a                __ssputs_r
 .text._svfprintf_r
                0x08012020      0x1f8 D:/SoftWare/STM32CUBEMX/STM32CubeIDE_1.16.1/STM32CubeIDE/plugins/com.st.stm32cube.ide.mcu.externaltools.gnu-tools-for-stm32.12.3.rel1.win32_1.0.200.202406191623/tools/bin/../lib/gcc/arm-none-eabi/12.3.1/../../../../arm-none-eabi/lib/thumb/v7e-m+dp/hard\libc_nano.a(libc_a-nano-svfprintf.o)
                0x08012020                _svfiprintf_r
                0x08012020                _svfprintf_r
 .text._sungetc_r
                0x08012218       0x76 D:/SoftWare/STM32CUBEMX/STM32CubeIDE_1.16.1/STM32CubeIDE/plugins/com.st.stm32cube.ide.mcu.externaltools.gnu-tools-for-stm32.12.3.rel1.win32_1.0.200.202406191623/tools/bin/../lib/gcc/arm-none-eabi/12.3.1/../../../../arm-none-eabi/lib/thumb/v7e-m+dp/hard\libc_nano.a(libc_a-nano-svfscanf.o)
                0x08012218                _sungetc_r
 .text.__ssrefill_r
                0x0801228e       0x3a D:/SoftWare/STM32CUBEMX/STM32CubeIDE_1.16.1/STM32CubeIDE/plugins/com.st.stm32cube.ide.mcu.externaltools.gnu-tools-for-stm32.12.3.rel1.win32_1.0.200.202406191623/tools/bin/../lib/gcc/arm-none-eabi/12.3.1/../../../../arm-none-eabi/lib/thumb/v7e-m+dp/hard\libc_nano.a(libc_a-nano-svfscanf.o)
                0x0801228e                __ssrefill_r
 .text.__ssvfscanf_r
                0x080122c8      0x2e8 D:/SoftWare/STM32CUBEMX/STM32CubeIDE_1.16.1/STM32CubeIDE/plugins/com.st.stm32cube.ide.mcu.externaltools.gnu-tools-for-stm32.12.3.rel1.win32_1.0.200.202406191623/tools/bin/../lib/gcc/arm-none-eabi/12.3.1/../../../../arm-none-eabi/lib/thumb/v7e-m+dp/hard\libc_nano.a(libc_a-nano-svfscanf.o)
                0x080122c8                __ssvfiscanf_r
                0x080122c8                __ssvfscanf_r
 .text._scanf_chars
                0x080125b0       0xb4 D:/SoftWare/STM32CUBEMX/STM32CubeIDE_1.16.1/STM32CubeIDE/plugins/com.st.stm32cube.ide.mcu.externaltools.gnu-tools-for-stm32.12.3.rel1.win32_1.0.200.202406191623/tools/bin/../lib/gcc/arm-none-eabi/12.3.1/../../../../arm-none-eabi/lib/thumb/v7e-m+dp/hard\libc_nano.a(libc_a-nano-vfscanf_i.o)
                0x080125b0                _scanf_chars
 .text._scanf_i
                0x08012664      0x1e8 D:/SoftWare/STM32CUBEMX/STM32CubeIDE_1.16.1/STM32CubeIDE/plugins/com.st.stm32cube.ide.mcu.externaltools.gnu-tools-for-stm32.12.3.rel1.win32_1.0.200.202406191623/tools/bin/../lib/gcc/arm-none-eabi/12.3.1/../../../../arm-none-eabi/lib/thumb/v7e-m+dp/hard\libc_nano.a(libc_a-nano-vfscanf_i.o)
                0x08012664                _scanf_i
 .text.__sflush_r
                0x0801284c      0x108 D:/SoftWare/STM32CUBEMX/STM32CubeIDE_1.16.1/STM32CubeIDE/plugins/com.st.stm32cube.ide.mcu.externaltools.gnu-tools-for-stm32.12.3.rel1.win32_1.0.200.202406191623/tools/bin/../lib/gcc/arm-none-eabi/12.3.1/../../../../arm-none-eabi/lib/thumb/v7e-m+dp/hard\libc_nano.a(libc_a-fflush.o)
                0x0801284c                __sflush_r
 .text._fflush_r
                0x08012954       0x50 D:/SoftWare/STM32CUBEMX/STM32CubeIDE_1.16.1/STM32CubeIDE/plugins/com.st.stm32cube.ide.mcu.externaltools.gnu-tools-for-stm32.12.3.rel1.win32_1.0.200.202406191623/tools/bin/../lib/gcc/arm-none-eabi/12.3.1/../../../../arm-none-eabi/lib/thumb/v7e-m+dp/hard\libc_nano.a(libc_a-fflush.o)
                0x08012954                _fflush_r
 .text.__sccl   0x080129a4       0x72 D:/SoftWare/STM32CUBEMX/STM32CubeIDE_1.16.1/STM32CubeIDE/plugins/com.st.stm32cube.ide.mcu.externaltools.gnu-tools-for-stm32.12.3.rel1.win32_1.0.200.202406191623/tools/bin/../lib/gcc/arm-none-eabi/12.3.1/../../../../arm-none-eabi/lib/thumb/v7e-m+dp/hard\libc_nano.a(libc_a-sccl.o)
                0x080129a4                __sccl
 .text.__submore
                0x08012a16       0x74 D:/SoftWare/STM32CUBEMX/STM32CubeIDE_1.16.1/STM32CubeIDE/plugins/com.st.stm32cube.ide.mcu.externaltools.gnu-tools-for-stm32.12.3.rel1.win32_1.0.200.202406191623/tools/bin/../lib/gcc/arm-none-eabi/12.3.1/../../../../arm-none-eabi/lib/thumb/v7e-m+dp/hard\libc_nano.a(libc_a-ungetc.o)
                0x08012a16                __submore
 .text.memmove  0x08012a8a       0x34 D:/SoftWare/STM32CUBEMX/STM32CubeIDE_1.16.1/STM32CubeIDE/plugins/com.st.stm32cube.ide.mcu.externaltools.gnu-tools-for-stm32.12.3.rel1.win32_1.0.200.202406191623/tools/bin/../lib/gcc/arm-none-eabi/12.3.1/../../../../arm-none-eabi/lib/thumb/v7e-m+dp/hard\libc_nano.a(libc_a-memmove.o)
                0x08012a8a                memmove
 *fill*         0x08012abe        0x2 
 .text.__assert_func
                0x08012ac0       0x3c D:/SoftWare/STM32CUBEMX/STM32CubeIDE_1.16.1/STM32CubeIDE/plugins/com.st.stm32cube.ide.mcu.externaltools.gnu-tools-for-stm32.12.3.rel1.win32_1.0.200.202406191623/tools/bin/../lib/gcc/arm-none-eabi/12.3.1/../../../../arm-none-eabi/lib/thumb/v7e-m+dp/hard\libc_nano.a(libc_a-assert.o)
                0x08012ac0                __assert_func
 .text._calloc_r
                0x08012afc       0x28 D:/SoftWare/STM32CUBEMX/STM32CubeIDE_1.16.1/STM32CubeIDE/plugins/com.st.stm32cube.ide.mcu.externaltools.gnu-tools-for-stm32.12.3.rel1.win32_1.0.200.202406191623/tools/bin/../lib/gcc/arm-none-eabi/12.3.1/../../../../arm-none-eabi/lib/thumb/v7e-m+dp/hard\libc_nano.a(libc_a-callocr.o)
                0x08012afc                _calloc_r
 .text._realloc_r
                0x08012b24       0x5c D:/SoftWare/STM32CUBEMX/STM32CubeIDE_1.16.1/STM32CubeIDE/plugins/com.st.stm32cube.ide.mcu.externaltools.gnu-tools-for-stm32.12.3.rel1.win32_1.0.200.202406191623/tools/bin/../lib/gcc/arm-none-eabi/12.3.1/../../../../arm-none-eabi/lib/thumb/v7e-m+dp/hard\libc_nano.a(libc_a-reallocr.o)
                0x08012b24                _realloc_r
 .text._strtoul_l.constprop.0
                0x08012b80       0xdc D:/SoftWare/STM32CUBEMX/STM32CubeIDE_1.16.1/STM32CubeIDE/plugins/com.st.stm32cube.ide.mcu.externaltools.gnu-tools-for-stm32.12.3.rel1.win32_1.0.200.202406191623/tools/bin/../lib/gcc/arm-none-eabi/12.3.1/../../../../arm-none-eabi/lib/thumb/v7e-m+dp/hard\libc_nano.a(libc_a-strtoul.o)
 .text._strtoul_r
                0x08012c5c        0x4 D:/SoftWare/STM32CUBEMX/STM32CubeIDE_1.16.1/STM32CubeIDE/plugins/com.st.stm32cube.ide.mcu.externaltools.gnu-tools-for-stm32.12.3.rel1.win32_1.0.200.202406191623/tools/bin/../lib/gcc/arm-none-eabi/12.3.1/../../../../arm-none-eabi/lib/thumb/v7e-m+dp/hard\libc_nano.a(libc_a-strtoul.o)
                0x08012c5c                _strtoul_r
 .text.fprintf  0x08012c60       0x24 D:/SoftWare/STM32CUBEMX/STM32CubeIDE_1.16.1/STM32CubeIDE/plugins/com.st.stm32cube.ide.mcu.externaltools.gnu-tools-for-stm32.12.3.rel1.win32_1.0.200.202406191623/tools/bin/../lib/gcc/arm-none-eabi/12.3.1/../../../../arm-none-eabi/lib/thumb/v7e-m+dp/hard\libc_nano.a(libc_a-fprintf.o)
                0x08012c60                fiprintf
                0x08012c60                fprintf
 .text.abort    0x08012c84        0xe D:/SoftWare/STM32CUBEMX/STM32CubeIDE_1.16.1/STM32CubeIDE/plugins/com.st.stm32cube.ide.mcu.externaltools.gnu-tools-for-stm32.12.3.rel1.win32_1.0.200.202406191623/tools/bin/../lib/gcc/arm-none-eabi/12.3.1/../../../../arm-none-eabi/lib/thumb/v7e-m+dp/hard\libc_nano.a(libc_a-abort.o)
                0x08012c84                abort
 .text._malloc_usable_size_r
                0x08012c92       0x10 D:/SoftWare/STM32CUBEMX/STM32CubeIDE_1.16.1/STM32CubeIDE/plugins/com.st.stm32cube.ide.mcu.externaltools.gnu-tools-for-stm32.12.3.rel1.win32_1.0.200.202406191623/tools/bin/../lib/gcc/arm-none-eabi/12.3.1/../../../../arm-none-eabi/lib/thumb/v7e-m+dp/hard\libc_nano.a(libc_a-msizer.o)
                0x08012c92                _malloc_usable_size_r
 .text.__sfputc_r
                0x08012ca2       0x2e D:/SoftWare/STM32CUBEMX/STM32CubeIDE_1.16.1/STM32CubeIDE/plugins/com.st.stm32cube.ide.mcu.externaltools.gnu-tools-for-stm32.12.3.rel1.win32_1.0.200.202406191623/tools/bin/../lib/gcc/arm-none-eabi/12.3.1/../../../../arm-none-eabi/lib/thumb/v7e-m+dp/hard\libc_nano.a(libc_a-nano-vfprintf.o)
 .text.__sfputs_r
                0x08012cd0       0x24 D:/SoftWare/STM32CUBEMX/STM32CubeIDE_1.16.1/STM32CubeIDE/plugins/com.st.stm32cube.ide.mcu.externaltools.gnu-tools-for-stm32.12.3.rel1.win32_1.0.200.202406191623/tools/bin/../lib/gcc/arm-none-eabi/12.3.1/../../../../arm-none-eabi/lib/thumb/v7e-m+dp/hard\libc_nano.a(libc_a-nano-vfprintf.o)
                0x08012cd0                __sfputs_r
 .text._vfprintf_r
                0x08012cf4      0x230 D:/SoftWare/STM32CUBEMX/STM32CubeIDE_1.16.1/STM32CubeIDE/plugins/com.st.stm32cube.ide.mcu.externaltools.gnu-tools-for-stm32.12.3.rel1.win32_1.0.200.202406191623/tools/bin/../lib/gcc/arm-none-eabi/12.3.1/../../../../arm-none-eabi/lib/thumb/v7e-m+dp/hard\libc_nano.a(libc_a-nano-vfprintf.o)
                0x08012cf4                _vfprintf_r
                0x08012cf4                _vfiprintf_r
 .text.__swbuf_r
                0x08012f24       0x7c D:/SoftWare/STM32CUBEMX/STM32CubeIDE_1.16.1/STM32CubeIDE/plugins/com.st.stm32cube.ide.mcu.externaltools.gnu-tools-for-stm32.12.3.rel1.win32_1.0.200.202406191623/tools/bin/../lib/gcc/arm-none-eabi/12.3.1/../../../../arm-none-eabi/lib/thumb/v7e-m+dp/hard\libc_nano.a(libc_a-wbuf.o)
                0x08012f24                __swbuf_r
 .text.__swsetup_r
                0x08012fa0       0xac D:/SoftWare/STM32CUBEMX/STM32CubeIDE_1.16.1/STM32CubeIDE/plugins/com.st.stm32cube.ide.mcu.externaltools.gnu-tools-for-stm32.12.3.rel1.win32_1.0.200.202406191623/tools/bin/../lib/gcc/arm-none-eabi/12.3.1/../../../../arm-none-eabi/lib/thumb/v7e-m+dp/hard\libc_nano.a(libc_a-wsetup.o)
                0x08012fa0                __swsetup_r
 .text._raise_r