../Core/Src/usart.c:51:6:MX_UART4_Init	8	static
../Core/Src/usart.c:94:6:MX_UART5_Init	8	static
../Core/Src/usart.c:137:6:MX_UART7_Init	8	static
../Core/Src/usart.c:180:6:MX_UART8_Init	8	static
../Core/Src/usart.c:223:6:MX_UART9_Init	8	static
../Core/Src/usart.c:267:6:MX_USART2_UART_Init	8	static
../Core/Src/usart.c:320:6:MX_USART3_UART_Init	8	static
../Core/Src/usart.c:364:6:MX_USART6_UART_Init	8	static
../Core/Src/usart.c:408:6:MX_USART10_UART_Init	8	static
../Core/Src/usart.c:451:6:HAL_UART_MspInit	296	static
../Core/Src/usart.c:792:6:HAL_UART_MspDeInit	16	static
