../Hardware/Run/Run.c:15:9:GetRxFlag	4	static
../Hardware/Run/Run.c:40:6:Move_Line	40	static
../Hardware/Run/Run.c:58:6:Move_Left	40	static
../Hardware/Run/Run.c:76:6:Move_Back	40	static
../Hardware/Run/Run.c:95:6:Move_Right	40	static
../Hardware/Run/Run.c:113:6:Move_zhengxuzhuan	40	static
../Hardware/Run/Run.c:131:6:Move_fanxuzhuan	40	static
../Hardware/Run/Run.c:168:6:Drop_Location_jiang	40	static
../Hardware/Run/Run.c:179:6:Drop_Location_Sheng	40	static
../Hardware/Run/Run.c:193:6:motor_clear_all	8	static
../Hardware/Run/Run.c:202:6:Move_Val_Line	24	static
../Hardware/Run/Run.c:211:6:Move_Val_Back	24	static
../Hardware/Run/Run.c:220:6:Move_Val_Left	24	static
../Hardware/Run/Run.c:229:6:Move_Val_Right	24	static
../Hardware/Run/Run.c:239:6:Move_Stop	8	static
../Hardware/Run/Run.c:248:6:Move_GO	32	static
../Hardware/Run/Run.c:267:6:Move_TO_Saomaqu	16	static
../Hardware/Run/Run.c:275:6:Move_TO_yuanliaoqu	16	static
../Hardware/Run/Run.c:282:6:Move_TO_jianzhi1	16	static
../Hardware/Run/Run.c:290:6:Move_TO_zancunqu	16	static
../Hardware/Run/Run.c:297:6:Move_TO_jianzhi2	16	static
../Hardware/Run/Run.c:304:6:Move_TO_cujiagongqu	16	static
../Hardware/Run/Run.c:309:6:Move_TO_jianzhi3	16	static
../Hardware/Run/Run.c:316:6:Move_TO_fanyuanliaoqu	16	static
../Hardware/Run/Run.c:322:6:Move_Action_Left_Ctrl	8	static
../Hardware/Run/Run.c:340:6:Move_Action_Forward_Ctrl	8	static
../Hardware/Run/Run.c:358:6:Move_Action_Right_Ctrl	8	static
../Hardware/Run/Run.c:375:6:put_location	16	static
../Hardware/Run/Run.c:392:6:Move_Action_Nopid_Left_Ctrl	16	static
../Hardware/Run/Run.c:413:6:Move_Action_Nopid_Forward_Ctrl	16	static
../Hardware/Run/Run.c:437:6:Move_Action_Nopid_Right_Ctrl	16	static
../Hardware/Run/Run.c:462:6:Move_Tx_Pid_Ctrl	16	static
../Hardware/Run/Run.c:492:6:Move_Tx_NO_Pid_Ctrl	16	static
../Hardware/Run/Run.c:517:6:Move_Tx_Val_Ctrl	24	static
../Hardware/Run/Run.c:546:6:Move_Tx_Ctrl	8	static
