../Hardware/Run/Run.c:32:9:GetRxFlag	4	static
../Hardware/Run/Run.c:76:6:Move_Line	32	static
../Hardware/Run/Run.c:113:6:Move_Left	32	static
../Hardware/Run/Run.c:152:6:Move_Back	32	static
../Hardware/Run/Run.c:190:6:Move_fanxuzhuan	32	static
../Hardware/Run/Run.c:266:6:Move_Right	32	static
../Hardware/Run/Run.c:323:6:Move_zhengxuzhuan	32	static
../Hardware/Run/Run.c:416:6:Drop_Location_jiang	40	static
../Hardware/Run/Run.c:428:6:Drop_Location_Sheng	40	static
../Hardware/Run/Run.c:443:6:motor_clear_all	8	static
../Hardware/Run/Run.c:453:6:Move_Val_Line	24	static
../Hardware/Run/Run.c:462:6:Move_Val_Back	24	static
../Hardware/Run/Run.c:471:6:Move_Val_Left	24	static
../Hardware/Run/Run.c:480:6:Move_Val_Right	24	static
../Hardware/Run/Run.c:490:6:Move_Stop	8	static
../Hardware/Run/Run.c:499:6:Move_GO	32	static
../Hardware/Run/Run.c:519:6:Move_TO_Saomaqu	16	static
../Hardware/Run/Run.c:528:6:Move_TO_yuanliaoqu	16	static
../Hardware/Run/Run.c:534:6:Move_TO_jianzhi1	24	static
../Hardware/Run/Run.c:554:6:Move_TO_zancunqu	24	static
../Hardware/Run/Run.c:578:6:Move_TO_jianzhi2	24	static
../Hardware/Run/Run.c:599:6:Move_TO_cujiagongqu	24	static
../Hardware/Run/Run.c:612:6:Move_TO_jianzhi3	24	static
../Hardware/Run/Run.c:636:6:Move_TO_fanyuanliaoqu	24	static
../Hardware/Run/Run.c:743:6:Move_Action_Nopid_Left_Ctrl	40	static
../Hardware/Run/Run.c:818:6:Move_Action_Nopid_Forward_Ctrl	40	static
../Hardware/Run/Run.c:895:6:Move_Action_Nopid_Right_Ctrl	24	static
../Hardware/Run/Run.c:950:6:Move_Tx_Pid_Ctrl	40	static
