../Hardware/Run/Run.c:34:9:GetRxFlag	4	static
../Hardware/Run/Run.c:77:6:Move_Line	32	static
../Hardware/Run/Run.c:97:6:Move_Left	32	static
../Hardware/Run/Run.c:118:6:Move_Back	32	static
../Hardware/Run/Run.c:139:6:Move_fanxuzhuan	32	static
../Hardware/Run/Run.c:199:6:Move_Right	40	static
../Hardware/Run/Run.c:217:6:Move_zhengxuzhuan	40	static
../Hardware/Run/Run.c:272:6:Drop_Location_jiang	40	static
../Hardware/Run/Run.c:283:6:Drop_Location_Sheng	40	static
../Hardware/Run/Run.c:297:6:motor_clear_all	8	static
../Hardware/Run/Run.c:306:6:Move_Val_Line	24	static
../Hardware/Run/Run.c:315:6:Move_Val_Back	24	static
../Hardware/Run/Run.c:324:6:Move_Val_Left	24	static
../Hardware/Run/Run.c:333:6:Move_Val_Right	24	static
../Hardware/Run/Run.c:343:6:Move_Stop	8	static
../Hardware/Run/Run.c:352:6:Move_GO	32	static
../Hardware/Run/Run.c:371:6:Move_TO_Saomaqu	16	static
../Hardware/Run/Run.c:379:6:Move_TO_yuanliaoqu	16	static
../Hardware/Run/Run.c:385:6:Move_TO_jianzhi1	24	static
../Hardware/Run/Run.c:399:6:Move_TO_zancunqu	16	static
../Hardware/Run/Run.c:407:6:Move_TO_jianzhi2	16	static
../Hardware/Run/Run.c:414:6:Move_TO_cujiagongqu	16	static
../Hardware/Run/Run.c:419:6:Move_TO_jianzhi3	16	static
../Hardware/Run/Run.c:426:6:Move_TO_fanyuanliaoqu	16	static
../Hardware/Run/Run.c:432:6:Move_Action_Left_Ctrl	8	static
../Hardware/Run/Run.c:450:6:Move_Action_Forward_Ctrl	8	static
../Hardware/Run/Run.c:468:6:Move_Action_Right_Ctrl	8	static
../Hardware/Run/Run.c:485:6:put_location	16	static
../Hardware/Run/Run.c:502:6:Move_Action_Nopid_Left_Ctrl	16	static
../Hardware/Run/Run.c:523:6:Move_Action_Nopid_Forward_Ctrl	16	static
../Hardware/Run/Run.c:547:6:Move_Action_Nopid_Right_Ctrl	16	static
../Hardware/Run/Run.c:572:6:Move_Tx_Pid_Ctrl	16	static
../Hardware/Run/Run.c:602:6:Move_Tx_NO_Pid_Ctrl	16	static
../Hardware/Run/Run.c:627:6:Move_Tx_Val_Ctrl	24	static
../Hardware/Run/Run.c:656:6:Move_Tx_Ctrl	8	static
