../Hardware/Run/Run.c:33:9:GetRxFlag	4	static
../Hardware/Run/Run.c:75:6:Tx_Move_Line	32	static
../Hardware/Run/Run.c:87:6:Tx_Move_Back	32	static
../Hardware/Run/Run.c:98:6:Tx_Move_Left	32	static
../Hardware/Run/Run.c:108:6:Tx_Move_Right	32	static
../Hardware/Run/Run.c:120:6:Move_Line	32	static
../Hardware/Run/Run.c:155:6:Move_Left	32	static
../Hardware/Run/Run.c:193:6:Move_Back	32	static
../Hardware/Run/Run.c:229:6:Move_fanxuzhuan	32	static
../Hardware/Run/Run.c:303:6:Move_Right	32	static
../Hardware/Run/Run.c:358:6:Move_zhengxuzhuan	32	static
../Hardware/Run/Run.c:449:6:Drop_Location_jiang	40	static
../Hardware/Run/Run.c:460:6:Drop_Location_Sheng	40	static
../Hardware/Run/Run.c:474:6:motor_clear_all	8	static
../Hardware/Run/Run.c:483:6:Move_Val_Line	24	static
../Hardware/Run/Run.c:491:6:Move_Val_Back	24	static
../Hardware/Run/Run.c:499:6:Move_Val_Left	24	static
../Hardware/Run/Run.c:507:6:Move_Val_Right	24	static
../Hardware/Run/Run.c:516:6:Move_Stop	8	static
../Hardware/Run/Run.c:524:6:Move_GO	32	static
../Hardware/Run/Run.c:543:6:Move_TO_Saomaqu	16	static
../Hardware/Run/Run.c:551:6:Move_TO_yuanliaoqu	16	static
../Hardware/Run/Run.c:557:6:Move_TO_jianzhi1	24	static
../Hardware/Run/Run.c:580:6:Move_TO_zancunqu	24	static
../Hardware/Run/Run.c:604:6:Move_TO_jianzhi2	24	static
../Hardware/Run/Run.c:626:6:Move_TO_cujiagongqu	24	static
../Hardware/Run/Run.c:640:6:Move_TO_jianzhi3	24	static
../Hardware/Run/Run.c:665:6:Move_TO_fanyuanliaoqu	24	static
../Hardware/Run/Run.c:772:6:Move_Action_Nopid_Left_Ctrl	40	static
../Hardware/Run/Run.c:842:6:Move_Action_Nopid_Forward_Ctrl	40	static
../Hardware/Run/Run.c:913:6:Move_Action_Nopid_Right_Ctrl	24	static
../Hardware/Run/Run.c:959:6:Move_Tx_Pid_Ctrl	40	static
