../Hardware/Run/Run.c:34:9:GetRxFlag	4	static
../Hardware/Run/Run.c:77:6:Move_Line	32	static
../Hardware/Run/Run.c:97:6:Move_Left	32	static
../Hardware/Run/Run.c:138:6:Move_Back	40	static
../Hardware/Run/Run.c:157:6:Move_Right	40	static
../Hardware/Run/Run.c:175:6:Move_zhengxuzhuan	40	static
../Hardware/Run/Run.c:193:6:Move_fanxuzhuan	40	static
../Hardware/Run/Run.c:230:6:Drop_Location_jiang	40	static
../Hardware/Run/Run.c:241:6:Drop_Location_Sheng	40	static
../Hardware/Run/Run.c:255:6:motor_clear_all	8	static
../Hardware/Run/Run.c:264:6:Move_Val_Line	24	static
../Hardware/Run/Run.c:273:6:Move_Val_Back	24	static
../Hardware/Run/Run.c:282:6:Move_Val_Left	24	static
../Hardware/Run/Run.c:291:6:Move_Val_Right	24	static
../Hardware/Run/Run.c:301:6:Move_Stop	8	static
../Hardware/Run/Run.c:310:6:Move_GO	32	static
../Hardware/Run/Run.c:329:6:Move_TO_Saomaqu	16	static
../Hardware/Run/Run.c:337:6:Move_TO_yuanliaoqu	16	static
../Hardware/Run/Run.c:343:6:Move_TO_jianzhi1	16	static
../Hardware/Run/Run.c:351:6:Move_TO_zancunqu	16	static
../Hardware/Run/Run.c:358:6:Move_TO_jianzhi2	16	static
../Hardware/Run/Run.c:365:6:Move_TO_cujiagongqu	16	static
../Hardware/Run/Run.c:370:6:Move_TO_jianzhi3	16	static
../Hardware/Run/Run.c:377:6:Move_TO_fanyuanliaoqu	16	static
../Hardware/Run/Run.c:383:6:Move_Action_Left_Ctrl	8	static
../Hardware/Run/Run.c:401:6:Move_Action_Forward_Ctrl	8	static
../Hardware/Run/Run.c:419:6:Move_Action_Right_Ctrl	8	static
../Hardware/Run/Run.c:436:6:put_location	16	static
../Hardware/Run/Run.c:453:6:Move_Action_Nopid_Left_Ctrl	16	static
../Hardware/Run/Run.c:474:6:Move_Action_Nopid_Forward_Ctrl	16	static
../Hardware/Run/Run.c:498:6:Move_Action_Nopid_Right_Ctrl	16	static
../Hardware/Run/Run.c:523:6:Move_Tx_Pid_Ctrl	16	static
../Hardware/Run/Run.c:553:6:Move_Tx_NO_Pid_Ctrl	16	static
../Hardware/Run/Run.c:578:6:Move_Tx_Val_Ctrl	24	static
../Hardware/Run/Run.c:607:6:Move_Tx_Ctrl	8	static
