../Hardware/Run/Run.c:30:9:GetRxFlag	4	static
../Hardware/Run/Run.c:74:6:Move_Line	32	static
../Hardware/Run/Run.c:95:6:Move_Left	32	static
../Hardware/Run/Run.c:117:6:Move_Back	32	static
../Hardware/Run/Run.c:139:6:Move_fanxuzhuan	32	static
../Hardware/Run/Run.c:199:6:Move_Right	32	static
../Hardware/Run/Run.c:239:6:Move_zhengxuzhuan	32	static
../Hardware/Run/Run.c:315:6:Drop_Location_jiang	40	static
../Hardware/Run/Run.c:327:6:Drop_Location_Sheng	40	static
../Hardware/Run/Run.c:342:6:motor_clear_all	8	static
../Hardware/Run/Run.c:352:6:Move_Val_Line	24	static
../Hardware/Run/Run.c:361:6:Move_Val_Back	24	static
../Hardware/Run/Run.c:370:6:Move_Val_Left	24	static
../Hardware/Run/Run.c:379:6:Move_Val_Right	24	static
../Hardware/Run/Run.c:389:6:Move_Stop	8	static
../Hardware/Run/Run.c:398:6:Move_GO	32	static
../Hardware/Run/Run.c:418:6:Move_TO_Saomaqu	16	static
../Hardware/Run/Run.c:427:6:Move_TO_yuanliaoqu	16	static
../Hardware/Run/Run.c:433:6:Move_TO_jianzhi1	24	static
../Hardware/Run/Run.c:448:6:Move_TO_zancunqu	24	static
../Hardware/Run/Run.c:462:6:Move_TO_jianzhi2	24	static
../Hardware/Run/Run.c:475:6:Move_TO_cujiagongqu	24	static
../Hardware/Run/Run.c:485:6:Move_TO_jianzhi3	24	static
../Hardware/Run/Run.c:502:6:Move_TO_fanyuanliaoqu	24	static
../Hardware/Run/Run.c:607:6:Move_Action_Nopid_Left_Ctrl	24	static
../Hardware/Run/Run.c:659:6:Move_Action_Nopid_Forward_Ctrl	24	static
../Hardware/Run/Run.c:710:6:Move_Action_Nopid_Right_Ctrl	24	static
../Hardware/Run/Run.c:764:6:Move_Tx_Pid_Ctrl	24	static
