../Hardware/Run/Run.c:30:9:GetRxFlag	4	static
../Hardware/Run/Run.c:73:6:Move_Line	32	static
../Hardware/Run/Run.c:93:6:Move_Left	32	static
../Hardware/Run/Run.c:114:6:Move_Back	32	static
../Hardware/Run/Run.c:135:6:Move_fanxuzhuan	32	static
../Hardware/Run/Run.c:194:6:Move_Right	32	static
../Hardware/Run/Run.c:233:6:Move_zhengxuzhuan	32	static
../Hardware/Run/Run.c:308:6:Drop_Location_jiang	40	static
../Hardware/Run/Run.c:319:6:Drop_Location_Sheng	40	static
../Hardware/Run/Run.c:333:6:motor_clear_all	8	static
../Hardware/Run/Run.c:342:6:Move_Val_Line	24	static
../Hardware/Run/Run.c:350:6:Move_Val_Back	24	static
../Hardware/Run/Run.c:358:6:Move_Val_Left	24	static
../Hardware/Run/Run.c:366:6:Move_Val_Right	24	static
../Hardware/Run/Run.c:375:6:Move_Stop	8	static
../Hardware/Run/Run.c:383:6:Move_GO	32	static
../Hardware/Run/Run.c:402:6:Move_TO_Saomaqu	16	static
../Hardware/Run/Run.c:410:6:Move_TO_yuanliaoqu	16	static
../Hardware/Run/Run.c:416:6:Move_TO_jianzhi1	24	static
../Hardware/Run/Run.c:429:6:Move_TO_zancunqu	24	static
../Hardware/Run/Run.c:441:6:Move_TO_jianzhi2	24	static
../Hardware/Run/Run.c:452:6:Move_TO_cujiagongqu	24	static
../Hardware/Run/Run.c:461:6:Move_TO_jianzhi3	24	static
../Hardware/Run/Run.c:476:6:Move_TO_fanyuanliaoqu	24	static
../Hardware/Run/Run.c:579:6:Move_Action_Nopid_Left_Ctrl	24	static
../Hardware/Run/Run.c:625:6:Move_Action_Nopid_Forward_Ctrl	24	static
../Hardware/Run/Run.c:672:6:Move_Action_Nopid_Right_Ctrl	24	static
../Hardware/Run/Run.c:721:6:Move_Tx_Pid_Ctrl	24	static
