../Hardware/SCSLib/SCS.c:22:9:getSCSErr	4	static
../Hardware/SCSLib/SCS.c:29:6:Host2SCS	24	static
../Hardware/SCSLib/SCS.c:45:5:SCS2Host	24	static
../Hardware/SCSLib/SCS.c:63:6:writeBuf	32	static
../Hardware/SCSLib/SCS.c:102:5:genWrite	24	static
../Hardware/SCSLib/SCS.c:112:5:regWrite	24	static
../Hardware/SCSLib/SCS.c:121:5:regAction	24	static
../Hardware/SCSLib/SCS.c:131:6:syncWrite	40	static
../Hardware/SCSLib/SCS.c:167:5:writeByte	24	static
../Hardware/SCSLib/SCS.c:175:5:writeWord	32	static
../Hardware/SCSLib/SCS.c:187:5:Read	40	static
../Hardware/SCSLib/SCS.c:229:5:readByte	24	static
../Hardware/SCSLib/SCS.c:244:5:readWord	24	static
../Hardware/SCSLib/SCS.c:257:5:Ping	32	static
../Hardware/SCSLib/SCS.c:291:5:checkHead	16	static
../Hardware/SCSLib/SCS.c:319:5:Ack	24	static
../Hardware/SCSLib/SCS.c:352:5:syncReadPacketTx	24	static
../Hardware/SCSLib/SCS.c:379:6:syncReadBegin	16	static
../Hardware/SCSLib/SCS.c:385:6:syncReadEnd	8	static
../Hardware/SCSLib/SCS.c:394:5:syncReadPacketRx	24	static
../Hardware/SCSLib/SCS.c:439:5:syncReadRxPacketToByte	4	static
../Hardware/SCSLib/SCS.c:448:5:syncReadRxPacketToWrod	24	static
