../Hardware/SCSLib/SMS_STS.c:16:5:getErr	4	static
../Hardware/SCSLib/SMS_STS.c:21:5:WritePosEx	32	static
../Hardware/SCSLib/SMS_STS.c:38:5:RegWritePosEx	32	static
../Hardware/SCSLib/SMS_STS.c:55:6:RegWriteAction	8	static
../Hardware/SCSLib/SMS_STS.c:60:6:SyncWritePosEx	264	static
../Hardware/SCSLib/SMS_STS.c:97:5:WheelMode	16	static
../Hardware/SCSLib/SMS_STS.c:102:5:WriteSpe	24	static
../Hardware/SCSLib/SMS_STS.c:119:5:EnableTorque	16	static
../Hardware/SCSLib/SMS_STS.c:124:5:unLockEprom	16	static
../Hardware/SCSLib/SMS_STS.c:129:5:LockEprom	16	static
../Hardware/SCSLib/SMS_STS.c:134:5:CalibrationOfs	16	static
../Hardware/SCSLib/SMS_STS.c:139:5:FeedBack	24	static
../Hardware/SCSLib/SMS_STS.c:151:5:ReadPos	24	static
../Hardware/SCSLib/SMS_STS.c:176:5:ReadSpeed	24	static
../Hardware/SCSLib/SMS_STS.c:202:5:ReadLoad	24	static
../Hardware/SCSLib/SMS_STS.c:227:5:ReadVoltage	24	static
../Hardware/SCSLib/SMS_STS.c:246:5:ReadTemper	24	static
../Hardware/SCSLib/SMS_STS.c:265:5:ReadMove	24	static
../Hardware/SCSLib/SMS_STS.c:284:5:ReadCurrent	24	static
