../Hardware/Arm/Arm.c:22:6:Move_Arm	32	static
../Hardware/Arm/Arm.c:43:6:QR	4	static
../Hardware/Arm/Arm.c:48:6:catch_Frist	16	static
../Hardware/Arm/Arm.c:77:6:catch_Second	16	static
../Hardware/Arm/Arm.c:110:6:Start	8	static
../Hardware/Arm/Arm.c:126:6:put	16	static
../Hardware/Arm/Arm.c:148:6:put_second	16	static
../Hardware/Arm/Arm.c:171:6:Realize_Stop	16	static
../Hardware/Arm/Arm.c:187:6:Frist_Grab_Wuliao	8	static
../Hardware/Arm/Arm.c:319:6:put_wuliao_to_circular_frist	16	static
../Hardware/Arm/Arm.c:346:6:put_wuliao_to_Car_frist	16	static
../Hardware/Arm/Arm.c:372:6:put_wuliao_to_circular_second	16	static
../Hardware/Arm/Arm.c:401:6:Second_Run_Frist_Grab_Wuliao	8	static
../Hardware/Arm/Arm.c:423:6:Second_Run_put_wuliao_to_Car_frist	16	static
../Hardware/Arm/Arm.c:449:6:Second_Run_put_wuliao_to_circular_frist	16	static
../Hardware/Arm/Arm.c:476:6:Second_Run_put_wuliao_to_circular_second	16	static
