../Hardware/Arm/Arm.c:23:6:Move_Arm	32	static
../Hardware/Arm/Arm.c:44:6:QR	4	static
../Hardware/Arm/Arm.c:49:6:catch_Frist	16	static
../Hardware/Arm/Arm.c:78:6:catch_Second	16	static
../Hardware/Arm/Arm.c:111:6:Start	16	static
../Hardware/Arm/Arm.c:138:6:put	16	static
../Hardware/Arm/Arm.c:160:6:put_second	16	static
../Hardware/Arm/Arm.c:183:6:Realize_Stop	16	static
../Hardware/Arm/Arm.c:202:6:Frist_Grab_Wuliao	8	static
../Hardware/Arm/Arm.c:743:6:Move_To_Position_Staging_Area	24	static
../Hardware/Arm/Arm.c:764:6:Move_To_Position_Rough_Processing_Area	24	static
../Hardware/Arm/Arm.c:786:6:Place_Material_On_Circular	16	static
../Hardware/Arm/Arm.c:844:6:Place_Material_On_Car	16	static
../Hardware/Arm/Arm.c:937:6:put_Material_to_circular_Staging_Area_frist	24	static
../Hardware/Arm/Arm.c:968:6:Grab_Material_to_Car_Staging_Area_frist	24	static
../Hardware/Arm/Arm.c:1002:6:put_Material_to_Circular_Rough_Processing_Area_frist	24	static
